Archive member included to satisfy reference by file (symbol)

app/libapp.a(main.c.obj)      (--whole-archive)
app/libapp.a(bme280.c.obj)    (--whole-archive)
app/libapp.a(ml_model.c.obj)  (--whole-archive)
app/libapp.a(esp32_comm.c.obj)
                              (--whole-archive)
zephyr/libzephyr.a(heap.c.obj)
                              (--whole-archive)
zephyr/libzephyr.a(cbprintf_packaged.c.obj)
                              (--whole-archive)
zephyr/libzephyr.a(printk.c.obj)
                              (--whole-archive)
zephyr/libzephyr.a(sem.c.obj)
                              (--whole-archive)
zephyr/libzephyr.a(thread_entry.c.obj)
                              (--whole-archive)
zephyr/libzephyr.a(cbprintf_complete.c.obj)
                              (--whole-archive)
zephyr/libzephyr.a(assert.c.obj)
                              (--whole-archive)
zephyr/libzephyr.a(mpsc_pbuf.c.obj)
                              (--whole-archive)
zephyr/libzephyr.a(reboot.c.obj)
                              (--whole-archive)
zephyr/libzephyr.a(dec.c.obj)
                              (--whole-archive)
zephyr/libzephyr.a(hex.c.obj)
                              (--whole-archive)
zephyr/libzephyr.a(rb.c.obj)  (--whole-archive)
zephyr/libzephyr.a(timeutil.c.obj)
                              (--whole-archive)
zephyr/libzephyr.a(bitarray.c.obj)
                              (--whole-archive)
zephyr/libzephyr.a(ring_buffer.c.obj)
                              (--whole-archive)
zephyr/libzephyr.a(configs.c.obj)
                              (--whole-archive)
zephyr/libzephyr.a(stm32cube_hal.c.obj)
                              (--whole-archive)
zephyr/libzephyr.a(soc_config.c.obj)
                              (--whole-archive)
zephyr/libzephyr.a(soc.c.obj)
                              (--whole-archive)
zephyr/libzephyr.a(log_core.c.obj)
                              (--whole-archive)
zephyr/libzephyr.a(log_mgmt.c.obj)
                              (--whole-archive)
zephyr/libzephyr.a(log_cache.c.obj)
                              (--whole-archive)
zephyr/libzephyr.a(log_msg.c.obj)
                              (--whole-archive)
zephyr/libzephyr.a(log_output.c.obj)
                              (--whole-archive)
zephyr/libzephyr.a(log_backend_uart.c.obj)
                              (--whole-archive)
zephyr/libzephyr.a(mem_attr.c.obj)
                              (--whole-archive)
zephyr/libzephyr.a(tracing_none.c.obj)
                              (--whole-archive)
zephyr/arch/common/libarch__common.a(sw_isr_common.c.obj)
                              (--whole-archive)
zephyr/arch/arch/arm/core/libarch__arm__core.a(fatal.c.obj)
                              (--whole-archive)
zephyr/arch/arch/arm/core/libarch__arm__core.a(nmi.c.obj)
                              (--whole-archive)
zephyr/arch/arch/arm/core/libarch__arm__core.a(nmi_on_reset.S.obj)
                              (--whole-archive)
zephyr/arch/arch/arm/core/cortex_m/libarch__arm__core__cortex_m.a(exc_exit.c.obj)
                              (--whole-archive)
zephyr/arch/arch/arm/core/cortex_m/libarch__arm__core__cortex_m.a(fault.c.obj)
                              (--whole-archive)
zephyr/arch/arch/arm/core/cortex_m/libarch__arm__core__cortex_m.a(fault_s.S.obj)
                              (--whole-archive)
zephyr/arch/arch/arm/core/cortex_m/libarch__arm__core__cortex_m.a(fpu.c.obj)
                              (--whole-archive)
zephyr/arch/arch/arm/core/cortex_m/libarch__arm__core__cortex_m.a(reset.S.obj)
                              (--whole-archive)
zephyr/arch/arch/arm/core/cortex_m/libarch__arm__core__cortex_m.a(scb.c.obj)
                              (--whole-archive)
zephyr/arch/arch/arm/core/cortex_m/libarch__arm__core__cortex_m.a(thread_abort.c.obj)
                              (--whole-archive)
zephyr/arch/arch/arm/core/cortex_m/libarch__arm__core__cortex_m.a(vector_table.S.obj)
                              (--whole-archive)
zephyr/arch/arch/arm/core/cortex_m/libarch__arm__core__cortex_m.a(swap_helper.S.obj)
                              (--whole-archive)
zephyr/arch/arch/arm/core/cortex_m/libarch__arm__core__cortex_m.a(irq_manage.c.obj)
                              (--whole-archive)
zephyr/arch/arch/arm/core/cortex_m/libarch__arm__core__cortex_m.a(prep_c.c.obj)
                              (--whole-archive)
zephyr/arch/arch/arm/core/cortex_m/libarch__arm__core__cortex_m.a(thread.c.obj)
                              (--whole-archive)
zephyr/arch/arch/arm/core/cortex_m/libarch__arm__core__cortex_m.a(cpu_idle.c.obj)
                              (--whole-archive)
zephyr/arch/arch/arm/core/cortex_m/libarch__arm__core__cortex_m.a(irq_init.c.obj)
                              (--whole-archive)
zephyr/arch/arch/arm/core/cortex_m/libarch__arm__core__cortex_m.a(isr_wrapper.c.obj)
                              (--whole-archive)
zephyr/arch/arch/arm/core/mpu/libarch__arm__core__mpu.a(arm_core_mpu.c.obj)
[...]
Memory Configuration

Name             Origin             Length             Attributes
FLASH            0x08000000         0x00080000         xr
RAM              0x20000000         0x00020000         xw
BACKUP_SRAM      0x40024000         0x00001000         rw
IDT_LIST         0xffff7fff         0x00008000         xw
*default*        0x00000000         0xffffffff

Linker script and memory map

LOAD zephyr/CMakeFiles/zephyr_pre0.dir/misc/empty_file.c.obj
LOAD zephyr/CMakeFiles/offsets.dir/./arch/arm/core/offsets/offsets.c.obj
LOAD app/libapp.a
LOAD zephyr/libzephyr.a
LOAD zephyr/arch/common/libarch__common.a
LOAD zephyr/arch/arch/arm/core/libarch__arm__core.a
LOAD zephyr/arch/arch/arm/core/cortex_m/libarch__arm__core__cortex_m.a
LOAD zephyr/arch/arch/arm/core/mpu/libarch__arm__core__mpu.a
LOAD zephyr/lib/libc/picolibc/liblib__libc__picolibc.a
LOAD zephyr/lib/libc/common/liblib__libc__common.a
LOAD zephyr/drivers/interrupt_controller/libdrivers__interrupt_controller.a
LOAD zephyr/drivers/clock_control/libdrivers__clock_control.a
LOAD zephyr/drivers/console/libdrivers__console.a
LOAD zephyr/drivers/gpio/libdrivers__gpio.a
LOAD zephyr/drivers/i2c/libdrivers__i2c.a
LOAD zephyr/drivers/pinctrl/libdrivers__pinctrl.a
LOAD zephyr/drivers/reset/libdrivers__reset.a
LOAD zephyr/drivers/serial/libdrivers__serial.a
LOAD zephyr/drivers/timer/libdrivers__timer.a
LOAD modules/hal_stm32/stm32cube/lib..__modules__hal__stm32__stm32cube.a
LOAD zephyr/kernel/libkernel.a
LOAD zephyr/arch/common/libisr_tables.a
LOAD C:/Users/lucab/OneDrive/Desktop/Ingegneria/Magistrale/Weather_Prediction/build/modules/picolibc/libc.a
LOAD c:/program files (x86)/gnu arm embedded toolchain/10 2021.10/bin/../lib/gcc/arm-none-eabi/10.3.1/thumb/v7e-m/nofp\libgcc.a
                0x00000020                _region_min_align = 0x20

.rel.plt        0x08000000        0x0
 *(SORT_BY_ALIGNMENT(.rel.plt))
                [!provide]                PROVIDE (__rel_iplt_start = .)
 *(SORT_BY_ALIGNMENT(.rel.iplt))
 .rel.iplt      0x08000000        0x0 app/libapp.a(main.c.obj)
                [!provide]                PROVIDE (__rel_iplt_end = .)

.rela.plt       0x00000000        0x0
 *(SORT_BY_ALIGNMENT(.rela.plt))
                [!provide]                PROVIDE (__rela_iplt_start = .)
 *(SORT_BY_ALIGNMENT(.rela.iplt))
                [!provide]                PROVIDE (__rela_iplt_end = .)

.rel.dyn
 *(SORT_BY_ALIGNMENT(.rel.*))

.rela.dyn
 *(SORT_BY_ALIGNMENT(.rela.*))

/DISCARD/
 *(SORT_BY_ALIGNMENT(.plt))

/DISCARD/
 *(SORT_BY_ALIGNMENT(.iplt))
                0x08000000                __rom_region_start = 0x8000000

rom_start       0x08000000      0x1c4
                0x08000000                __rom_start_address = .
 FILL mask 0x00
                0x08000000                . = (. + (0x0 - (. - __rom_start_address)))
                0x08000000                . = ALIGN (0x4)
                0x08000000                . = ALIGN (0x80)
                0x08000000                . = ALIGN (0x200)
                0x08000000                _vector_start = .
 *(SORT_BY_ALIGNMENT(.exc_vector_table))
 *(SORT_BY_ALIGNMENT(.exc_vector_table.*))
 .exc_vector_table._vector_table_section
                0x08000000       0x40 zephyr/arch/arch/arm/core/cortex_m/libarch__arm__core__cortex_m.a(vector_table.S.obj)
                0x08000000                _vector_table
 *(SORT_BY_ALIGNMENT(.vectors))
                0x080001c4                _vector_end = .
                0x08000040                . = ALIGN (0x4)
 *(SORT_BY_ALIGNMENT(.gnu.linkonce.irq_vector_table*))
 .gnu.linkonce.irq_vector_table
                0x08000040      0x184 zephyr/arch/common/libisr_tables.a(isr_tables.c.obj)
                0x08000040                _irq_vector_table
                0x080001c4                _vector_end = .

text            0x080001c4     0x6320
                0x080001c4                __text_region_start = .
 *(SORT_BY_ALIGNMENT(.text))
 .text          0x080001c4       0x30 c:/program files (x86)/gnu arm embedded toolchain/10 2021.10/bin/../lib/gcc/arm-none-eabi/10.3.1/thumb/v7e-m/nofp\libgcc.a(_aeabi_uldivmod.o)
                0x080001c4                __aeabi_uldivmod
 .text          0x080001f4      0x2d0 c:/program files (x86)/gnu arm embedded toolchain/10 2021.10/bin/../lib/gcc/arm-none-eabi/10.3.1/thumb/v7e-m/nofp\libgcc.a(_udivmoddi4.o)
                0x080001f4                __udivmoddi4
 .text          0x080004c4        0x4 c:/program files (x86)/gnu arm embedded toolchain/10 2021.10/bin/../lib/gcc/arm-none-eabi/10.3.1/thumb/v7e-m/nofp\libgcc.a(_dvmd_tls.o)
                0x080004c4                __aeabi_idiv0
                0x080004c4                __aeabi_ldiv0
 .text          0x080004c8       0x10 C:/Users/lucab/OneDrive/Desktop/Ingegneria/Magistrale/Weather_Prediction/build/modules/picolibc/libc.a(strlen.S.obj)
                0x080004c8                strlen
 *(SORT_BY_ALIGNMENT(.text.*))
 .text.main     0x080004d8       0x18 app/libapp.a(main.c.obj)
                0x080004d8                main
 .text.cbvprintf_package
                0x080004f0      0x34c zephyr/libzephyr.a(cbprintf_packaged.c.obj)
                0x080004f0                cbvprintf_package
 .text.cbprintf_package_convert
                0x0800083c      0x3d0 zephyr/libzephyr.a(cbprintf_packaged.c.obj)
                0x0800083c                cbprintf_package_convert
 .text.__printk_hook_install
                0x08000c0c        0xc zephyr/libzephyr.a(printk.c.obj)
                0x08000c0c                __printk_hook_install
 .text.st_stm32_common_config
                0x08000c18       0x14 zephyr/libzephyr.a(soc_config.c.obj)
 .text.soc_early_init_hook
                0x08000c2c       0x30 zephyr/libzephyr.a(soc.c.obj)
                0x08000c2c                soc_early_init_hook
 .text.activate_foreach_backend
                0x08000c5c       0x64 zephyr/libzephyr.a(log_core.c.obj)
 .text.enable_logger
                0x08000cc0       0x5c zephyr/libzephyr.a(log_core.c.obj)
 .text.log_process_thread_timer_expiry_fn
                0x08000d1c        0xc zephyr/libzephyr.a(log_core.c.obj)
 .text.z_log_init
                0x08000d28       0x94 zephyr/libzephyr.a(log_core.c.obj)
 .text.log_format_func_t_get
                0x08000dbc        0xc zephyr/libzephyr.a(log_core.c.obj)
                0x08000dbc                log_format_func_t_get
 .text.log_set_timestamp_func
                0x08000dc8       0x20 zephyr/libzephyr.a(log_core.c.obj)
                0x08000dc8                log_set_timestamp_func
 .text.z_log_notify_backend_enabled
                0x08000de8       0x1c zephyr/libzephyr.a(log_core.c.obj)
                0x08000de8                z_log_notify_backend_enabled
 .text.z_log_dropped
                0x08000e04       0x44 zephyr/libzephyr.a(log_core.c.obj)
                0x08000e04                z_log_dropped
 .text.z_log_dropped_read_and_clear
                0x08000e48       0x20 zephyr/libzephyr.a(log_core.c.obj)
                0x08000e48                z_log_dropped_read_and_clear
 .text.dropped_notify
                0x08000e68       0x30 zephyr/libzephyr.a(log_core.c.obj)
                0x08000e68                dropped_notify
 .text.z_log_msg_init
                0x08000e98       0x20 zephyr/libzephyr.a(log_core.c.obj)
                0x08000e98                z_log_msg_init
 .text.log_core_init
                0x08000eb8       0x50 zephyr/libzephyr.a(log_core.c.obj)
                0x08000eb8                log_core_init
 .text.z_log_msg_alloc
                0x08000f08       0x10 zephyr/libzephyr.a(log_core.c.obj)
                0x08000f08                z_log_msg_alloc
 .text.z_log_msg_local_claim
                0x08000f18        0xc zephyr/libzephyr.a(log_core.c.obj)
                0x08000f18                z_log_msg_local_claim
 .text.z_log_msg_free
                0x08000f24       0x10 zephyr/libzephyr.a(log_core.c.obj)
                0x08000f24                z_log_msg_free
 .text.z_log_msg_pending
                0x08000f34        0xc zephyr/libzephyr.a(log_core.c.obj)
                0x08000f34                z_log_msg_pending
 .text.z_impl_log_process
                0x08000f40       0xb4 zephyr/libzephyr.a(log_core.c.obj)
                0x08000f40                z_impl_log_process
 .text.z_impl_log_panic
                0x08000ff4       0x44 zephyr/libzephyr.a(log_core.c.obj)
                0x08000ff4                z_impl_log_panic
 .text.log_process_thread_func
                0x08001038       0x9c zephyr/libzephyr.a(log_core.c.obj)
 .text.z_log_msg_post_finalize
                0x080010d4       0x74 zephyr/libzephyr.a(log_core.c.obj)
 .text.z_log_msg_commit
                0x08001148       0x24 zephyr/libzephyr.a(log_core.c.obj)
                0x08001148                z_log_msg_commit
 .text.log_source_name_get
                0x0800116c       0x1c zephyr/libzephyr.a(log_mgmt.c.obj)
                0x0800116c                log_source_name_get
 .text.z_impl_z_log_msg_static_create
                0x08001188       0xfc zephyr/libzephyr.a(log_msg.c.obj)
                0x08001188                z_impl_z_log_msg_static_create
 .text.z_log_msg_runtime_vcreate
                0x08001284       0xb4 zephyr/libzephyr.a(log_msg.c.obj)
                0x08001284                z_log_msg_runtime_vcreate
 .text.log_msg_get_source_id
                0x08001338       0x18 zephyr/libzephyr.a(log_msg.c.obj)
                0x08001338                log_msg_get_source_id
 .text.print_formatted
                0x08001350       0x24 zephyr/libzephyr.a(log_output.c.obj)
 .text.log_output_process
                0x08001374      0x2b4 zephyr/libzephyr.a(log_output.c.obj)
                0x08001374                log_output_process
 .text.log_output_dropped_process
                0x08001628       0x58 zephyr/libzephyr.a(log_output.c.obj)
                0x08001628                log_output_dropped_process
 .text.log_output_timestamp_freq_set
                0x08001680       0x30 zephyr/libzephyr.a(log_output.c.obj)
                0x08001680                log_output_timestamp_freq_set
 .text.char_out
                0x080016b0       0x24 zephyr/libzephyr.a(log_backend_uart.c.obj)
 .text.mem_attr_get_regions
                0x080016d4        0xc zephyr/libzephyr.a(mem_attr.c.obj)
                0x080016d4                mem_attr_get_regions
 .text.z_arm_fatal_error
                0x080016e0       0xb8 zephyr/arch/arch/arm/core/libarch__arm__core.a(fatal.c.obj)
                0x080016e0                z_arm_fatal_error
 .text.z_arm_nmi
                0x08001798       0x14 zephyr/arch/arch/arm/core/libarch__arm__core.a(nmi.c.obj)
                0x08001798                z_arm_nmi
 .text.z_SysNmiOnReset
                0x080017ac        0x8 zephyr/arch/arch/arm/core/libarch__arm__core.a(nmi_on_reset.S.obj)
                0x080017ac                z_SysNmiOnReset
 .text._HandlerModeExit
                0x080017b4       0x20 zephyr/arch/arch/arm/core/cortex_m/libarch__arm__core__cortex_m.a(exc_exit.c.obj)
                0x080017b4                z_arm_int_exit
                0x080017b4                z_arm_exc_exit
 .text.bus_fault.constprop.0
                0x080017d4       0xd4 zephyr/arch/arch/arm/core/cortex_m/libarch__arm__core__cortex_m.a(fault.c.obj)
 .text.usage_fault.constprop.0
                0x080018a8       0xa8 zephyr/arch/arch/arm/core/cortex_m/libarch__arm__core__cortex_m.a(fault.c.obj)
 .text.mem_manage_fault
                0x08001950      0x104 zephyr/arch/arch/arm/core/cortex_m/libarch__arm__core__cortex_m.a(fault.c.obj)
 .text.z_arm_fault
                0x08001a54      0x1f4 zephyr/arch/arch/arm/core/cortex_m/libarch__arm__core__cortex_m.a(fault.c.obj)
                0x08001a54                z_arm_fault
 .text.z_arm_fault_init
                0x08001c48       0x18 zephyr/arch/arch/arm/core/cortex_m/libarch__arm__core__cortex_m.a(fault.c.obj)
                0x08001c48                z_arm_fault_init
 .text.__fault  0x08001c60       0x14 zephyr/arch/arch/arm/core/cortex_m/libarch__arm__core__cortex_m.a(fault_s.S.obj)
                0x08001c60                z_arm_usage_fault
                0x08001c60                z_arm_mpu_fault
                0x08001c60                z_arm_exc_spurious
                0x08001c60                z_arm_debug_monitor
                0x08001c60                z_arm_hard_fault
                0x08001c60                z_arm_bus_fault
 .text._reset_section
                0x08001c74       0x34 zephyr/arch/arch/arm/core/cortex_m/libarch__arm__core__cortex_m.a(reset.S.obj)
                0x08001c74                __start
                0x08001c74                z_arm_reset
 .text.z_impl_k_thread_abort
                0x08001ca8       0x2c zephyr/arch/arch/arm/core/cortex_m/libarch__arm__core__cortex_m.a(thread_abort.c.obj)
                0x08001ca8                z_impl_k_thread_abort
 .text.z_arm_pendsv
                0x08001cd4       0x54 zephyr/arch/arch/arm/core/cortex_m/libarch__arm__core__cortex_m.a(swap_helper.S.obj)
                0x08001cd4                z_arm_pendsv
 .text.z_arm_svc
                0x08001d28       0x24 zephyr/arch/arch/arm/core/cortex_m/libarch__arm__core__cortex_m.a(swap_helper.S.obj)
                0x08001d28                z_arm_svc
 .text.arm_irq_enable
                0x08001d4c       0x20 zephyr/arch/arch/arm/core/cortex_m/libarch__arm__core__cortex_m.a(irq_manage.c.obj)
                0x08001d4c                arm_irq_enable
 .text.arm_irq_priority_set
                0x08001d6c       0x30 zephyr/arch/arch/arm/core/cortex_m/libarch__arm__core__cortex_m.a(irq_manage.c.obj)
                0x08001d6c                arm_irq_priority_set
 .text.z_prep_c
                0x08001d9c       0x48 zephyr/arch/arch/arm/core/cortex_m/libarch__arm__core__cortex_m.a(prep_c.c.obj)
                0x08001d9c                z_prep_c
 .text.arch_new_thread
                0x08001de4       0x38 zephyr/arch/arch/arm/core/cortex_m/libarch__arm__core__cortex_m.a(thread.c.obj)
                0x08001de4                arch_new_thread
 .text.z_check_thread_stack_fail
                0x08001e1c       0x2c zephyr/arch/arch/arm/core/cortex_m/libarch__arm__core__cortex_m.a(thread.c.obj)
                0x08001e1c                z_check_thread_stack_fail
 .text.arch_switch_to_main_thread
                0x08001e48       0x34 zephyr/arch/arch/arm/core/cortex_m/libarch__arm__core__cortex_m.a(thread.c.obj)
                0x08001e48                arch_switch_to_main_thread
 .text.z_arm_cpu_idle_init
                0x08001e7c        0xc zephyr/arch/arch/arm/core/cortex_m/libarch__arm__core__cortex_m.a(cpu_idle.c.obj)
                0x08001e7c                z_arm_cpu_idle_init
 .text.z_arm_interrupt_init
                0x08001e88       0x18 zephyr/arch/arch/arm/core/cortex_m/libarch__arm__core__cortex_m.a(irq_init.c.obj)
                0x08001e88                z_arm_interrupt_init
 .text._isr_wrapper
                0x08001ea0       0x24 zephyr/arch/arch/arm/core/cortex_m/libarch__arm__core__cortex_m.a(isr_wrapper.c.obj)
                0x08001ea0                _isr_wrapper
 .text.z_arm_configure_static_mpu_regions
                0x08001ec4       0x18 zephyr/arch/arch/arm/core/mpu/libarch__arm__core__mpu.a(arm_core_mpu.c.obj)
                0x08001ec4                z_arm_configure_static_mpu_regions
 .text.z_arm_configure_dynamic_mpu_regions
                0x08001edc       0x20 zephyr/arch/arch/arm/core/mpu/libarch__arm__core__mpu.a(arm_core_mpu.c.obj)
                0x08001edc                z_arm_configure_dynamic_mpu_regions
 .text.region_allocate_and_init
                0x08001efc       0x54 zephyr/arch/arch/arm/core/mpu/libarch__arm__core__mpu.a(arm_mpu.c.obj)
 .text.mpu_configure_regions
                0x08001f50       0x70 zephyr/arch/arch/arm/core/mpu/libarch__arm__core__mpu.a(arm_mpu.c.obj)
 .text.arm_core_mpu_enable
                0x08001fc0       0x18 zephyr/arch/arch/arm/core/mpu/libarch__arm__core__mpu.a(arm_mpu.c.obj)
                0x08001fc0                arm_core_mpu_enable
 .text.arm_core_mpu_disable
                0x08001fd8       0x14 zephyr/arch/arch/arm/core/mpu/libarch__arm__core__mpu.a(arm_mpu.c.obj)
                0x08001fd8                arm_core_mpu_disable
 .text.arm_core_mpu_configure_static_mpu_regions
                0x08001fec       0x14 zephyr/arch/arch/arm/core/mpu/libarch__arm__core__mpu.a(arm_mpu.c.obj)
                0x08001fec                arm_core_mpu_configure_static_mpu_regions
 .text.arm_core_mpu_configure_dynamic_mpu_regions
                0x08002000       0x38 zephyr/arch/arch/arm/core/mpu/libarch__arm__core__mpu.a(arm_mpu.c.obj)
                0x08002000                arm_core_mpu_configure_dynamic_mpu_regions
 .text.z_arm_mpu_init
                0x08002038      0x180 zephyr/arch/arch/arm/core/mpu/libarch__arm__core__mpu.a(arm_mpu.c.obj)
                0x08002038                z_arm_mpu_init
 .text.cbvprintf
                0x080021b8       0x38 zephyr/lib/libc/picolibc/liblib__libc__picolibc.a(cbprintf.c.obj)
                0x080021b8                cbvprintf
 .text.z_impl_zephyr_fputc
                0x080021f0       0x10 zephyr/lib/libc/picolibc/liblib__libc__picolibc.a(stdio.c.obj)
                0x080021f0                z_impl_zephyr_fputc
 .text.__stdout_hook_install
                0x08002200       0x18 zephyr/lib/libc/picolibc/liblib__libc__picolibc.a(stdio.c.obj)
                0x08002200                __stdout_hook_install
 .text.malloc_prepare
                0x08002218       0x24 zephyr/lib/libc/common/liblib__libc__common.a(malloc.c.obj)
 .text.stm32_exti_isr
                0x0800223c       0x50 zephyr/drivers/interrupt_controller/libdrivers__interrupt_controller.a(intc_exti_stm32.c.obj)
 .text.stm32_fill_irq_table
                0x0800228c       0x18 zephyr/drivers/interrupt_controller/libdrivers__interrupt_controller.a(intc_exti_stm32.c.obj)
 .text.stm32_exti_init
                0x080022a4       0xb4 zephyr/drivers/interrupt_controller/libdrivers__interrupt_controller.a(intc_exti_stm32.c.obj)
 .text.stm32_gpio_intc_enable_line
                0x08002358       0x2c zephyr/drivers/interrupt_controller/libdrivers__interrupt_controller.a(intc_exti_stm32.c.obj)
                0x08002358                stm32_gpio_intc_enable_line
 .text.stm32_gpio_intc_disable_line
                0x08002384       0x10 zephyr/drivers/interrupt_controller/libdrivers__interrupt_controller.a(intc_exti_stm32.c.obj)
                0x08002384                stm32_gpio_intc_disable_line
 .text.stm32_gpio_intc_select_line_trigger
                0x08002394       0x4c zephyr/drivers/interrupt_controller/libdrivers__interrupt_controller.a(intc_exti_stm32.c.obj)
                0x08002394                stm32_gpio_intc_select_line_trigger
 .text.stm32_gpio_intc_set_irq_callback
                0x080023e0       0x44 zephyr/drivers/interrupt_controller/libdrivers__interrupt_controller.a(intc_exti_stm32.c.obj)
                0x080023e0                stm32_gpio_intc_set_irq_callback
 .text.stm32_gpio_intc_remove_irq_callback
                0x08002424       0x24 zephyr/drivers/interrupt_controller/libdrivers__interrupt_controller.a(intc_exti_stm32.c.obj)
                0x08002424                stm32_gpio_intc_remove_irq_callback
 .text.stm32_exti_get_line_src_port
                0x08002448       0x30 zephyr/drivers/interrupt_controller/libdrivers__interrupt_controller.a(intc_exti_stm32.c.obj)
                0x08002448                stm32_exti_get_line_src_port
 .text.stm32_clock_control_get_subsys_rate
                0x08002478       0xb4 zephyr/drivers/clock_control/libdrivers__clock_control.a(clock_stm32_ll_common.c.obj)
 .text.enabled_clock
                0x0800252c       0x18 zephyr/drivers/clock_control/libdrivers__clock_control.a(clock_stm32_ll_common.c.obj)
                0x0800252c                enabled_clock
 .text.stm32_clock_control_init
                0x08002544      0x124 zephyr/drivers/clock_control/libdrivers__clock_control.a(clock_stm32_ll_common.c.obj)
                0x08002544                stm32_clock_control_init
 .text.get_pllsrc_frequency
                0x08002668        0x8 zephyr/drivers/clock_control/libdrivers__clock_control.a(clock_stm32f2_f4_f7.c.obj)
                0x08002668                get_pllsrc_frequency
 .text.config_pll_sysclock
                0x08002670       0x48 zephyr/drivers/clock_control/libdrivers__clock_control.a(clock_stm32f2_f4_f7.c.obj)
                0x08002670                config_pll_sysclock
 .text.config_enable_default_clocks
                0x080026b8       0x20 zephyr/drivers/clock_control/libdrivers__clock_control.a(clock_stm32f2_f4_f7.c.obj)
                0x080026b8                config_enable_default_clocks
 .text.uart_console_init
                0x080026d8       0x28 zephyr/drivers/console/libdrivers__console.a(uart_console.c.obj)
 .text.console_out
                0x08002700       0x28 zephyr/drivers/console/libdrivers__console.a(uart_console.c.obj)
 .text.gpio_stm32_pin_interrupt_configure
                0x08002728       0xb4 zephyr/drivers/gpio/libdrivers__gpio.a(gpio_stm32.c.obj)
 .text.gpio_stm32_init
                0x080027dc       0x38 zephyr/drivers/gpio/libdrivers__gpio.a(gpio_stm32.c.obj)
 .text.stm32_i2c_configure_timing
                0x08002814       0xb8 zephyr/drivers/i2c/libdrivers__i2c.a(i2c_ll_stm32_v1.c.obj)
                0x08002814                stm32_i2c_configure_timing
 .text.i2c_stm32_get_config.part.0
                0x080028cc       0x1c zephyr/drivers/i2c/libdrivers__i2c.a(i2c_ll_stm32.c.obj)
 .text.i2c_stm32_set_smbus_mode
                0x080028e8       0x54 zephyr/drivers/i2c/libdrivers__i2c.a(i2c_ll_stm32.c.obj)
                0x080028e8                i2c_stm32_set_smbus_mode
 .text.i2c_stm32_runtime_configure
                0x0800293c       0x88 zephyr/drivers/i2c/libdrivers__i2c.a(i2c_ll_stm32.c.obj)
                0x0800293c                i2c_stm32_runtime_configure
 .text.i2c_stm32_init
                0x080029c4      0x13c zephyr/drivers/i2c/libdrivers__i2c.a(i2c_ll_stm32.c.obj)
 .text.pinctrl_configure_pins
                0x08002b00       0x84 zephyr/drivers/pinctrl/libdrivers__pinctrl.a(pinctrl_stm32.c.obj)
                0x08002b00                pinctrl_configure_pins
 .text.uart_stm32_irq_err_enable
                0x08002b84       0x70 zephyr/drivers/serial/libdrivers__serial.a(uart_stm32.c.obj)
 .text.uart_stm32_irq_err_disable
                0x08002bf4       0x70 zephyr/drivers/serial/libdrivers__serial.a(uart_stm32.c.obj)
 .text.uart_stm32_set_baudrate.part.0
                0x08002c64       0x14 zephyr/drivers/serial/libdrivers__serial.a(uart_stm32.c.obj)
 .text.uart_stm32_parameters_set
                0x08002c78      0x104 zephyr/drivers/serial/libdrivers__serial.a(uart_stm32.c.obj)
 .text.uart_stm32_init
                0x08002d7c       0xec zephyr/drivers/serial/libdrivers__serial.a(uart_stm32.c.obj)
 .text.uart_stm32_configure
                0x08002e68      0x104 zephyr/drivers/serial/libdrivers__serial.a(uart_stm32.c.obj)
 .text.elapsed  0x08002f6c       0x44 zephyr/drivers/timer/libdrivers__timer.a(cortex_m_systick.c.obj)
 .text.sys_clock_driver_init
                0x08002fb0       0x38 zephyr/drivers/timer/libdrivers__timer.a(cortex_m_systick.c.obj)
 .text.sys_clock_isr
                0x08002fe8       0x60 zephyr/drivers/timer/libdrivers__timer.a(cortex_m_systick.c.obj)
                0x08002fe8                sys_clock_isr
 .text.sys_clock_set_timeout
                0x08003048       0xfc zephyr/drivers/timer/libdrivers__timer.a(cortex_m_systick.c.obj)
                0x08003048                sys_clock_set_timeout
 .text.sys_clock_elapsed
                0x08003144       0x3c zephyr/drivers/timer/libdrivers__timer.a(cortex_m_systick.c.obj)
                0x08003144                sys_clock_elapsed
 .text.HAL_RCC_GetSysClockFreq
                0x08003180       0x90 modules/hal_stm32/stm32cube/lib..__modules__hal__stm32__stm32cube.a(stm32f4xx_hal_rcc_ex.c.obj)
                0x08003180                HAL_RCC_GetSysClockFreq
 .text.LL_SetFlashLatency
                0x08003210      0x128 modules/hal_stm32/stm32cube/lib..__modules__hal__stm32__stm32cube.a(stm32f4xx_ll_utils.c.obj)
                0x08003210                LL_SetFlashLatency
 .text.k_sys_fatal_error_handler
                0x08003338       0x20 zephyr/kernel/libkernel.a(fatal.c.obj)
                0x08003338                k_sys_fatal_error_handler
 .text.z_fatal_error
                0x08003358       0xe8 zephyr/kernel/libkernel.a(fatal.c.obj)
                0x08003358                z_fatal_error
 .text.z_sys_init_run_level
                0x08003440       0x30 zephyr/kernel/libkernel.a(init.c.obj)
 .text.bg_thread_main
                0x08003470       0xc4 zephyr/kernel/libkernel.a(init.c.obj)
 .text.z_bss_zero
                0x08003534       0x18 zephyr/kernel/libkernel.a(init.c.obj)
                0x08003534                z_bss_zero
 .text.z_init_cpu
                0x0800354c       0x70 zephyr/kernel/libkernel.a(init.c.obj)
                0x0800354c                z_init_cpu
 .text.z_cstart
                0x080035bc       0xd4 zephyr/kernel/libkernel.a(init.c.obj)
                0x080035bc                z_cstart
 .text.z_impl_k_sem_give
                0x08003690       0x68 zephyr/kernel/libkernel.a(sem.c.obj)
                0x08003690                z_impl_k_sem_give
 .text.z_impl_k_sem_take
                0x080036f8       0x4c zephyr/kernel/libkernel.a(sem.c.obj)
                0x080036f8                z_impl_k_sem_take
 .text.z_impl_k_sem_reset
                0x08003744       0x74 zephyr/kernel/libkernel.a(sem.c.obj)
                0x08003744                z_impl_k_sem_reset
 .text.z_setup_new_thread
                0x080037b8       0x7c zephyr/kernel/libkernel.a(thread.c.obj)
                0x080037b8                z_setup_new_thread
 .text.z_impl_k_thread_create
                0x08003834       0x58 zephyr/kernel/libkernel.a(thread.c.obj)
                0x08003834                z_impl_k_thread_create
 .text.z_dummy_thread_init
                0x0800388c       0x18 zephyr/kernel/libkernel.a(thread.c.obj)
                0x0800388c                z_dummy_thread_init
 .text.z_swap_irqlock
                0x080038a4       0x30 zephyr/kernel/libkernel.a(sched.c.obj)
 .text.ready_thread
                0x080038d4       0x8c zephyr/kernel/libkernel.a(sched.c.obj)
 .text.unready_thread
                0x08003960       0x54 zephyr/kernel/libkernel.a(sched.c.obj)
 .text.move_thread_to_end_of_prio_q
                0x080039b4       0x98 zephyr/kernel/libkernel.a(sched.c.obj)
                0x080039b4                move_thread_to_end_of_prio_q
 .text.z_pend_curr
                0x08003a4c       0x58 zephyr/kernel/libkernel.a(sched.c.obj)
                0x08003a4c                z_pend_curr
 .text.z_reschedule
                0x08003aa4       0x24 zephyr/kernel/libkernel.a(sched.c.obj)
                0x08003aa4                z_reschedule
 .text.z_reschedule_irqlock
                0x08003ac8       0x28 zephyr/kernel/libkernel.a(sched.c.obj)
                0x08003ac8                z_reschedule_irqlock
 .text.k_sched_lock
                0x08003af0       0x28 zephyr/kernel/libkernel.a(sched.c.obj)
                0x08003af0                k_sched_lock
 .text.k_sched_unlock
                0x08003b18       0x6c zephyr/kernel/libkernel.a(sched.c.obj)
                0x08003b18                k_sched_unlock
 .text.z_sched_init
                0x08003b84       0x10 zephyr/kernel/libkernel.a(sched.c.obj)
                0x08003b84                z_sched_init
 .text.z_impl_k_yield
                0x08003b94       0x88 zephyr/kernel/libkernel.a(sched.c.obj)
                0x08003b94                z_impl_k_yield
 .text.z_tick_sleep
                0x08003c1c       0x84 zephyr/kernel/libkernel.a(sched.c.obj)
 .text.z_impl_k_wakeup
                0x08003ca0       0x48 zephyr/kernel/libkernel.a(sched.c.obj)
                0x08003ca0                z_impl_k_wakeup
 .text.z_impl_k_sched_current_thread_query
                0x08003ce8        0xc zephyr/kernel/libkernel.a(sched.c.obj)
                0x08003ce8                z_impl_k_sched_current_thread_query
 .text.z_thread_abort
                0x08003cf4      0x138 zephyr/kernel/libkernel.a(sched.c.obj)
                0x08003cf4                z_thread_abort
 .text.slice_timeout
                0x08003e2c       0x20 zephyr/kernel/libkernel.a(timeslicing.c.obj)
 .text.thread_is_sliceable
                0x08003e4c       0x3c zephyr/kernel/libkernel.a(timeslicing.c.obj)
                0x08003e4c                thread_is_sliceable
 .text.z_reset_time_slice
                0x08003e88       0x50 zephyr/kernel/libkernel.a(timeslicing.c.obj)
                0x08003e88                z_reset_time_slice
 .text.z_time_slice
                0x08003ed8       0x60 zephyr/kernel/libkernel.a(timeslicing.c.obj)
                0x08003ed8                z_time_slice
 .text.z_data_copy
                0x08003f38       0x38 zephyr/kernel/libkernel.a(xip.c.obj)
                0x08003f38                z_data_copy
 .text.first    0x08003f70       0x10 zephyr/kernel/libkernel.a(timeout.c.obj)
 .text.elapsed  0x08003f80       0x14 zephyr/kernel/libkernel.a(timeout.c.obj)
 .text.remove_timeout
                0x08003f94       0x38 zephyr/kernel/libkernel.a(timeout.c.obj)
 .text.z_add_timeout
                0x08003fcc      0x108 zephyr/kernel/libkernel.a(timeout.c.obj)
                0x08003fcc                z_add_timeout
 .text.sys_clock_announce
                0x080040d4       0xbc zephyr/kernel/libkernel.a(timeout.c.obj)
                0x080040d4                sys_clock_announce
 .text.sys_clock_tick_get
                0x08004190       0x30 zephyr/kernel/libkernel.a(timeout.c.obj)
                0x08004190                sys_clock_tick_get
 .text.z_timer_expiration_handler
                0x080041c0       0xe0 zephyr/kernel/libkernel.a(timer.c.obj)
                0x080041c0                z_timer_expiration_handler
 .text.z_impl_k_timer_start
                0x080042a0       0x80 zephyr/kernel/libkernel.a(timer.c.obj)
                0x080042a0                z_impl_k_timer_start
 .text.boot_banner
                0x08004320        0xc zephyr/kernel/libkernel.a(banner.c.obj)
                0x08004320                boot_banner
 .text.snprintf
                0x0800432c       0x58 C:/Users/lucab/OneDrive/Desktop/Ingegneria/Magistrale/Weather_Prediction/build/modules/picolibc/libc.a(snprintf.c.obj)
                0x0800432c                snprintf
 .text.vfprintf
                0x08004384      0x4c0 C:/Users/lucab/OneDrive/Desktop/Ingegneria/Magistrale/Weather_Prediction/build/modules/picolibc/libc.a(vflprintf.c.obj)
                0x08004384                vfprintf
                0x08004384                __l_vfprintf
 .text._OffsetAbsSyms
                0x08004844        0x2 zephyr/CMakeFiles/offsets.dir/./arch/arm/core/offsets/offsets.c.obj
                0x08004844                _OffsetAbsSyms
 .text.chunk_size
                0x08004846        0xa zephyr/libzephyr.a(heap.c.obj)
 .text.free_list_add
                0x08004850       0x4e zephyr/libzephyr.a(heap.c.obj)
 .text.sys_heap_init
                0x0800489e       0x7a zephyr/libzephyr.a(heap.c.obj)
                0x0800489e                sys_heap_init
 .text.cbpprintf_external
                0x08004918       0x62 zephyr/libzephyr.a(cbprintf_packaged.c.obj)
                0x08004918                cbpprintf_external
 .text.is_ptr   0x0800497a       0x3a zephyr/libzephyr.a(cbprintf_packaged.c.obj)
                0x0800497a                is_ptr
 .text.arch_printk_char_out
                0x080049b4        0x4 zephyr/libzephyr.a(printk.c.obj)
                0x080049b4                arch_printk_char_out
 .text.printk   0x080049b8       0x1a zephyr/libzephyr.a(printk.c.obj)
                0x080049b8                printk
 .text.z_thread_entry
                0x080049d2       0x14 zephyr/libzephyr.a(thread_entry.c.obj)
                0x080049d2                z_thread_entry
 .text.idx_inc  0x080049e6       0x1c zephyr/libzephyr.a(mpsc_pbuf.c.obj)
 .text.rd_idx_inc
                0x08004a02       0x18 zephyr/libzephyr.a(mpsc_pbuf.c.obj)
 .text.add_skip_item
                0x08004a1a       0x3a zephyr/libzephyr.a(mpsc_pbuf.c.obj)
 .text.drop_item_locked
                0x08004a54       0xf6 zephyr/libzephyr.a(mpsc_pbuf.c.obj)
 .text.post_drop_action
                0x08004b4a       0x36 zephyr/libzephyr.a(mpsc_pbuf.c.obj)
 .text.free_space
                0x08004b80       0x2a zephyr/libzephyr.a(mpsc_pbuf.c.obj)
 .text.get_usage
                0x08004baa       0x22 zephyr/libzephyr.a(mpsc_pbuf.c.obj)
 .text.max_utilization_update
                0x08004bcc       0x22 zephyr/libzephyr.a(mpsc_pbuf.c.obj)
 .text.mpsc_pbuf_init
                0x08004bee       0x42 zephyr/libzephyr.a(mpsc_pbuf.c.obj)
                0x08004bee                mpsc_pbuf_init
 .text.mpsc_pbuf_alloc
                0x08004c30      0x100 zephyr/libzephyr.a(mpsc_pbuf.c.obj)
                0x08004c30                mpsc_pbuf_alloc
 .text.mpsc_pbuf_commit
                0x08004d30       0x3e zephyr/libzephyr.a(mpsc_pbuf.c.obj)
                0x08004d30                mpsc_pbuf_commit
 .text.mpsc_pbuf_claim
                0x08004d6e       0x9e zephyr/libzephyr.a(mpsc_pbuf.c.obj)
                0x08004d6e                mpsc_pbuf_claim
 .text.mpsc_pbuf_free
                0x08004e0c       0x76 zephyr/libzephyr.a(mpsc_pbuf.c.obj)
                0x08004e0c                mpsc_pbuf_free
 .text.mpsc_pbuf_is_pending
                0x08004e82       0x36 zephyr/libzephyr.a(mpsc_pbuf.c.obj)
                0x08004e82                mpsc_pbuf_is_pending
 .text._ConfigAbsSyms
                0x08004eb8        0x2 zephyr/libzephyr.a(configs.c.obj)
                0x08004eb8                _ConfigAbsSyms
 .text.log_msg_generic_get_wlen
                0x08004eba       0x20 zephyr/libzephyr.a(log_core.c.obj)
 .text.dummy_timestamp
                0x08004eda        0x4 zephyr/libzephyr.a(log_core.c.obj)
 .text.atomic_inc
                0x08004ede       0x1a zephyr/libzephyr.a(log_core.c.obj)
 .text.default_lf_get_timestamp
                0x08004ef8        0xc zephyr/libzephyr.a(log_core.c.obj)
 .text.z_log_vprintk
                0x08004f04       0x1c zephyr/libzephyr.a(log_core.c.obj)
                0x08004f04                z_log_vprintk
 .text.z_log_notify_drop
                0x08004f20        0x6 zephyr/libzephyr.a(log_core.c.obj)
 .text.z_log_get_tag
                0x08004f26        0x4 zephyr/libzephyr.a(log_core.c.obj)
                0x08004f26                z_log_get_tag
 .text.log_backend_enable
                0x08004f2a       0x12 zephyr/libzephyr.a(log_mgmt.c.obj)
                0x08004f2a                log_backend_enable
 .text.z_cbprintf_cpy
                0x08004f3c       0x2e zephyr/libzephyr.a(log_msg.c.obj)
 .text.z_log_msg_finalize
                0x08004f6a       0x34 zephyr/libzephyr.a(log_msg.c.obj)
                0x08004f6a                z_log_msg_finalize
 .text.z_log_msg_simple_create
                0x08004f9e       0x6e zephyr/libzephyr.a(log_msg.c.obj)
 .text.z_impl_z_log_msg_simple_create_0
                0x0800500c       0x12 zephyr/libzephyr.a(log_msg.c.obj)
                0x0800500c                z_impl_z_log_msg_simple_create_0
 .text.z_impl_z_log_msg_simple_create_1
                0x0800501e       0x14 zephyr/libzephyr.a(log_msg.c.obj)
                0x0800501e                z_impl_z_log_msg_simple_create_1
 .text.log_output_write
                0x08005032       0x1c zephyr/libzephyr.a(log_output.c.obj)
 .text.log_output_flush
                0x0800504e       0x1a zephyr/libzephyr.a(log_output.c.obj)
 .text.out_func
                0x08005068       0x36 zephyr/libzephyr.a(log_output.c.obj)
 .text.cr_out_func
                0x0800509e       0x1c zephyr/libzephyr.a(log_output.c.obj)
 .text.log_output_msg_process
                0x080050ba       0x6a zephyr/libzephyr.a(log_output.c.obj)
                0x080050ba                log_output_msg_process
 .text.format_set
                0x08005124        0xc zephyr/libzephyr.a(log_backend_uart.c.obj)
 .text.log_backend_uart_init
                0x08005130        0xc zephyr/libzephyr.a(log_backend_uart.c.obj)
 .text.panic    0x0800513c       0x32 zephyr/libzephyr.a(log_backend_uart.c.obj)
 .text.dropped  0x0800516e        0xa zephyr/libzephyr.a(log_backend_uart.c.obj)
 .text.process  0x08005178       0x1e zephyr/libzephyr.a(log_backend_uart.c.obj)
 .text.z_do_kernel_oops
                0x08005196        0x8 zephyr/arch/arch/arm/core/libarch__arm__core.a(fatal.c.obj)
                0x08005196                z_do_kernel_oops
 .text.z_log_msg_simple_create_0.constprop.0
                0x0800519e        0x8 zephyr/arch/arch/arm/core/cortex_m/libarch__arm__core__cortex_m.a(fault.c.obj)
 .text.z_irq_spurious
                0x080051a6        0x8 zephyr/arch/arch/arm/core/cortex_m/libarch__arm__core__cortex_m.a(irq_manage.c.obj)
                0x080051a6                z_irq_spurious
 .text.arch_irq_unlock_outlined
                0x080051ae        0xe zephyr/arch/arch/arm/core/cortex_m/libarch__arm__core__cortex_m.a(thread.c.obj)
                0x080051ae                arch_irq_unlock_outlined
 .text.arch_cpu_idle
                0x080051bc       0x1a zephyr/arch/arch/arm/core/cortex_m/libarch__arm__core__cortex_m.a(cpu_idle.c.obj)
                0x080051bc                arch_cpu_idle
 .text.size_to_mpu_rasr_size
                0x080051d6       0x20 zephyr/arch/arch/arm/core/mpu/libarch__arm__core__mpu.a(arm_mpu.c.obj)
 .text.cbputc   0x080051f6        0xc zephyr/lib/libc/picolibc/liblib__libc__picolibc.a(cbprintf.c.obj)
 .text.picolibc_put
                0x08005202        0xa zephyr/lib/libc/picolibc/liblib__libc__picolibc.a(stdio.c.obj)
 .text.stm32_gpio_intc_get_pin_irq_line
                0x0800520c        0x6 zephyr/drivers/interrupt_controller/libdrivers__interrupt_controller.a(intc_exti_stm32.c.obj)
                0x0800520c                stm32_gpio_intc_get_pin_irq_line
 .text.stm32_exti_set_line_src_port
                0x08005212       0x38 zephyr/drivers/interrupt_controller/libdrivers__interrupt_controller.a(intc_exti_stm32.c.obj)
                0x08005212                stm32_exti_set_line_src_port
 .text.stm32_clock_control_on
                0x0800524a       0x44 zephyr/drivers/clock_control/libdrivers__clock_control.a(clock_stm32_ll_common.c.obj)
 .text.stm32_clock_control_off
                0x0800528e       0x2c zephyr/drivers/clock_control/libdrivers__clock_control.a(clock_stm32_ll_common.c.obj)
 .text.stm32_clock_control_configure
                0x080052ba       0x52 zephyr/drivers/clock_control/libdrivers__clock_control.a(clock_stm32_ll_common.c.obj)
 .text.stm32_clock_control_get_status
                0x0800530c       0x38 zephyr/drivers/clock_control/libdrivers__clock_control.a(clock_stm32_ll_common.c.obj)
 .text.config_regulator_voltage
                0x08005344        0x2 zephyr/drivers/clock_control/libdrivers__clock_control.a(clock_stm32_ll_common.c.obj)
                0x08005344                config_regulator_voltage
 .text.gpio_stm32_port_get_raw
                0x08005346        0xc zephyr/drivers/gpio/libdrivers__gpio.a(gpio_stm32.c.obj)
 .text.gpio_stm32_port_set_masked_raw
                0x08005352       0x12 zephyr/drivers/gpio/libdrivers__gpio.a(gpio_stm32.c.obj)
 .text.gpio_stm32_port_set_bits_raw
                0x08005364        0xa zephyr/drivers/gpio/libdrivers__gpio.a(gpio_stm32.c.obj)
 .text.gpio_stm32_port_clear_bits_raw
                0x0800536e        0xc zephyr/drivers/gpio/libdrivers__gpio.a(gpio_stm32.c.obj)
 .text.gpio_stm32_port_toggle_bits
                0x0800537a        0xe zephyr/drivers/gpio/libdrivers__gpio.a(gpio_stm32.c.obj)
 .text.gpio_stm32_manage_callback
                0x08005388       0x58 zephyr/drivers/gpio/libdrivers__gpio.a(gpio_stm32.c.obj)
 .text.gpio_stm32_configure_raw.isra.0
                0x080053e0      0x104 zephyr/drivers/gpio/libdrivers__gpio.a(gpio_stm32.c.obj)
 .text.gpio_stm32_config
                0x080054e4       0xe0 zephyr/drivers/gpio/libdrivers__gpio.a(gpio_stm32.c.obj)
 .text.gpio_stm32_isr
                0x080055c4       0x24 zephyr/drivers/gpio/libdrivers__gpio.a(gpio_stm32.c.obj)
 .text.gpio_stm32_configure
                0x080055e8       0x30 zephyr/drivers/gpio/libdrivers__gpio.a(gpio_stm32.c.obj)
                0x080055e8                gpio_stm32_configure
 .text.stm32_i2c_disable_transfer_interrupts
                0x08005618       0x36 zephyr/drivers/i2c/libdrivers__i2c.a(i2c_ll_stm32_v1.c.obj)
 .text.stm32_i2c_reset
                0x0800564e       0x5a zephyr/drivers/i2c/libdrivers__i2c.a(i2c_ll_stm32_v1.c.obj)
 .text.stm32_i2c_master_finish
                0x080056a8       0x1c zephyr/drivers/i2c/libdrivers__i2c.a(i2c_ll_stm32_v1.c.obj)
 .text.handle_txe
                0x080056c4       0x4a zephyr/drivers/i2c/libdrivers__i2c.a(i2c_ll_stm32_v1.c.obj)
 .text.msg_end.constprop.0
                0x0800570e       0x46 zephyr/drivers/i2c/libdrivers__i2c.a(i2c_ll_stm32_v1.c.obj)
 .text.stm32_i2c_enable_transfer_interrupts.isra.0
                0x08005754       0x1c zephyr/drivers/i2c/libdrivers__i2c.a(i2c_ll_stm32_v1.c.obj)
 .text.msg_init.constprop.0
                0x08005770       0x72 zephyr/drivers/i2c/libdrivers__i2c.a(i2c_ll_stm32_v1.c.obj)
 .text.handle_rxne
                0x080057e2       0x9c zephyr/drivers/i2c/libdrivers__i2c.a(i2c_ll_stm32_v1.c.obj)
 .text.stm32_i2c_event_isr
                0x0800587e      0x1a0 zephyr/drivers/i2c/libdrivers__i2c.a(i2c_ll_stm32_v1.c.obj)
                0x0800587e                stm32_i2c_event_isr
 .text.stm32_i2c_error_isr
                0x08005a1e       0x50 zephyr/drivers/i2c/libdrivers__i2c.a(i2c_ll_stm32_v1.c.obj)
                0x08005a1e                stm32_i2c_error_isr
 .text.stm32_i2c_transaction
                0x08005a6e       0x72 zephyr/drivers/i2c/libdrivers__i2c.a(i2c_ll_stm32_v1.c.obj)
                0x08005a6e                stm32_i2c_transaction
 .text.i2c_stm32_irq_config_func_0
                0x08005ae0       0x26 zephyr/drivers/i2c/libdrivers__i2c.a(i2c_ll_stm32.c.obj)
 .text.i2c_stm32_irq_config_func_1
                0x08005b06       0x26 zephyr/drivers/i2c/libdrivers__i2c.a(i2c_ll_stm32.c.obj)
 .text.i2c_stm32_irq_config_func_2
                0x08005b2c       0x26 zephyr/drivers/i2c/libdrivers__i2c.a(i2c_ll_stm32.c.obj)
 .text.i2c_stm32_transfer
                0x08005b52       0x8e zephyr/drivers/i2c/libdrivers__i2c.a(i2c_ll_stm32.c.obj)
 .text.i2c_stm32_get_config
                0x08005be0       0x14 zephyr/drivers/i2c/libdrivers__i2c.a(i2c_ll_stm32.c.obj)
                0x08005be0                i2c_stm32_get_config
 .text.pinctrl_lookup_state
                0x08005bf4       0x28 zephyr/drivers/pinctrl/libdrivers__pinctrl.a(common.c.obj)
                0x08005bf4                pinctrl_lookup_state
 .text.reset_stm32_status
                0x08005c1c       0x20 zephyr/drivers/reset/libdrivers__reset.a(reset_stm32.c.obj)
 .text.reset_stm32_line_assert
                0x08005c3c       0x1e zephyr/drivers/reset/libdrivers__reset.a(reset_stm32.c.obj)
 .text.reset_stm32_line_deassert
                0x08005c5a       0x20 zephyr/drivers/reset/libdrivers__reset.a(reset_stm32.c.obj)
 .text.reset_stm32_line_toggle
                0x08005c7a       0x16 zephyr/drivers/reset/libdrivers__reset.a(reset_stm32.c.obj)
 .text.LL_USART_ClearFlag_PE
                0x08005c90       0x12 zephyr/drivers/serial/libdrivers__serial.a(uart_stm32.c.obj)
 .text.uart_stm32_err_check
                0x08005ca2       0x5e zephyr/drivers/serial/libdrivers__serial.a(uart_stm32.c.obj)
 .text.uart_stm32_irq_tx_enable
                0x08005d00       0x1e zephyr/drivers/serial/libdrivers__serial.a(uart_stm32.c.obj)
 .text.uart_stm32_irq_tx_disable
                0x08005d1e       0x1e zephyr/drivers/serial/libdrivers__serial.a(uart_stm32.c.obj)
 .text.uart_stm32_irq_tx_ready
                0x08005d3c       0x14 zephyr/drivers/serial/libdrivers__serial.a(uart_stm32.c.obj)
 .text.uart_stm32_irq_tx_complete
                0x08005d50        0xc zephyr/drivers/serial/libdrivers__serial.a(uart_stm32.c.obj)
 .text.uart_stm32_irq_rx_enable
                0x08005d5c       0x1e zephyr/drivers/serial/libdrivers__serial.a(uart_stm32.c.obj)
 .text.uart_stm32_irq_rx_disable
                0x08005d7a       0x1e zephyr/drivers/serial/libdrivers__serial.a(uart_stm32.c.obj)
 .text.uart_stm32_irq_rx_ready
                0x08005d98        0xc zephyr/drivers/serial/libdrivers__serial.a(uart_stm32.c.obj)
 .text.uart_stm32_irq_is_pending
                0x08005da4       0x24 zephyr/drivers/serial/libdrivers__serial.a(uart_stm32.c.obj)
 .text.uart_stm32_irq_update
                0x08005dc8        0x4 zephyr/drivers/serial/libdrivers__serial.a(uart_stm32.c.obj)
 .text.uart_stm32_irq_callback_set
                0x08005dcc        0x8 zephyr/drivers/serial/libdrivers__serial.a(uart_stm32.c.obj)
 .text.uart_stm32_isr
                0x08005dd4        0xc zephyr/drivers/serial/libdrivers__serial.a(uart_stm32.c.obj)
 .text.uart_stm32_irq_config_func_0
                0x08005de0       0x16 zephyr/drivers/serial/libdrivers__serial.a(uart_stm32.c.obj)
 .text.uart_stm32_irq_config_func_1
                0x08005df6       0x16 zephyr/drivers/serial/libdrivers__serial.a(uart_stm32.c.obj)
 .text.uart_stm32_poll_out
                0x08005e0c       0x36 zephyr/drivers/serial/libdrivers__serial.a(uart_stm32.c.obj)
 .text.uart_stm32_poll_in
                0x08005e42       0x22 zephyr/drivers/serial/libdrivers__serial.a(uart_stm32.c.obj)
 .text.uart_stm32_config_get
                0x08005e64       0x8e zephyr/drivers/serial/libdrivers__serial.a(uart_stm32.c.obj)
 .text.uart_stm32_set_baudrate
                0x08005ef2       0x58 zephyr/drivers/serial/libdrivers__serial.a(uart_stm32.c.obj)
 .text.uart_stm32_fifo_read
                0x08005f4a       0x42 zephyr/drivers/serial/libdrivers__serial.a(uart_stm32.c.obj)
 .text.uart_stm32_fifo_fill
                0x08005f8c       0x50 zephyr/drivers/serial/libdrivers__serial.a(uart_stm32.c.obj)
 .text.z_device_state_init
                0x08005fdc        0x2 zephyr/kernel/libkernel.a(device.c.obj)
                0x08005fdc                z_device_state_init
 .text.z_impl_device_is_ready
                0x08005fde       0x16 zephyr/kernel/libkernel.a(device.c.obj)
                0x08005fde                z_impl_device_is_ready
 .text.arch_system_halt
                0x08005ff4       0x10 zephyr/kernel/libkernel.a(fatal.c.obj)
                0x08005ff4                arch_system_halt
 .text.do_device_init
                0x08006004       0x2e zephyr/kernel/libkernel.a(init.c.obj)
 .text.z_early_memset
                0x08006032        0x4 zephyr/kernel/libkernel.a(init.c.obj)
                0x08006032                z_early_memset
 .text.z_early_memcpy
                0x08006036        0x4 zephyr/kernel/libkernel.a(init.c.obj)
                0x08006036                z_early_memcpy
 .text.z_init_static
                0x0800603a        0x2 zephyr/kernel/libkernel.a(init_static.c.obj)
                0x0800603a                z_init_static
 .text.idle     0x0800603c       0x16 zephyr/kernel/libkernel.a(idle.c.obj)
                0x0800603c                idle
 .text.z_impl_k_sem_init
                0x08006052       0x18 zephyr/kernel/libkernel.a(sem.c.obj)
                0x08006052                z_impl_k_sem_init
 .text.k_is_in_isr
                0x0800606a        0xc zephyr/kernel/libkernel.a(thread.c.obj)
                0x0800606a                k_is_in_isr
 .text.z_impl_k_thread_name_set
                0x08006076        0x6 zephyr/kernel/libkernel.a(thread.c.obj)
                0x08006076                z_impl_k_thread_name_set
 .text.k_thread_name_get
                0x0800607c        0x4 zephyr/kernel/libkernel.a(thread.c.obj)
                0x0800607c                k_thread_name_get
 .text.sys_dlist_remove
                0x08006080       0x10 zephyr/kernel/libkernel.a(sched.c.obj)
 .text.unpend_thread_no_timeout
                0x08006090       0x14 zephyr/kernel/libkernel.a(sched.c.obj)
 .text.add_to_waitq_locked
                0x080060a4       0x54 zephyr/kernel/libkernel.a(sched.c.obj)
 .text.z_ready_thread
                0x080060f8       0x1e zephyr/kernel/libkernel.a(sched.c.obj)
                0x080060f8                z_ready_thread
 .text.z_unpend_thread_no_timeout
                0x08006116       0x22 zephyr/kernel/libkernel.a(sched.c.obj)
                0x08006116                z_unpend_thread_no_timeout
 .text.z_sched_wake_thread
                0x08006138       0x3a zephyr/kernel/libkernel.a(sched.c.obj)
                0x08006138                z_sched_wake_thread
 .text.z_thread_timeout
                0x08006172        0x8 zephyr/kernel/libkernel.a(sched.c.obj)
                0x08006172                z_thread_timeout
 .text.z_unpend1_no_timeout
                0x0800617a       0x2c zephyr/kernel/libkernel.a(sched.c.obj)
                0x0800617a                z_unpend1_no_timeout
 .text.z_impl_k_sleep
                0x080061a6       0x3a zephyr/kernel/libkernel.a(sched.c.obj)
                0x080061a6                z_impl_k_sleep
 .text.next_timeout
                0x080061e0       0x2e zephyr/kernel/libkernel.a(timeout.c.obj)
 .text.z_abort_timeout
                0x0800620e       0x46 zephyr/kernel/libkernel.a(timeout.c.obj)
                0x0800620e                z_abort_timeout
 .text.sys_clock_tick_get_32
                0x08006254        0x8 zephyr/kernel/libkernel.a(timeout.c.obj)
                0x08006254                sys_clock_tick_get_32
 .text.z_impl_k_uptime_ticks
                0x0800625c        0x4 zephyr/kernel/libkernel.a(timeout.c.obj)
                0x0800625c                z_impl_k_uptime_ticks
 .text.k_timer_init
                0x08006260       0x18 zephyr/kernel/libkernel.a(timer.c.obj)
                0x08006260                k_timer_init
 .text.z_impl_k_timer_stop
                0x08006278       0x38 zephyr/kernel/libkernel.a(timer.c.obj)
                0x08006278                z_impl_k_timer_stop
 .text.memcpy   0x080062b0       0x1c C:/Users/lucab/OneDrive/Desktop/Ingegneria/Magistrale/Weather_Prediction/build/modules/picolibc/libc.a(memcpy.c.obj)
                0x080062b0                __aeabi_memcpy
                0x080062b0                __aeabi_memcpy4
                0x080062b0                __aeabi_memcpy8
                0x080062b0                memcpy
 .text.memset   0x080062cc       0x10 C:/Users/lucab/OneDrive/Desktop/Ingegneria/Magistrale/Weather_Prediction/build/modules/picolibc/libc.a(memset.c.obj)
                0x080062cc                memset
 .text.strnlen  0x080062dc       0x18 C:/Users/lucab/OneDrive/Desktop/Ingegneria/Magistrale/Weather_Prediction/build/modules/picolibc/libc.a(strnlen.c.obj)
                0x080062dc                strnlen
 .text.__ultoa_invert
                0x080062f4       0xc4 C:/Users/lucab/OneDrive/Desktop/Ingegneria/Magistrale/Weather_Prediction/build/modules/picolibc/libc.a(vflprintf.c.obj)
 .text.skip_to_arg
                0x080063b8      0x11c C:/Users/lucab/OneDrive/Desktop/Ingegneria/Magistrale/Weather_Prediction/build/modules/picolibc/libc.a(vflprintf.c.obj)
 .text.__file_str_put
                0x080064d4       0x10 C:/Users/lucab/OneDrive/Desktop/Ingegneria/Magistrale/Weather_Prediction/build/modules/picolibc/libc.a(filestrput.c.obj)
                0x080064d4                __file_str_put
 *(SORT_BY_ALIGNMENT(.TEXT.*))
 *(SORT_BY_ALIGNMENT(.gnu.linkonce.t.*))
 *(SORT_BY_ALIGNMENT(.glue_7t))
 .glue_7t       0x080064e4        0x0 linker stubs
 *(SORT_BY_ALIGNMENT(.glue_7))
 .glue_7        0x080064e4        0x0 linker stubs
 *(SORT_BY_ALIGNMENT(.vfp11_veneer))
 .vfp11_veneer  0x080064e4        0x0 linker stubs
 *(SORT_BY_ALIGNMENT(.v4_bx))
 .v4_bx         0x080064e4        0x0 linker stubs
                0x080064e4                . = ALIGN (0x4)
                0x080064e4                __text_region_end = .

.ARM.exidx      0x080064e4        0x8
                0x080064e4                __exidx_start = .
 *(SORT_BY_ALIGNMENT(.ARM.exidx*) SORT_BY_ALIGNMENT(gnu.linkonce.armexidx.*))
 .ARM.exidx     0x080064ec        0x0 C:/Users/lucab/OneDrive/Desktop/Ingegneria/Magistrale/Weather_Prediction/build/modules/picolibc/libc.a(strlen.S.obj)
                                  0x8 (size before relaxing)
 .ARM.exidx     0x080064e4        0x8 c:/program files (x86)/gnu arm embedded toolchain/10 2021.10/bin/../lib/gcc/arm-none-eabi/10.3.1/thumb/v7e-m/nofp\libgcc.a(_udivmoddi4.o)
                0x080064ec                __exidx_end = .
                0x080064ec                __rodata_region_start = .

initlevel       0x080064ec       0xa8
                0x080064ec                __init_start = .
                0x080064ec                __init_EARLY_start = .
 *(SORT_BY_NAME(SORT_BY_ALIGNMENT(.z_init_EARLY_P_?_*)))
 *(SORT_BY_NAME(SORT_BY_ALIGNMENT(.z_init_EARLY_P_??_*)))
 *(SORT_BY_NAME(SORT_BY_ALIGNMENT(.z_init_EARLY_P_???_*)))
                0x080064ec                __init_PRE_KERNEL_1_start = .
 *(SORT_BY_NAME(SORT_BY_ALIGNMENT(.z_init_PRE_KERNEL_1_P_?_*)))
 .z_init_PRE_KERNEL_1_P_1_SUB_00009_
                0x080064ec        0x8 zephyr/drivers/clock_control/libdrivers__clock_control.a(clock_stm32_ll_common.c.obj)
 .z_init_PRE_KERNEL_1_P_1_SUB_0_
                0x080064f4        0x8 zephyr/libzephyr.a(soc_config.c.obj)
 *(SORT_BY_NAME(SORT_BY_ALIGNMENT(.z_init_PRE_KERNEL_1_P_??_*)))
 .z_init_PRE_KERNEL_1_P_35_SUB_00046_
                0x080064fc        0x8 zephyr/drivers/reset/libdrivers__reset.a(reset_stm32.c.obj)
 .z_init_PRE_KERNEL_1_P_40_SUB_00037_
                0x08006504        0x8 zephyr/drivers/gpio/libdrivers__gpio.a(gpio_stm32.c.obj)
 .z_init_PRE_KERNEL_1_P_40_SUB_00040_
                0x0800650c        0x8 zephyr/drivers/gpio/libdrivers__gpio.a(gpio_stm32.c.obj)
 .z_init_PRE_KERNEL_1_P_40_SUB_00066_
                0x08006514        0x8 zephyr/drivers/interrupt_controller/libdrivers__interrupt_controller.a(intc_exti_stm32.c.obj)
 .z_init_PRE_KERNEL_1_P_40_SUB_00104_
                0x0800651c        0x8 zephyr/drivers/gpio/libdrivers__gpio.a(gpio_stm32.c.obj)
 .z_init_PRE_KERNEL_1_P_40_SUB_00105_
                0x08006524        0x8 zephyr/drivers/gpio/libdrivers__gpio.a(gpio_stm32.c.obj)
 .z_init_PRE_KERNEL_1_P_40_SUB_00106_
                0x0800652c        0x8 zephyr/drivers/gpio/libdrivers__gpio.a(gpio_stm32.c.obj)
 .z_init_PRE_KERNEL_1_P_40_SUB_00107_
                0x08006534        0x8 zephyr/drivers/gpio/libdrivers__gpio.a(gpio_stm32.c.obj)
 .z_init_PRE_KERNEL_1_P_40_SUB_00108_
                0x0800653c        0x8 zephyr/drivers/gpio/libdrivers__gpio.a(gpio_stm32.c.obj)
 .z_init_PRE_KERNEL_1_P_40_SUB_00109_
                0x08006544        0x8 zephyr/drivers/gpio/libdrivers__gpio.a(gpio_stm32.c.obj)
 .z_init_PRE_KERNEL_1_P_50_SUB_00071_
                0x0800654c        0x8 zephyr/drivers/serial/libdrivers__serial.a(uart_stm32.c.obj)
 .z_init_PRE_KERNEL_1_P_50_SUB_00077_
                0x08006554        0x8 zephyr/drivers/serial/libdrivers__serial.a(uart_stm32.c.obj)
 .z_init_PRE_KERNEL_1_P_60_SUB_0_
                0x0800655c        0x8 zephyr/drivers/console/libdrivers__console.a(uart_console.c.obj)
 *(SORT_BY_NAME(SORT_BY_ALIGNMENT(.z_init_PRE_KERNEL_1_P_???_*)))
                0x08006564                __init_PRE_KERNEL_2_start = .
 *(SORT_BY_NAME(SORT_BY_ALIGNMENT(.z_init_PRE_KERNEL_2_P_?_*)))
 .z_init_PRE_KERNEL_2_P_0_SUB_0_
                0x08006564        0x8 zephyr/drivers/timer/libdrivers__timer.a(cortex_m_systick.c.obj)
 *(SORT_BY_NAME(SORT_BY_ALIGNMENT(.z_init_PRE_KERNEL_2_P_??_*)))
 *(SORT_BY_NAME(SORT_BY_ALIGNMENT(.z_init_PRE_KERNEL_2_P_???_*)))
                0x0800656c                __init_POST_KERNEL_start = .
 *(SORT_BY_NAME(SORT_BY_ALIGNMENT(.z_init_POST_KERNEL_P_?_*)))
 .z_init_POST_KERNEL_P_0_SUB_0_
                0x0800656c        0x8 zephyr/libzephyr.a(log_core.c.obj)
 *(SORT_BY_NAME(SORT_BY_ALIGNMENT(.z_init_POST_KERNEL_P_??_*)))
 .z_init_POST_KERNEL_P_35_SUB_0_
                0x08006574        0x8 zephyr/lib/libc/common/liblib__libc__common.a(malloc.c.obj)
 .z_init_POST_KERNEL_P_50_SUB_00016_
                0x0800657c        0x8 zephyr/drivers/i2c/libdrivers__i2c.a(i2c_ll_stm32.c.obj)
 .z_init_POST_KERNEL_P_50_SUB_00020_
                0x08006584        0x8 zephyr/drivers/i2c/libdrivers__i2c.a(i2c_ll_stm32.c.obj)
 .z_init_POST_KERNEL_P_50_SUB_00024_
                0x0800658c        0x8 zephyr/drivers/i2c/libdrivers__i2c.a(i2c_ll_stm32.c.obj)
 *(SORT_BY_NAME(SORT_BY_ALIGNMENT(.z_init_POST_KERNEL_P_???_*)))
                0x08006594                __init_APPLICATION_start = .
 *(SORT_BY_NAME(SORT_BY_ALIGNMENT(.z_init_APPLICATION_P_?_*)))
 *(SORT_BY_NAME(SORT_BY_ALIGNMENT(.z_init_APPLICATION_P_??_*)))
 *(SORT_BY_NAME(SORT_BY_ALIGNMENT(.z_init_APPLICATION_P_???_*)))
                0x08006594                __init_SMP_start = .
 *(SORT_BY_NAME(SORT_BY_ALIGNMENT(.z_init_SMP_P_?_*)))
 *(SORT_BY_NAME(SORT_BY_ALIGNMENT(.z_init_SMP_P_??_*)))
 *(SORT_BY_NAME(SORT_BY_ALIGNMENT(.z_init_SMP_P_???_*)))
                0x08006594                __init_end = .

device_area     0x08006594      0x200
                0x08006594                _device_list_start = .
 *(SORT_BY_NAME(SORT_BY_ALIGNMENT(._device.static.*_?_*)))
 ._device.static.1_1_
                0x08006594       0x20 zephyr/drivers/clock_control/libdrivers__clock_control.a(clock_stm32_ll_common.c.obj)
                0x08006594                __device_dts_ord_9
 *(SORT_BY_NAME(SORT_BY_ALIGNMENT(._device.static.*_??_*)))
 ._device.static.1_35_
                0x080065b4       0x20 zephyr/drivers/reset/libdrivers__reset.a(reset_stm32.c.obj)
                0x080065b4                __device_dts_ord_46
 ._device.static.1_40_
                0x080065d4       0x20 zephyr/drivers/interrupt_controller/libdrivers__interrupt_controller.a(intc_exti_stm32.c.obj)
                0x080065d4                __device_dts_ord_66
 ._device.static.1_40_
                0x080065f4      0x100 zephyr/drivers/gpio/libdrivers__gpio.a(gpio_stm32.c.obj)
                0x080065f4                __device_dts_ord_109
                0x08006614                __device_dts_ord_108
                0x08006634                __device_dts_ord_107
                0x08006654                __device_dts_ord_106
                0x08006674                __device_dts_ord_105
                0x08006694                __device_dts_ord_37
                0x080066b4                __device_dts_ord_104
                0x080066d4                __device_dts_ord_40
 ._device.static.1_50_
                0x080066f4       0x40 zephyr/drivers/serial/libdrivers__serial.a(uart_stm32.c.obj)
                0x080066f4                __device_dts_ord_71
                0x08006714                __device_dts_ord_77
 ._device.static.3_50_
                0x08006734       0x60 zephyr/drivers/i2c/libdrivers__i2c.a(i2c_ll_stm32.c.obj)
                0x08006734                __device_dts_ord_24
                0x08006754                __device_dts_ord_20
                0x08006774                __device_dts_ord_16
 *(SORT_BY_NAME(SORT_BY_ALIGNMENT(._device.static.*_???_*)))
 *(SORT_BY_NAME(SORT_BY_ALIGNMENT(._device.static.*_????_*)))
 *(SORT_BY_NAME(SORT_BY_ALIGNMENT(._device.static.*_?????_*)))
                0x08006794                _device_list_end = .

sw_isr_table    0x08006794      0x308
                0x08006794                . = ALIGN (0x4)
 *(SORT_BY_ALIGNMENT(.gnu.linkonce.sw_isr_table*))
 .gnu.linkonce.sw_isr_table
                0x08006794      0x308 zephyr/arch/common/libisr_tables.a(isr_tables.c.obj)
                0x08006794                _sw_isr_table

initlevel_error
                0x080064ec        0x0
 *(SORT_BY_NAME(SORT_BY_ALIGNMENT(.z_init_*)))
                0x00000001                ASSERT ((SIZEOF (initlevel_error) == 0x0), Undefined initialization levels used.)

app_shmem_regions
                0x08006a9c        0x0
                0x08006a9c                __app_shmem_regions_start = .
 *(SORT_BY_NAME(SORT_BY_ALIGNMENT(.app_regions.*)))
                0x08006a9c                __app_shmem_regions_end = .

k_p4wq_initparam_area
                0x08006a9c        0x0
                0x08006a9c                _k_p4wq_initparam_list_start = .
 *(SORT_BY_NAME(SORT_BY_ALIGNMENT(._k_p4wq_initparam.static.*)))
                0x08006a9c                _k_p4wq_initparam_list_end = .

_static_thread_data_area
                0x08006a9c        0x0
                0x08006a9c                __static_thread_data_list_start = .
 *(SORT_BY_NAME(SORT_BY_ALIGNMENT(.__static_thread_data.static.*)))
                0x08006a9c                __static_thread_data_list_end = .

device_deps     0x08006a9c        0x0
                0x08006a9c                __device_deps_start = .
 *(SORT_BY_NAME(SORT_BY_ALIGNMENT(.__device_deps_pass2*)))
                0x08006a9c                __device_deps_end = .

gpio_driver_api_area
                0x08006a9c       0x24
                0x08006a9c                _gpio_driver_api_list_start = .
 *(SORT_BY_NAME(SORT_BY_ALIGNMENT(._gpio_driver_api.static.*)))
 ._gpio_driver_api.static.gpio_stm32_driver_
                0x08006a9c       0x24 zephyr/drivers/gpio/libdrivers__gpio.a(gpio_stm32.c.obj)
                0x08006ac0                _gpio_driver_api_list_end = .

i2c_driver_api_area
                0x08006ac0       0x18
                0x08006ac0                _i2c_driver_api_list_start = .
 *(SORT_BY_NAME(SORT_BY_ALIGNMENT(._i2c_driver_api.static.*)))
 ._i2c_driver_api.static.api_funcs_
                0x08006ac0       0x18 zephyr/drivers/i2c/libdrivers__i2c.a(i2c_ll_stm32.c.obj)
                0x08006ad8                _i2c_driver_api_list_end = .

i2c_target_driver_api_area
                0x08006ad8        0x0
                0x08006ad8                _i2c_target_driver_api_list_start = .
 *(SORT_BY_NAME(SORT_BY_ALIGNMENT(._i2c_target_driver_api.static.*)))
                0x08006ad8                _i2c_target_driver_api_list_end = .

reset_driver_api_area
                0x08006ad8       0x10
                0x08006ad8                _reset_driver_api_list_start = .
 *(SORT_BY_NAME(SORT_BY_ALIGNMENT(._reset_driver_api.static.*)))
 ._reset_driver_api.static.reset_stm32_driver_api_
                0x08006ad8       0x10 zephyr/drivers/reset/libdrivers__reset.a(reset_stm32.c.obj)
                0x08006ae8                _reset_driver_api_list_end = .

shared_irq_driver_api_area
                0x08006ae8        0x0
                0x08006ae8                _shared_irq_driver_api_list_start = .
 *(SORT_BY_NAME(SORT_BY_ALIGNMENT(._shared_irq_driver_api.static.*)))
                0x08006ae8                _shared_irq_driver_api_list_end = .

crypto_driver_api_area
                0x08006ae8        0x0
                0x08006ae8                _crypto_driver_api_list_start = .
 *(SORT_BY_NAME(SORT_BY_ALIGNMENT(._crypto_driver_api.static.*)))
                0x08006ae8                _crypto_driver_api_list_end = .

adc_driver_api_area
                0x08006ae8        0x0
                0x08006ae8                _adc_driver_api_list_start = .
 *(SORT_BY_NAME(SORT_BY_ALIGNMENT(._adc_driver_api.static.*)))
                0x08006ae8                _adc_driver_api_list_end = .

auxdisplay_driver_api_area
                0x08006ae8        0x0
                0x08006ae8                _auxdisplay_driver_api_list_start = .
 *(SORT_BY_NAME(SORT_BY_ALIGNMENT(._auxdisplay_driver_api.static.*)))
                0x08006ae8                _auxdisplay_driver_api_list_end = .

bbram_driver_api_area
                0x08006ae8        0x0
                0x08006ae8                _bbram_driver_api_list_start = .
 *(SORT_BY_NAME(SORT_BY_ALIGNMENT(._bbram_driver_api.static.*)))
                0x08006ae8                _bbram_driver_api_list_end = .

bt_hci_driver_api_area
                0x08006ae8        0x0
                0x08006ae8                _bt_hci_driver_api_list_start = .
 *(SORT_BY_NAME(SORT_BY_ALIGNMENT(._bt_hci_driver_api.static.*)))
                0x08006ae8                _bt_hci_driver_api_list_end = .

can_driver_api_area
                0x08006ae8        0x0
                0x08006ae8                _can_driver_api_list_start = .
 *(SORT_BY_NAME(SORT_BY_ALIGNMENT(._can_driver_api.static.*)))
                0x08006ae8                _can_driver_api_list_end = .

cellular_driver_api_area
                0x08006ae8        0x0
                0x08006ae8                _cellular_driver_api_list_start = .
 *(SORT_BY_NAME(SORT_BY_ALIGNMENT(._cellular_driver_api.static.*)))
                0x08006ae8                _cellular_driver_api_list_end = .

charger_driver_api_area
                0x08006ae8        0x0
                0x08006ae8                _charger_driver_api_list_start = .
 *(SORT_BY_NAME(SORT_BY_ALIGNMENT(._charger_driver_api.static.*)))
                0x08006ae8                _charger_driver_api_list_end = .

clock_control_driver_api_area
                0x08006ae8       0x1c
                0x08006ae8                _clock_control_driver_api_list_start = .
 *(SORT_BY_NAME(SORT_BY_ALIGNMENT(._clock_control_driver_api.static.*)))
 ._clock_control_driver_api.static.stm32_clock_control_api_
                0x08006ae8       0x1c zephyr/drivers/clock_control/libdrivers__clock_control.a(clock_stm32_ll_common.c.obj)
                0x08006b04                _clock_control_driver_api_list_end = .

comparator_driver_api_area
                0x08006b04        0x0
                0x08006b04                _comparator_driver_api_list_start = .
 *(SORT_BY_NAME(SORT_BY_ALIGNMENT(._comparator_driver_api.static.*)))
                0x08006b04                _comparator_driver_api_list_end = .

coredump_driver_api_area
                0x08006b04        0x0
                0x08006b04                _coredump_driver_api_list_start = .
 *(SORT_BY_NAME(SORT_BY_ALIGNMENT(._coredump_driver_api.static.*)))
                0x08006b04                _coredump_driver_api_list_end = .

counter_driver_api_area
                0x08006b04        0x0
                0x08006b04                _counter_driver_api_list_start = .
 *(SORT_BY_NAME(SORT_BY_ALIGNMENT(._counter_driver_api.static.*)))
                0x08006b04                _counter_driver_api_list_end = .

dac_driver_api_area
                0x08006b04        0x0
                0x08006b04                _dac_driver_api_list_start = .
 *(SORT_BY_NAME(SORT_BY_ALIGNMENT(._dac_driver_api.static.*)))
                0x08006b04                _dac_driver_api_list_end = .

dai_driver_api_area
                0x08006b04        0x0
                0x08006b04                _dai_driver_api_list_start = .
 *(SORT_BY_NAME(SORT_BY_ALIGNMENT(._dai_driver_api.static.*)))
                0x08006b04                _dai_driver_api_list_end = .

display_driver_api_area
                0x08006b04        0x0
                0x08006b04                _display_driver_api_list_start = .
 *(SORT_BY_NAME(SORT_BY_ALIGNMENT(._display_driver_api.static.*)))
                0x08006b04                _display_driver_api_list_end = .

dma_driver_api_area
                0x08006b04        0x0
                0x08006b04                _dma_driver_api_list_start = .
 *(SORT_BY_NAME(SORT_BY_ALIGNMENT(._dma_driver_api.static.*)))
                0x08006b04                _dma_driver_api_list_end = .

edac_driver_api_area
                0x08006b04        0x0
                0x08006b04                _edac_driver_api_list_start = .
 *(SORT_BY_NAME(SORT_BY_ALIGNMENT(._edac_driver_api.static.*)))
                0x08006b04                _edac_driver_api_list_end = .

eeprom_driver_api_area
                0x08006b04        0x0
                0x08006b04                _eeprom_driver_api_list_start = .
 *(SORT_BY_NAME(SORT_BY_ALIGNMENT(._eeprom_driver_api.static.*)))
                0x08006b04                _eeprom_driver_api_list_end = .

emul_bbram_driver_api_area
                0x08006b04        0x0
                0x08006b04                _emul_bbram_driver_api_list_start = .
 *(SORT_BY_NAME(SORT_BY_ALIGNMENT(._emul_bbram_driver_api.static.*)))
                0x08006b04                _emul_bbram_driver_api_list_end = .

fuel_gauge_emul_driver_api_area
                0x08006b04        0x0
                0x08006b04                _fuel_gauge_emul_driver_api_list_start = .
 *(SORT_BY_NAME(SORT_BY_ALIGNMENT(._fuel_gauge_emul_driver_api.static.*)))
                0x08006b04                _fuel_gauge_emul_driver_api_list_end = .

emul_sensor_driver_api_area
                0x08006b04        0x0
                0x08006b04                _emul_sensor_driver_api_list_start = .
 *(SORT_BY_NAME(SORT_BY_ALIGNMENT(._emul_sensor_driver_api.static.*)))
                0x08006b04                _emul_sensor_driver_api_list_end = .

entropy_driver_api_area
                0x08006b04        0x0
                0x08006b04                _entropy_driver_api_list_start = .
 *(SORT_BY_NAME(SORT_BY_ALIGNMENT(._entropy_driver_api.static.*)))
                0x08006b04                _entropy_driver_api_list_end = .

espi_driver_api_area
                0x08006b04        0x0
                0x08006b04                _espi_driver_api_list_start = .
 *(SORT_BY_NAME(SORT_BY_ALIGNMENT(._espi_driver_api.static.*)))
                0x08006b04                _espi_driver_api_list_end = .

espi_saf_driver_api_area
                0x08006b04        0x0
                0x08006b04                _espi_saf_driver_api_list_start = .
 *(SORT_BY_NAME(SORT_BY_ALIGNMENT(._espi_saf_driver_api.static.*)))
                0x08006b04                _espi_saf_driver_api_list_end = .

flash_driver_api_area
                0x08006b04        0x0
                0x08006b04                _flash_driver_api_list_start = .
 *(SORT_BY_NAME(SORT_BY_ALIGNMENT(._flash_driver_api.static.*)))
                0x08006b04                _flash_driver_api_list_end = .

fpga_driver_api_area
                0x08006b04        0x0
                0x08006b04                _fpga_driver_api_list_start = .
 *(SORT_BY_NAME(SORT_BY_ALIGNMENT(._fpga_driver_api.static.*)))
                0x08006b04                _fpga_driver_api_list_end = .

fuel_gauge_driver_api_area
                0x08006b04        0x0
                0x08006b04                _fuel_gauge_driver_api_list_start = .
 *(SORT_BY_NAME(SORT_BY_ALIGNMENT(._fuel_gauge_driver_api.static.*)))
                0x08006b04                _fuel_gauge_driver_api_list_end = .

gnss_driver_api_area
                0x08006b04        0x0
                0x08006b04                _gnss_driver_api_list_start = .
 *(SORT_BY_NAME(SORT_BY_ALIGNMENT(._gnss_driver_api.static.*)))
                0x08006b04                _gnss_driver_api_list_end = .

haptics_driver_api_area
                0x08006b04        0x0
                0x08006b04                _haptics_driver_api_list_start = .
 *(SORT_BY_NAME(SORT_BY_ALIGNMENT(._haptics_driver_api.static.*)))
                0x08006b04                _haptics_driver_api_list_end = .

hwspinlock_driver_api_area
                0x08006b04        0x0
                0x08006b04                _hwspinlock_driver_api_list_start = .
 *(SORT_BY_NAME(SORT_BY_ALIGNMENT(._hwspinlock_driver_api.static.*)))
                0x08006b04                _hwspinlock_driver_api_list_end = .

i2s_driver_api_area
                0x08006b04        0x0
                0x08006b04                _i2s_driver_api_list_start = .
 *(SORT_BY_NAME(SORT_BY_ALIGNMENT(._i2s_driver_api.static.*)))
                0x08006b04                _i2s_driver_api_list_end = .

i3c_driver_api_area
                0x08006b04        0x0
                0x08006b04                _i3c_driver_api_list_start = .
 *(SORT_BY_NAME(SORT_BY_ALIGNMENT(._i3c_driver_api.static.*)))
                0x08006b04                _i3c_driver_api_list_end = .

ipm_driver_api_area
                0x08006b04        0x0
                0x08006b04                _ipm_driver_api_list_start = .
 *(SORT_BY_NAME(SORT_BY_ALIGNMENT(._ipm_driver_api.static.*)))
                0x08006b04                _ipm_driver_api_list_end = .

led_driver_api_area
                0x08006b04        0x0
                0x08006b04                _led_driver_api_list_start = .
 *(SORT_BY_NAME(SORT_BY_ALIGNMENT(._led_driver_api.static.*)))
                0x08006b04                _led_driver_api_list_end = .

led_strip_driver_api_area
                0x08006b04        0x0
                0x08006b04                _led_strip_driver_api_list_start = .
 *(SORT_BY_NAME(SORT_BY_ALIGNMENT(._led_strip_driver_api.static.*)))
                0x08006b04                _led_strip_driver_api_list_end = .

lora_driver_api_area
                0x08006b04        0x0
                0x08006b04                _lora_driver_api_list_start = .
 *(SORT_BY_NAME(SORT_BY_ALIGNMENT(._lora_driver_api.static.*)))
                0x08006b04                _lora_driver_api_list_end = .

mbox_driver_api_area
                0x08006b04        0x0
                0x08006b04                _mbox_driver_api_list_start = .
 *(SORT_BY_NAME(SORT_BY_ALIGNMENT(._mbox_driver_api.static.*)))
                0x08006b04                _mbox_driver_api_list_end = .

mdio_driver_api_area
                0x08006b04        0x0
                0x08006b04                _mdio_driver_api_list_start = .
 *(SORT_BY_NAME(SORT_BY_ALIGNMENT(._mdio_driver_api.static.*)))
                0x08006b04                _mdio_driver_api_list_end = .

mipi_dbi_driver_api_area
                0x08006b04        0x0
                0x08006b04                _mipi_dbi_driver_api_list_start = .
 *(SORT_BY_NAME(SORT_BY_ALIGNMENT(._mipi_dbi_driver_api.static.*)))
                0x08006b04                _mipi_dbi_driver_api_list_end = .

mipi_dsi_driver_api_area
                0x08006b04        0x0
                0x08006b04                _mipi_dsi_driver_api_list_start = .
 *(SORT_BY_NAME(SORT_BY_ALIGNMENT(._mipi_dsi_driver_api.static.*)))
                0x08006b04                _mipi_dsi_driver_api_list_end = .

mspi_driver_api_area
                0x08006b04        0x0
                0x08006b04                _mspi_driver_api_list_start = .
 *(SORT_BY_NAME(SORT_BY_ALIGNMENT(._mspi_driver_api.static.*)))
                0x08006b04                _mspi_driver_api_list_end = .

peci_driver_api_area
                0x08006b04        0x0
                0x08006b04                _peci_driver_api_list_start = .
 *(SORT_BY_NAME(SORT_BY_ALIGNMENT(._peci_driver_api.static.*)))
                0x08006b04                _peci_driver_api_list_end = .

ps2_driver_api_area
                0x08006b04        0x0
                0x08006b04                _ps2_driver_api_list_start = .
 *(SORT_BY_NAME(SORT_BY_ALIGNMENT(._ps2_driver_api.static.*)))
                0x08006b04                _ps2_driver_api_list_end = .

ptp_clock_driver_api_area
                0x08006b04        0x0
                0x08006b04                _ptp_clock_driver_api_list_start = .
 *(SORT_BY_NAME(SORT_BY_ALIGNMENT(._ptp_clock_driver_api.static.*)))
                0x08006b04                _ptp_clock_driver_api_list_end = .

pwm_driver_api_area
                0x08006b04        0x0
                0x08006b04                _pwm_driver_api_list_start = .
 *(SORT_BY_NAME(SORT_BY_ALIGNMENT(._pwm_driver_api.static.*)))
                0x08006b04                _pwm_driver_api_list_end = .

regulator_parent_driver_api_area
                0x08006b04        0x0
                0x08006b04                _regulator_parent_driver_api_list_start = .
 *(SORT_BY_NAME(SORT_BY_ALIGNMENT(._regulator_parent_driver_api.static.*)))
                0x08006b04                _regulator_parent_driver_api_list_end = .

regulator_driver_api_area
                0x08006b04        0x0
                0x08006b04                _regulator_driver_api_list_start = .
 *(SORT_BY_NAME(SORT_BY_ALIGNMENT(._regulator_driver_api.static.*)))
                0x08006b04                _regulator_driver_api_list_end = .

retained_mem_driver_api_area
                0x08006b04        0x0
                0x08006b04                _retained_mem_driver_api_list_start = .
 *(SORT_BY_NAME(SORT_BY_ALIGNMENT(._retained_mem_driver_api.static.*)))
                0x08006b04                _retained_mem_driver_api_list_end = .

rtc_driver_api_area
                0x08006b04        0x0
                0x08006b04                _rtc_driver_api_list_start = .
 *(SORT_BY_NAME(SORT_BY_ALIGNMENT(._rtc_driver_api.static.*)))
                0x08006b04                _rtc_driver_api_list_end = .

sdhc_driver_api_area
                0x08006b04        0x0
                0x08006b04                _sdhc_driver_api_list_start = .
 *(SORT_BY_NAME(SORT_BY_ALIGNMENT(._sdhc_driver_api.static.*)))
                0x08006b04                _sdhc_driver_api_list_end = .

sensor_driver_api_area
                0x08006b04        0x0
                0x08006b04                _sensor_driver_api_list_start = .
 *(SORT_BY_NAME(SORT_BY_ALIGNMENT(._sensor_driver_api.static.*)))
                0x08006b04                _sensor_driver_api_list_end = .

smbus_driver_api_area
                0x08006b04        0x0
                0x08006b04                _smbus_driver_api_list_start = .
 *(SORT_BY_NAME(SORT_BY_ALIGNMENT(._smbus_driver_api.static.*)))
                0x08006b04                _smbus_driver_api_list_end = .

spi_driver_api_area
                0x08006b04        0x0
                0x08006b04                _spi_driver_api_list_start = .
 *(SORT_BY_NAME(SORT_BY_ALIGNMENT(._spi_driver_api.static.*)))
                0x08006b04                _spi_driver_api_list_end = .

stepper_driver_api_area
                0x08006b04        0x0
                0x08006b04                _stepper_driver_api_list_start = .
 *(SORT_BY_NAME(SORT_BY_ALIGNMENT(._stepper_driver_api.static.*)))
                0x08006b04                _stepper_driver_api_list_end = .

syscon_driver_api_area
                0x08006b04        0x0
                0x08006b04                _syscon_driver_api_list_start = .
 *(SORT_BY_NAME(SORT_BY_ALIGNMENT(._syscon_driver_api.static.*)))
                0x08006b04                _syscon_driver_api_list_end = .

tee_driver_api_area
                0x08006b04        0x0
                0x08006b04                _tee_driver_api_list_start = .
 *(SORT_BY_NAME(SORT_BY_ALIGNMENT(._tee_driver_api.static.*)))
                0x08006b04                _tee_driver_api_list_end = .

video_driver_api_area
                0x08006b04        0x0
                0x08006b04                _video_driver_api_list_start = .
 *(SORT_BY_NAME(SORT_BY_ALIGNMENT(._video_driver_api.static.*)))
                0x08006b04                _video_driver_api_list_end = .

w1_driver_api_area
                0x08006b04        0x0
                0x08006b04                _w1_driver_api_list_start = .
 *(SORT_BY_NAME(SORT_BY_ALIGNMENT(._w1_driver_api.static.*)))
                0x08006b04                _w1_driver_api_list_end = .

wdt_driver_api_area
                0x08006b04        0x0
                0x08006b04                _wdt_driver_api_list_start = .
 *(SORT_BY_NAME(SORT_BY_ALIGNMENT(._wdt_driver_api.static.*)))
                0x08006b04                _wdt_driver_api_list_end = .

can_transceiver_driver_api_area
                0x08006b04        0x0
                0x08006b04                _can_transceiver_driver_api_list_start = .
 *(SORT_BY_NAME(SORT_BY_ALIGNMENT(._can_transceiver_driver_api.static.*)))
                0x08006b04                _can_transceiver_driver_api_list_end = .

nrf_clock_control_driver_api_area
                0x08006b04        0x0
                0x08006b04                _nrf_clock_control_driver_api_list_start = .
 *(SORT_BY_NAME(SORT_BY_ALIGNMENT(._nrf_clock_control_driver_api.static.*)))
                0x08006b04                _nrf_clock_control_driver_api_list_end = .

i3c_target_driver_api_area
                0x08006b04        0x0
                0x08006b04                _i3c_target_driver_api_list_start = .
 *(SORT_BY_NAME(SORT_BY_ALIGNMENT(._i3c_target_driver_api.static.*)))
                0x08006b04                _i3c_target_driver_api_list_end = .

its_driver_api_area
                0x08006b04        0x0
                0x08006b04                _its_driver_api_list_start = .
 *(SORT_BY_NAME(SORT_BY_ALIGNMENT(._its_driver_api.static.*)))
                0x08006b04                _its_driver_api_list_end = .

vtd_driver_api_area
                0x08006b04        0x0
                0x08006b04                _vtd_driver_api_list_start = .
 *(SORT_BY_NAME(SORT_BY_ALIGNMENT(._vtd_driver_api.static.*)))
                0x08006b04                _vtd_driver_api_list_end = .

tgpio_driver_api_area
                0x08006b04        0x0
                0x08006b04                _tgpio_driver_api_list_start = .
 *(SORT_BY_NAME(SORT_BY_ALIGNMENT(._tgpio_driver_api.static.*)))
                0x08006b04                _tgpio_driver_api_list_end = .

pcie_ctrl_driver_api_area
                0x08006b04        0x0
                0x08006b04                _pcie_ctrl_driver_api_list_start = .
 *(SORT_BY_NAME(SORT_BY_ALIGNMENT(._pcie_ctrl_driver_api.static.*)))
                0x08006b04                _pcie_ctrl_driver_api_list_end = .

pcie_ep_driver_api_area
                0x08006b04        0x0
                0x08006b04                _pcie_ep_driver_api_list_start = .
 *(SORT_BY_NAME(SORT_BY_ALIGNMENT(._pcie_ep_driver_api.static.*)))
                0x08006b04                _pcie_ep_driver_api_list_end = .

svc_driver_api_area
                0x08006b04        0x0
                0x08006b04                _svc_driver_api_list_start = .
 *(SORT_BY_NAME(SORT_BY_ALIGNMENT(._svc_driver_api.static.*)))
                0x08006b04                _svc_driver_api_list_end = .

uart_driver_api_area
                0x08006b04       0x4c
                0x08006b04                _uart_driver_api_list_start = .
 *(SORT_BY_NAME(SORT_BY_ALIGNMENT(._uart_driver_api.static.*)))
 ._uart_driver_api.static.uart_stm32_driver_api_
                0x08006b04       0x4c zephyr/drivers/serial/libdrivers__serial.a(uart_stm32.c.obj)
                0x08006b50                _uart_driver_api_list_end = .

bc12_emul_driver_api_area
                0x08006b50        0x0
                0x08006b50                _bc12_emul_driver_api_list_start = .
 *(SORT_BY_NAME(SORT_BY_ALIGNMENT(._bc12_emul_driver_api.static.*)))
                0x08006b50                _bc12_emul_driver_api_list_end = .

bc12_driver_api_area
                0x08006b50        0x0
                0x08006b50                _bc12_driver_api_list_start = .
 *(SORT_BY_NAME(SORT_BY_ALIGNMENT(._bc12_driver_api.static.*)))
                0x08006b50                _bc12_driver_api_list_end = .

usbc_ppc_driver_api_area
                0x08006b50        0x0
                0x08006b50                _usbc_ppc_driver_api_list_start = .
 *(SORT_BY_NAME(SORT_BY_ALIGNMENT(._usbc_ppc_driver_api.static.*)))
                0x08006b50                _usbc_ppc_driver_api_list_end = .

tcpc_driver_api_area
                0x08006b50        0x0
                0x08006b50                _tcpc_driver_api_list_start = .
 *(SORT_BY_NAME(SORT_BY_ALIGNMENT(._tcpc_driver_api.static.*)))
                0x08006b50                _tcpc_driver_api_list_end = .

usbc_vbus_driver_api_area
                0x08006b50        0x0
                0x08006b50                _usbc_vbus_driver_api_list_start = .
 *(SORT_BY_NAME(SORT_BY_ALIGNMENT(._usbc_vbus_driver_api.static.*)))
                0x08006b50                _usbc_vbus_driver_api_list_end = .

ivshmem_driver_api_area
                0x08006b50        0x0
                0x08006b50                _ivshmem_driver_api_list_start = .
 *(SORT_BY_NAME(SORT_BY_ALIGNMENT(._ivshmem_driver_api.static.*)))
                0x08006b50                _ivshmem_driver_api_list_end = .

ethphy_driver_api_area
                0x08006b50        0x0
                0x08006b50                _ethphy_driver_api_list_start = .
 *(SORT_BY_NAME(SORT_BY_ALIGNMENT(._ethphy_driver_api.static.*)))
                0x08006b50                _ethphy_driver_api_list_end = .

ztest           0x08006b50        0x0
                0x08006b50                _ztest_expected_result_entry_list_start = .
 *(SORT_BY_NAME(SORT_BY_ALIGNMENT(._ztest_expected_result_entry.static.*)))
                0x08006b50                _ztest_expected_result_entry_list_end = .
                0x08006b50                _ztest_suite_node_list_start = .
 *(SORT_BY_NAME(SORT_BY_ALIGNMENT(._ztest_suite_node.static.*)))
                0x08006b50                _ztest_suite_node_list_end = .
                0x08006b50                _ztest_unit_test_list_start = .
 *(SORT_BY_NAME(SORT_BY_ALIGNMENT(._ztest_unit_test.static.*)))
                0x08006b50                _ztest_unit_test_list_end = .
                0x08006b50                _ztest_test_rule_list_start = .
 *(SORT_BY_NAME(SORT_BY_ALIGNMENT(._ztest_test_rule.static.*)))
                0x08006b50                _ztest_test_rule_list_end = .

init_array      0x08006b50        0x0
 *(SORT_BY_NAME(SORT_BY_ALIGNMENT(.ctors*)))
 *(SORT_BY_NAME(SORT_BY_ALIGNMENT(.init_array*)))
                0x00000001                ASSERT ((SIZEOF (init_array) == 0x0), GNU-style constructors required but STATIC_INIT_GNU not enabled)

bt_l2cap_fixed_chan_area
                0x08006b50        0x0
                0x08006b50                _bt_l2cap_fixed_chan_list_start = .
 *(SORT_BY_NAME(SORT_BY_ALIGNMENT(._bt_l2cap_fixed_chan.static.*)))
                0x08006b50                _bt_l2cap_fixed_chan_list_end = .

bt_gatt_service_static_area
                0x08006b50        0x0
                0x08006b50                _bt_gatt_service_static_list_start = .
 *(SORT_BY_NAME(SORT_BY_ALIGNMENT(._bt_gatt_service_static.static.*)))
                0x08006b50                _bt_gatt_service_static_list_end = .

log_strings_area
                0x08006b50        0x0
                0x08006b50                _log_strings_list_start = .
 *(SORT_BY_NAME(SORT_BY_ALIGNMENT(._log_strings.static.*)))
                0x08006b50                _log_strings_list_end = .

log_stmesp_ptr_area
                0x08006b50        0x0
                0x08006b50                _log_stmesp_ptr_list_start = .
 *(SORT_BY_NAME(SORT_BY_ALIGNMENT(._log_stmesp_ptr.static.*)))
                0x08006b50                _log_stmesp_ptr_list_end = .

log_stmesp_str_area
                0x08006b50        0x0
                0x08006b50                _log_stmesp_str_list_start = .
 *(SORT_BY_NAME(SORT_BY_ALIGNMENT(._log_stmesp_str.static.*)))
                0x08006b50                _log_stmesp_str_list_end = .

log_const_area  0x08006b50       0x70
                0x08006b50                _log_const_list_start = .
 *(SORT_BY_NAME(SORT_BY_ALIGNMENT(._log_const.static.*)))
 ._log_const.static.log_const_bme280_
                0x08006b50        0x8 app/libapp.a(bme280.c.obj)
                0x08006b50                log_const_bme280
 ._log_const.static.log_const_cbprintf_package_
                0x08006b58        0x8 zephyr/libzephyr.a(cbprintf_packaged.c.obj)
                0x08006b58                log_const_cbprintf_package
 ._log_const.static.log_const_esp32_comm_
                0x08006b60        0x8 app/libapp.a(esp32_comm.c.obj)
                0x08006b60                log_const_esp32_comm
 ._log_const.static.log_const_i2c_
                0x08006b68        0x8 zephyr/drivers/i2c/libdrivers__i2c.a(i2c_common.c.obj)
                0x08006b68                log_const_i2c
 ._log_const.static.log_const_i2c_ll_stm32_
                0x08006b70        0x8 zephyr/drivers/i2c/libdrivers__i2c.a(i2c_ll_stm32.c.obj)
                0x08006b70                log_const_i2c_ll_stm32
 ._log_const.static.log_const_i2c_ll_stm32_v1_
                0x08006b78        0x8 zephyr/drivers/i2c/libdrivers__i2c.a(i2c_ll_stm32_v1.c.obj)
                0x08006b78                log_const_i2c_ll_stm32_v1
 ._log_const.static.log_const_log_
                0x08006b80        0x8 zephyr/libzephyr.a(log_core.c.obj)
                0x08006b80                log_const_log
 ._log_const.static.log_const_log_mgmt_
                0x08006b88        0x8 zephyr/libzephyr.a(log_mgmt.c.obj)
                0x08006b88                log_const_log_mgmt
 ._log_const.static.log_const_log_uart_
                0x08006b90        0x8 zephyr/libzephyr.a(log_backend_uart.c.obj)
                0x08006b90                log_const_log_uart
 ._log_const.static.log_const_ml_model_
                0x08006b98        0x8 app/libapp.a(ml_model.c.obj)
                0x08006b98                log_const_ml_model
 ._log_const.static.log_const_mpu_
                0x08006ba0        0x8 zephyr/arch/arch/arm/core/mpu/libarch__arm__core__mpu.a(arm_core_mpu.c.obj)
                0x08006ba0                log_const_mpu
 ._log_const.static.log_const_os_
                0x08006ba8        0x8 zephyr/kernel/libkernel.a(init.c.obj)
                0x08006ba8                log_const_os
 ._log_const.static.log_const_stm32_
                0x08006bb0        0x8 zephyr/drivers/gpio/libdrivers__gpio.a(gpio_stm32.c.obj)
                0x08006bb0                log_const_stm32
 ._log_const.static.log_const_uart_stm32_
                0x08006bb8        0x8 zephyr/drivers/serial/libdrivers__serial.a(uart_stm32.c.obj)
                0x08006bb8                log_const_uart_stm32
                0x08006bc0                _log_const_list_end = .

log_backend_area
                0x08006bc0       0x10
                0x08006bc0                _log_backend_list_start = .
 *(SORT_BY_NAME(SORT_BY_ALIGNMENT(._log_backend.static.*)))
 ._log_backend.static.log_backend_uart_
                0x08006bc0       0x10 zephyr/libzephyr.a(log_backend_uart.c.obj)
                0x08006bd0                _log_backend_list_end = .

log_link_area   0x08006bd0        0x0
                0x08006bd0                _log_link_list_start = .
 *(SORT_BY_NAME(SORT_BY_ALIGNMENT(._log_link.static.*)))
                0x08006bd0                _log_link_list_end = .

tracing_backend_area
                0x08006bd0        0x0
                0x08006bd0                _tracing_backend_list_start = .
 *(SORT_BY_NAME(SORT_BY_ALIGNMENT(._tracing_backend.static.*)))
                0x08006bd0                _tracing_backend_list_end = .

zephyr_dbg_info
 *(SORT_BY_ALIGNMENT(.dbg_thread_info))

intc_table_area
                0x08006bd0        0x0
                0x08006bd0                _intc_table_list_start = .
 *(SORT_BY_NAME(SORT_BY_ALIGNMENT(._intc_table.static.*)))
                0x08006bd0                _intc_table_list_end = .

symbol_to_keep  0x08006bd0        0x0
                0x08006bd0                __symbol_to_keep_start = .
 *(SORT_BY_NAME(SORT_BY_ALIGNMENT(.symbol_to_keep*)))
                0x08006bd0                __symbol_to_keep_end = .

shell_area      0x08006bd0        0x0
                0x08006bd0                _shell_list_start = .
 *(SORT_BY_NAME(SORT_BY_ALIGNMENT(._shell.static.*)))
                0x08006bd0                _shell_list_end = .

shell_root_cmds_area
                0x08006bd0        0x0
                0x08006bd0                _shell_root_cmds_list_start = .
 *(SORT_BY_NAME(SORT_BY_ALIGNMENT(._shell_root_cmds.static.*)))
                0x08006bd0                _shell_root_cmds_list_end = .

shell_subcmds_area
                0x08006bd0        0x0
                0x08006bd0                _shell_subcmds_list_start = .
 *(SORT_BY_NAME(SORT_BY_ALIGNMENT(._shell_subcmds.static.*)))
                0x08006bd0                _shell_subcmds_list_end = .

shell_dynamic_subcmds_area
                0x08006bd0        0x0
                0x08006bd0                _shell_dynamic_subcmds_list_start = .
 *(SORT_BY_NAME(SORT_BY_ALIGNMENT(._shell_dynamic_subcmds.static.*)))
                0x08006bd0                _shell_dynamic_subcmds_list_end = .

cfb_font_area   0x08006bd0        0x0
                0x08006bd0                _cfb_font_list_start = .
 *(SORT_BY_NAME(SORT_BY_ALIGNMENT(._cfb_font.static.*)))
                0x08006bd0                _cfb_font_list_end = .

rodata          0x08006bd0      0xd30
 *(SORT_BY_ALIGNMENT(.rodata))
 *(SORT_BY_ALIGNMENT(.rodata.*))
 .rodata.format_table
                0x08006bd0       0x10 zephyr/libzephyr.a(log_core.c.obj)
 .rodata.mpsc_config
                0x08006be0       0x14 zephyr/libzephyr.a(log_core.c.obj)
 .rodata.colors
                0x08006bf4       0x14 zephyr/libzephyr.a(log_output.c.obj)
 .rodata.severity
                0x08006c08       0x14 zephyr/libzephyr.a(log_output.c.obj)
 .rodata.lbu_cb_ctx
                0x08006c1c        0x8 zephyr/libzephyr.a(log_backend_uart.c.obj)
 .rodata.lbu_output
                0x08006c24       0x10 zephyr/libzephyr.a(log_backend_uart.c.obj)
 .rodata.log_backend_uart_api
                0x08006c34       0x1c zephyr/libzephyr.a(log_backend_uart.c.obj)
                0x08006c34                log_backend_uart_api
 .rodata.mem_attr_region
                0x08006c50        0x0 zephyr/libzephyr.a(mem_attr.c.obj)
 .rodata.static_regions
                0x08006c50        0xc zephyr/arch/arch/arm/core/mpu/libarch__arm__core__mpu.a(arm_core_mpu.c.obj)
 .rodata.mpu_config
                0x08006c5c        0x8 zephyr/arch/arch/arm/core/mpu/libarch__arm__core__mpu.a(arm_mpu_regions.c.obj)
                0x08006c5c                mpu_config
 .rodata.mpu_regions
                0x08006c64       0x18 zephyr/arch/arch/arm/core/mpu/libarch__arm__core__mpu.a(arm_mpu_regions.c.obj)
 .rodata.gpio_stm32_cfg_a
                0x08006c7c       0x14 zephyr/drivers/gpio/libdrivers__gpio.a(gpio_stm32.c.obj)
 .rodata.gpio_stm32_cfg_b
                0x08006c90       0x14 zephyr/drivers/gpio/libdrivers__gpio.a(gpio_stm32.c.obj)
 .rodata.gpio_stm32_cfg_c
                0x08006ca4       0x14 zephyr/drivers/gpio/libdrivers__gpio.a(gpio_stm32.c.obj)
 .rodata.gpio_stm32_cfg_d
                0x08006cb8       0x14 zephyr/drivers/gpio/libdrivers__gpio.a(gpio_stm32.c.obj)
 .rodata.gpio_stm32_cfg_e