Archive member included to satisfy reference by file (symbol)

app/libapp.a(main.c.obj)      (--whole-archive)
app/libapp.a(bme280.c.obj)    (--whole-archive)
app/libapp.a(rain_model.c.obj)
                              (--whole-archive)
app/libapp.a(esp32_comm.c.obj)
                              (--whole-archive)
zephyr/libzephyr.a(heap.c.obj)
                              (--whole-archive)
zephyr/libzephyr.a(cbprintf_packaged.c.obj)
                              (--whole-archive)
zephyr/libzephyr.a(printk.c.obj)
                              (--whole-archive)
zephyr/libzephyr.a(sem.c.obj)
                              (--whole-archive)
zephyr/libzephyr.a(thread_entry.c.obj)
                              (--whole-archive)
zephyr/libzephyr.a(cbprintf_complete.c.obj)
                              (--whole-archive)
zephyr/libzephyr.a(cbprintf.c.obj)
                              (--whole-archive)
zephyr/libzephyr.a(assert.c.obj)
                              (--whole-archive)
zephyr/libzephyr.a(reboot.c.obj)
                              (--whole-archive)
zephyr/libzephyr.a(dec.c.obj)
                              (--whole-archive)
zephyr/libzephyr.a(hex.c.obj)
                              (--whole-archive)
zephyr/libzephyr.a(rb.c.obj)  (--whole-archive)
zephyr/libzephyr.a(timeutil.c.obj)
                              (--whole-archive)
zephyr/libzephyr.a(bitarray.c.obj)
                              (--whole-archive)
zephyr/libzephyr.a(ring_buffer.c.obj)
                              (--whole-archive)
zephyr/libzephyr.a(configs.c.obj)
                              (--whole-archive)
zephyr/libzephyr.a(stm32cube_hal.c.obj)
                              (--whole-archive)
zephyr/libzephyr.a(soc_config.c.obj)
                              (--whole-archive)
zephyr/libzephyr.a(soc.c.obj)
                              (--whole-archive)
zephyr/libzephyr.a(log_core.c.obj)
                              (--whole-archive)
zephyr/libzephyr.a(log_mgmt.c.obj)
                              (--whole-archive)
zephyr/libzephyr.a(log_cache.c.obj)
                              (--whole-archive)
zephyr/libzephyr.a(log_msg.c.obj)
                              (--whole-archive)
zephyr/libzephyr.a(log_output.c.obj)
                              (--whole-archive)
zephyr/libzephyr.a(log_backend_uart.c.obj)
                              (--whole-archive)
zephyr/libzephyr.a(mem_attr.c.obj)
                              (--whole-archive)
zephyr/libzephyr.a(tracing_none.c.obj)
                              (--whole-archive)
zephyr/arch/common/libarch__common.a(sw_isr_common.c.obj)
                              (--whole-archive)
zephyr/arch/arch/arm/core/libarch__arm__core.a(fatal.c.obj)
                              (--whole-archive)
zephyr/arch/arch/arm/core/libarch__arm__core.a(nmi.c.obj)
                              (--whole-archive)
zephyr/arch/arch/arm/core/libarch__arm__core.a(nmi_on_reset.S.obj)
                              (--whole-archive)
zephyr/arch/arch/arm/core/cortex_m/libarch__arm__core__cortex_m.a(exc_exit.c.obj)
                              (--whole-archive)
zephyr/arch/arch/arm/core/cortex_m/libarch__arm__core__cortex_m.a(fault.c.obj)
                              (--whole-archive)
zephyr/arch/arch/arm/core/cortex_m/libarch__arm__core__cortex_m.a(fault_s.S.obj)
                              (--whole-archive)
zephyr/arch/arch/arm/core/cortex_m/libarch__arm__core__cortex_m.a(fpu.c.obj)
                              (--whole-archive)
zephyr/arch/arch/arm/core/cortex_m/libarch__arm__core__cortex_m.a(reset.S.obj)
                              (--whole-archive)
zephyr/arch/arch/arm/core/cortex_m/libarch__arm__core__cortex_m.a(scb.c.obj)
                              (--whole-archive)
zephyr/arch/arch/arm/core/cortex_m/libarch__arm__core__cortex_m.a(thread_abort.c.obj)
                              (--whole-archive)
zephyr/arch/arch/arm/core/cortex_m/libarch__arm__core__cortex_m.a(vector_table.S.obj)
                              (--whole-archive)
zephyr/arch/arch/arm/core/cortex_m/libarch__arm__core__cortex_m.a(swap_helper.S.obj)
                              (--whole-archive)
zephyr/arch/arch/arm/core/cortex_m/libarch__arm__core__cortex_m.a(irq_manage.c.obj)
                              (--whole-archive)
zephyr/arch/arch/arm/core/cortex_m/libarch__arm__core__cortex_m.a(prep_c.c.obj)
                              (--whole-archive)
zephyr/arch/arch/arm/core/cortex_m/libarch__arm__core__cortex_m.a(thread.c.obj)
                              (--whole-archive)
zephyr/arch/arch/arm/core/cortex_m/libarch__arm__core__cortex_m.a(cpu_idle.c.obj)
                              (--whole-archive)
zephyr/arch/arch/arm/core/cortex_m/libarch__arm__core__cortex_m.a(irq_init.c.obj)
                              (--whole-archive)
zephyr/arch/arch/arm/core/cortex_m/libarch__arm__core__cortex_m.a(isr_wrapper.c.obj)
                              (--whole-archive)
zephyr/arch/arch/arm/core/mpu/libarch__arm__core__mpu.a(arm_core_mpu.c.obj)
[...]
Memory Configuration

Name             Origin             Length             Attributes
FLASH            0x0000000008000000 0x0000000000080000 xr
RAM              0x0000000020000000 0x0000000000020000 xw
BACKUP_SRAM      0x0000000040024000 0x0000000000001000 rw
IDT_LIST         0x00000000ffff7fff 0x0000000000008000 xw
*default*        0x0000000000000000 0xffffffffffffffff

Linker script and memory map

LOAD zephyr/CMakeFiles/zephyr_final.dir/misc/empty_file.c.obj
LOAD zephyr/CMakeFiles/zephyr_final.dir/isr_tables.c.obj
LOAD zephyr/CMakeFiles/offsets.dir/./arch/arm/core/offsets/offsets.c.obj
LOAD app/libapp.a
LOAD zephyr/libzephyr.a
LOAD zephyr/arch/common/libarch__common.a
LOAD zephyr/arch/arch/arm/core/libarch__arm__core.a
LOAD zephyr/arch/arch/arm/core/cortex_m/libarch__arm__core__cortex_m.a
LOAD zephyr/arch/arch/arm/core/mpu/libarch__arm__core__mpu.a
LOAD zephyr/lib/libc/newlib/liblib__libc__newlib.a
LOAD zephyr/lib/libc/common/liblib__libc__common.a
LOAD zephyr/drivers/interrupt_controller/libdrivers__interrupt_controller.a
LOAD zephyr/drivers/clock_control/libdrivers__clock_control.a
LOAD zephyr/drivers/console/libdrivers__console.a
LOAD zephyr/drivers/gpio/libdrivers__gpio.a
LOAD zephyr/drivers/i2c/libdrivers__i2c.a
LOAD zephyr/drivers/pinctrl/libdrivers__pinctrl.a
LOAD zephyr/drivers/reset/libdrivers__reset.a
LOAD zephyr/drivers/serial/libdrivers__serial.a
LOAD zephyr/drivers/timer/libdrivers__timer.a
LOAD modules/hal_stm32/stm32cube/lib..__modules__hal__stm32__stm32cube.a
LOAD zephyr/kernel/libkernel.a
LOAD zephyr/arch/common/libisr_tables.a
LOAD C:/zephyr-sdk-0.17.1-rc1_windows-x86_64/zephyr-sdk-0.17.1-rc1/arm-zephyr-eabi/arm-zephyr-eabi/lib/thumb/v7e-m/nofp\libm.a
LOAD C:/zephyr-sdk-0.17.1-rc1_windows-x86_64/zephyr-sdk-0.17.1-rc1/arm-zephyr-eabi/arm-zephyr-eabi/lib/thumb/v7e-m/nofp\libc.a
LOAD c:/zephyr-sdk-0.17.1-rc1_windows-x86_64/zephyr-sdk-0.17.1-rc1/arm-zephyr-eabi/bin/../lib/gcc/arm-zephyr-eabi/12.2.0/thumb/v7e-m/nofp\libgcc.a
LOAD C:/zephyr-sdk-0.17.1-rc1_windows-x86_64/zephyr-sdk-0.17.1-rc1/arm-zephyr-eabi/arm-zephyr-eabi/lib/thumb/v7e-m/nofp\libc.a
                0x0000000000000020                _region_min_align = 0x20

.rel.plt        0x0000000008000000        0x0
 *(SORT_BY_ALIGNMENT(.rel.plt))
                [!provide]                        PROVIDE (__rel_iplt_start = .)
 *(SORT_BY_ALIGNMENT(.rel.iplt))
 .rel.iplt      0x0000000008000000        0x0 zephyr/CMakeFiles/zephyr_final.dir/isr_tables.c.obj
                [!provide]                        PROVIDE (__rel_iplt_end = .)

.rela.plt       0x0000000000000000        0x0
 *(SORT_BY_ALIGNMENT(.rela.plt))
                [!provide]                        PROVIDE (__rela_iplt_start = .)
 *(SORT_BY_ALIGNMENT(.rela.iplt))
                [!provide]                        PROVIDE (__rela_iplt_end = .)

.rel.dyn
 *(SORT_BY_ALIGNMENT(.rel.*))

.rela.dyn
 *(SORT_BY_ALIGNMENT(.rela.*))

/DISCARD/
 *(SORT_BY_ALIGNMENT(.plt))

/DISCARD/
 *(SORT_BY_ALIGNMENT(.iplt))
                0x0000000008000000                __rom_region_start = 0x8000000

rom_start       0x0000000008000000      0x1c4
                0x0000000008000000                __rom_start_address = .
 FILL mask 0x00
                0x0000000008000000                . = (. + (0x0 - (. - __rom_start_address)))
                0x0000000008000000                . = ALIGN (0x4)
                0x0000000008000000                . = ALIGN (0x80)
                0x0000000008000000                . = ALIGN (0x200)
                0x0000000008000000                _vector_start = .
 *(SORT_BY_ALIGNMENT(.exc_vector_table))
 *(SORT_BY_ALIGNMENT(.exc_vector_table.*))
 .exc_vector_table._vector_table_section
                0x0000000008000000       0x40 zephyr/arch/arch/arm/core/cortex_m/libarch__arm__core__cortex_m.a(vector_table.S.obj)
                0x0000000008000000                _vector_table
 *(SORT_BY_ALIGNMENT(.vectors))
                0x00000000080001c4                _vector_end = .
                0x0000000008000040                . = ALIGN (0x4)
 *(SORT_BY_ALIGNMENT(.gnu.linkonce.irq_vector_table*))
 .gnu.linkonce.irq_vector_table
                0x0000000008000040      0x184 zephyr/CMakeFiles/zephyr_final.dir/isr_tables.c.obj
                0x0000000008000040                _irq_vector_table
                0x00000000080001c4                _vector_end = .

text            0x0000000008000200    0x7062c
                0x0000000008000200                __text_region_start = .
 *(SORT_BY_ALIGNMENT(.text))
 .text          0x0000000008000200       0xdc C:/zephyr-sdk-0.17.1-rc1_windows-x86_64/zephyr-sdk-0.17.1-rc1/arm-zephyr-eabi/arm-zephyr-eabi/lib/thumb/v7e-m/nofp\libc.a(lib_a-strlen.o)
                0x0000000008000200                strlen
 *fill*         0x00000000080002dc        0x4 
 .text          0x00000000080002e0       0xa0 C:/zephyr-sdk-0.17.1-rc1_windows-x86_64/zephyr-sdk-0.17.1-rc1/arm-zephyr-eabi/arm-zephyr-eabi/lib/thumb/v7e-m/nofp\libc.a(lib_a-memchr.o)
                0x00000000080002e0                memchr
 .text          0x0000000008000380      0x134 C:/zephyr-sdk-0.17.1-rc1_windows-x86_64/zephyr-sdk-0.17.1-rc1/arm-zephyr-eabi/arm-zephyr-eabi/lib/thumb/v7e-m/nofp\libc.a(lib_a-memcpy.o)
                0x0000000008000380                memcpy
 .text          0x00000000080004b4      0x378 c:/zephyr-sdk-0.17.1-rc1_windows-x86_64/zephyr-sdk-0.17.1-rc1/arm-zephyr-eabi/bin/../lib/gcc/arm-zephyr-eabi/12.2.0/thumb/v7e-m/nofp\libgcc.a(_arm_addsubdf3.o)
                0x00000000080004b4                __aeabi_drsub
                0x00000000080004bc                __aeabi_dsub
                0x00000000080004bc                __subdf3
                0x00000000080004c0                __aeabi_dadd
                0x00000000080004c0                __adddf3
                0x0000000008000738                __floatunsidf
                0x0000000008000738                __aeabi_ui2d
                0x0000000008000758                __floatsidf
                0x0000000008000758                __aeabi_i2d
                0x000000000800077c                __aeabi_f2d
                0x000000000800077c                __extendsfdf2
                0x00000000080007c0                __floatundidf
                0x00000000080007c0                __aeabi_ul2d
                0x00000000080007d0                __floatdidf
                0x00000000080007d0                __aeabi_l2d
 .text          0x000000000800082c      0x424 c:/zephyr-sdk-0.17.1-rc1_windows-x86_64/zephyr-sdk-0.17.1-rc1/arm-zephyr-eabi/bin/../lib/gcc/arm-zephyr-eabi/12.2.0/thumb/v7e-m/nofp\libgcc.a(_arm_muldivdf3.o)
                0x000000000800082c                __aeabi_dmul
                0x000000000800082c                __muldf3
                0x0000000008000a80                __divdf3
                0x0000000008000a80                __aeabi_ddiv
 .text          0x0000000008000c50      0x110 c:/zephyr-sdk-0.17.1-rc1_windows-x86_64/zephyr-sdk-0.17.1-rc1/arm-zephyr-eabi/bin/../lib/gcc/arm-zephyr-eabi/12.2.0/thumb/v7e-m/nofp\libgcc.a(_arm_cmpdf2.o)
                0x0000000008000c50                __gtdf2
                0x0000000008000c50                __gedf2
                0x0000000008000c58                __ltdf2
                0x0000000008000c58                __ledf2
                0x0000000008000c60                __nedf2
                0x0000000008000c60                __eqdf2
                0x0000000008000c60                __cmpdf2
                0x0000000008000cdc                __aeabi_cdrcmple
                0x0000000008000cec                __aeabi_cdcmpeq
                0x0000000008000cec                __aeabi_cdcmple
                0x0000000008000cfc                __aeabi_dcmpeq
                0x0000000008000d10                __aeabi_dcmplt
                0x0000000008000d24                __aeabi_dcmple
                0x0000000008000d38                __aeabi_dcmpge
                0x0000000008000d4c                __aeabi_dcmpgt
 .text          0x0000000008000d60       0x2c c:/zephyr-sdk-0.17.1-rc1_windows-x86_64/zephyr-sdk-0.17.1-rc1/arm-zephyr-eabi/bin/../lib/gcc/arm-zephyr-eabi/12.2.0/thumb/v7e-m/nofp\libgcc.a(_arm_unorddf2.o)
                0x0000000008000d60                __unorddf2
                0x0000000008000d60                __aeabi_dcmpun
 .text          0x0000000008000d8c       0x50 c:/zephyr-sdk-0.17.1-rc1_windows-x86_64/zephyr-sdk-0.17.1-rc1/arm-zephyr-eabi/bin/../lib/gcc/arm-zephyr-eabi/12.2.0/thumb/v7e-m/nofp\libgcc.a(_arm_fixdfsi.o)
                0x0000000008000d8c                __aeabi_d2iz
                0x0000000008000d8c                __fixdfsi
 .text          0x0000000008000ddc      0x21c c:/zephyr-sdk-0.17.1-rc1_windows-x86_64/zephyr-sdk-0.17.1-rc1/arm-zephyr-eabi/bin/../lib/gcc/arm-zephyr-eabi/12.2.0/thumb/v7e-m/nofp\libgcc.a(_arm_addsubsf3.o)
                0x0000000008000ddc                __aeabi_frsub
                0x0000000008000de4                __subsf3
                0x0000000008000de4                __aeabi_fsub
                0x0000000008000de8                __aeabi_fadd
                0x0000000008000de8                __addsf3
                0x0000000008000f48                __aeabi_ui2f
                0x0000000008000f48                __floatunsisf
                0x0000000008000f50                __aeabi_i2f
                0x0000000008000f50                __floatsisf
                0x0000000008000f6c                __aeabi_ul2f
                0x0000000008000f6c                __floatundisf
                0x0000000008000f7c                __aeabi_l2f
                0x0000000008000f7c                __floatdisf
 .text          0x0000000008000ff8      0x2a0 c:/zephyr-sdk-0.17.1-rc1_windows-x86_64/zephyr-sdk-0.17.1-rc1/arm-zephyr-eabi/bin/../lib/gcc/arm-zephyr-eabi/12.2.0/thumb/v7e-m/nofp\libgcc.a(_arm_muldivsf3.o)
                0x0000000008000ff8                __mulsf3
                0x0000000008000ff8                __aeabi_fmul
                0x0000000008001160                __aeabi_fdiv
                0x0000000008001160                __divsf3
 .text          0x0000000008001298       0xec c:/zephyr-sdk-0.17.1-rc1_windows-x86_64/zephyr-sdk-0.17.1-rc1/arm-zephyr-eabi/bin/../lib/gcc/arm-zephyr-eabi/12.2.0/thumb/v7e-m/nofp\libgcc.a(_arm_cmpsf2.o)
                0x0000000008001298                __gesf2
                0x0000000008001298                __gtsf2
                0x00000000080012a0                __lesf2
                0x00000000080012a0                __ltsf2
                0x00000000080012a8                __nesf2
                0x00000000080012a8                __eqsf2
                0x00000000080012a8                __cmpsf2
                0x0000000008001308                __aeabi_cfrcmple
                0x0000000008001310                __aeabi_cfcmpeq
                0x0000000008001310                __aeabi_cfcmple
                0x0000000008001320                __aeabi_fcmpeq
                0x0000000008001334                __aeabi_fcmplt
                0x0000000008001348                __aeabi_fcmple
                0x000000000800135c                __aeabi_fcmpge
                0x0000000008001370                __aeabi_fcmpgt
 .text          0x0000000008001384       0x30 c:/zephyr-sdk-0.17.1-rc1_windows-x86_64/zephyr-sdk-0.17.1-rc1/arm-zephyr-eabi/bin/../lib/gcc/arm-zephyr-eabi/12.2.0/thumb/v7e-m/nofp\libgcc.a(_aeabi_uldivmod.o)
                0x0000000008001384                __aeabi_uldivmod
 .text          0x00000000080013b4        0x4 c:/zephyr-sdk-0.17.1-rc1_windows-x86_64/zephyr-sdk-0.17.1-rc1/arm-zephyr-eabi/bin/../lib/gcc/arm-zephyr-eabi/12.2.0/thumb/v7e-m/nofp\libgcc.a(_dvmd_tls.o)
                0x00000000080013b4                __aeabi_idiv0
                0x00000000080013b4                __aeabi_ldiv0
 .text          0x00000000080013b8      0x2a0 c:/zephyr-sdk-0.17.1-rc1_windows-x86_64/zephyr-sdk-0.17.1-rc1/arm-zephyr-eabi/bin/../lib/gcc/arm-zephyr-eabi/12.2.0/thumb/v7e-m/nofp\libgcc.a(_udivmoddi4.o)
                0x00000000080013b8                __udivmoddi4
 *(SORT_BY_ALIGNMENT(.text.*))
 .text.predict_rain
                0x0000000008001658    0x638a8 app/libapp.a(rain_model.c.obj)
                0x0000000008001658                predict_rain
 .text._dtoa_r  0x0000000008064f00      0xe48 C:/zephyr-sdk-0.17.1-rc1_windows-x86_64/zephyr-sdk-0.17.1-rc1/arm-zephyr-eabi/arm-zephyr-eabi/lib/thumb/v7e-m/nofp\libc.a(lib_a-dtoa.o)
                0x0000000008064f00                _dtoa_r
 .text.generate_test_data
                0x0000000008065d48       0xb0 app/libapp.a(main.c.obj)
                0x0000000008065d48                generate_test_data
 .text.weather_thread
                0x0000000008065df8       0xb8 app/libapp.a(main.c.obj)
                0x0000000008065df8                weather_thread
 .text.main     0x0000000008065eb0       0xa8 app/libapp.a(main.c.obj)
                0x0000000008065eb0                main
 .text.z_log_msg_runtime_create.constprop.0
                0x0000000008065f58       0x24 app/libapp.a(rain_model.c.obj)
 .text.ml_model_init
                0x0000000008065f7c       0x24 app/libapp.a(rain_model.c.obj)
                0x0000000008065f7c                ml_model_init
 .text.esp32_comm_init
                0x0000000008065fa0       0x40 app/libapp.a(esp32_comm.c.obj)
                0x0000000008065fa0                esp32_comm_init
 .text.esp32_send_data
                0x0000000008065fe0       0xdc app/libapp.a(esp32_comm.c.obj)
                0x0000000008065fe0                esp32_send_data
 .text.cbvprintf_package
                0x00000000080660bc      0x3a4 zephyr/libzephyr.a(cbprintf_packaged.c.obj)
                0x00000000080660bc                cbvprintf_package
 .text.__printk_hook_install
                0x0000000008066460        0xc zephyr/libzephyr.a(printk.c.obj)
                0x0000000008066460                __printk_hook_install
 .text.extract_decimal
                0x000000000806646c       0x2c zephyr/libzephyr.a(cbprintf_complete.c.obj)
 .text.encode_uint
                0x0000000008066498       0x9c zephyr/libzephyr.a(cbprintf_complete.c.obj)
 .text.z_cbvprintf_impl
                0x0000000008066534      0xd10 zephyr/libzephyr.a(cbprintf_complete.c.obj)
                0x0000000008066534                z_cbvprintf_impl
 .text.st_stm32_common_config
                0x0000000008067244       0x14 zephyr/libzephyr.a(soc_config.c.obj)
 .text.soc_early_init_hook
                0x0000000008067258       0x30 zephyr/libzephyr.a(soc.c.obj)
                0x0000000008067258                soc_early_init_hook
 .text.z_log_init.isra.0
                0x0000000008067288       0xd4 zephyr/libzephyr.a(log_core.c.obj)
 .text.log_format_func_t_get
                0x000000000806735c        0xc zephyr/libzephyr.a(log_core.c.obj)
                0x000000000806735c                log_format_func_t_get
 .text.log_set_timestamp_func
                0x0000000008067368       0x20 zephyr/libzephyr.a(log_core.c.obj)
                0x0000000008067368                log_set_timestamp_func
 .text.log_core_init
                0x0000000008067388       0x4c zephyr/libzephyr.a(log_core.c.obj)
                0x0000000008067388                log_core_init
 .text.z_impl_log_panic
                0x00000000080673d4       0x3c zephyr/libzephyr.a(log_core.c.obj)
                0x00000000080673d4                z_impl_log_panic
 .text.z_log_dropped
                0x0000000008067410       0x30 zephyr/libzephyr.a(log_core.c.obj)
                0x0000000008067410                z_log_dropped
 .text.z_log_msg_commit
                0x0000000008067440       0x38 zephyr/libzephyr.a(log_core.c.obj)
                0x0000000008067440                z_log_msg_commit
 .text.log_source_name_get
                0x0000000008067478       0x1c zephyr/libzephyr.a(log_mgmt.c.obj)
                0x0000000008067478                log_source_name_get
 .text.z_log_msg_runtime_vcreate
                0x0000000008067494       0xac zephyr/libzephyr.a(log_msg.c.obj)
                0x0000000008067494                z_log_msg_runtime_vcreate
 .text.log_msg_get_source_id
                0x0000000008067540       0x18 zephyr/libzephyr.a(log_msg.c.obj)
                0x0000000008067540                log_msg_get_source_id
 .text.print_formatted
                0x0000000008067558       0x24 zephyr/libzephyr.a(log_output.c.obj)
 .text.newline_print
                0x000000000806757c       0x1c zephyr/libzephyr.a(log_output.c.obj)
 .text.log_output_process
                0x0000000008067598      0x2dc zephyr/libzephyr.a(log_output.c.obj)
                0x0000000008067598                log_output_process
 .text.log_output_timestamp_freq_set
                0x0000000008067874       0x2c zephyr/libzephyr.a(log_output.c.obj)
                0x0000000008067874                log_output_timestamp_freq_set
 .text.char_out
                0x00000000080678a0       0x24 zephyr/libzephyr.a(log_backend_uart.c.obj)
 .text.mem_attr_get_regions
                0x00000000080678c4        0xc zephyr/libzephyr.a(mem_attr.c.obj)
                0x00000000080678c4                mem_attr_get_regions
 .text.z_arm_fatal_error
                0x00000000080678d0       0xc4 zephyr/arch/arch/arm/core/libarch__arm__core.a(fatal.c.obj)
                0x00000000080678d0                z_arm_fatal_error
 .text.z_arm_nmi
                0x0000000008067994       0x14 zephyr/arch/arch/arm/core/libarch__arm__core.a(nmi.c.obj)
                0x0000000008067994                z_arm_nmi
 .text.z_SysNmiOnReset
                0x00000000080679a8        0x8 zephyr/arch/arch/arm/core/libarch__arm__core.a(nmi_on_reset.S.obj)
                0x00000000080679a8                z_SysNmiOnReset
 .text._HandlerModeExit
                0x00000000080679b0       0x20 zephyr/arch/arch/arm/core/cortex_m/libarch__arm__core__cortex_m.a(exc_exit.c.obj)
                0x00000000080679b0                z_arm_int_exit
                0x00000000080679b0                z_arm_exc_exit
 .text.bus_fault.constprop.0
                0x00000000080679d0      0x13c zephyr/arch/arch/arm/core/cortex_m/libarch__arm__core__cortex_m.a(fault.c.obj)
 .text.usage_fault.constprop.0
                0x0000000008067b0c      0x108 zephyr/arch/arch/arm/core/cortex_m/libarch__arm__core__cortex_m.a(fault.c.obj)
 .text.mem_manage_fault
                0x0000000008067c14      0x164 zephyr/arch/arch/arm/core/cortex_m/libarch__arm__core__cortex_m.a(fault.c.obj)
 .text.z_arm_fault
                0x0000000008067d78      0x20c zephyr/arch/arch/arm/core/cortex_m/libarch__arm__core__cortex_m.a(fault.c.obj)
                0x0000000008067d78                z_arm_fault
 .text.z_arm_fault_init
                0x0000000008067f84       0x18 zephyr/arch/arch/arm/core/cortex_m/libarch__arm__core__cortex_m.a(fault.c.obj)
                0x0000000008067f84                z_arm_fault_init
 .text.__fault  0x0000000008067f9c       0x14 zephyr/arch/arch/arm/core/cortex_m/libarch__arm__core__cortex_m.a(fault_s.S.obj)
                0x0000000008067f9c                z_arm_usage_fault
                0x0000000008067f9c                z_arm_mpu_fault
                0x0000000008067f9c                z_arm_exc_spurious
                0x0000000008067f9c                z_arm_debug_monitor
                0x0000000008067f9c                z_arm_hard_fault
                0x0000000008067f9c                z_arm_bus_fault
 .text._reset_section
                0x0000000008067fb0       0x34 zephyr/arch/arch/arm/core/cortex_m/libarch__arm__core__cortex_m.a(reset.S.obj)
                0x0000000008067fb0                __start
                0x0000000008067fb0                z_arm_reset
 .text.z_impl_k_thread_abort
                0x0000000008067fe4       0x2c zephyr/arch/arch/arm/core/cortex_m/libarch__arm__core__cortex_m.a(thread_abort.c.obj)
                0x0000000008067fe4                z_impl_k_thread_abort
 .text.z_arm_pendsv
                0x0000000008068010       0x54 zephyr/arch/arch/arm/core/cortex_m/libarch__arm__core__cortex_m.a(swap_helper.S.obj)
                0x0000000008068010                z_arm_pendsv
 .text.z_arm_svc
                0x0000000008068064       0x24 zephyr/arch/arch/arm/core/cortex_m/libarch__arm__core__cortex_m.a(swap_helper.S.obj)
                0x0000000008068064                z_arm_svc
 .text.arm_irq_enable
                0x0000000008068088       0x1c zephyr/arch/arch/arm/core/cortex_m/libarch__arm__core__cortex_m.a(irq_manage.c.obj)
                0x0000000008068088                arm_irq_enable
 .text.arm_irq_priority_set
                0x00000000080680a4       0x30 zephyr/arch/arch/arm/core/cortex_m/libarch__arm__core__cortex_m.a(irq_manage.c.obj)
                0x00000000080680a4                arm_irq_priority_set
 .text.z_prep_c
                0x00000000080680d4       0x48 zephyr/arch/arch/arm/core/cortex_m/libarch__arm__core__cortex_m.a(prep_c.c.obj)
                0x00000000080680d4                z_prep_c
 .text.arch_new_thread
                0x000000000806811c       0x38 zephyr/arch/arch/arm/core/cortex_m/libarch__arm__core__cortex_m.a(thread.c.obj)
                0x000000000806811c                arch_new_thread
 .text.z_check_thread_stack_fail
                0x0000000008068154       0x2c zephyr/arch/arch/arm/core/cortex_m/libarch__arm__core__cortex_m.a(thread.c.obj)
                0x0000000008068154                z_check_thread_stack_fail
 .text.arch_switch_to_main_thread
                0x0000000008068180       0x34 zephyr/arch/arch/arm/core/cortex_m/libarch__arm__core__cortex_m.a(thread.c.obj)
                0x0000000008068180                arch_switch_to_main_thread
 .text.z_arm_cpu_idle_init
                0x00000000080681b4        0xc zephyr/arch/arch/arm/core/cortex_m/libarch__arm__core__cortex_m.a(cpu_idle.c.obj)
                0x00000000080681b4                z_arm_cpu_idle_init
 .text.z_arm_interrupt_init
                0x00000000080681c0       0x18 zephyr/arch/arch/arm/core/cortex_m/libarch__arm__core__cortex_m.a(irq_init.c.obj)
                0x00000000080681c0                z_arm_interrupt_init
 .text._isr_wrapper
                0x00000000080681d8       0x24 zephyr/arch/arch/arm/core/cortex_m/libarch__arm__core__cortex_m.a(isr_wrapper.c.obj)
                0x00000000080681d8                _isr_wrapper
 .text.z_arm_configure_static_mpu_regions
                0x00000000080681fc       0x18 zephyr/arch/arch/arm/core/mpu/libarch__arm__core__mpu.a(arm_core_mpu.c.obj)
                0x00000000080681fc                z_arm_configure_static_mpu_regions
 .text.z_arm_configure_dynamic_mpu_regions
                0x0000000008068214       0x20 zephyr/arch/arch/arm/core/mpu/libarch__arm__core__mpu.a(arm_core_mpu.c.obj)
                0x0000000008068214                z_arm_configure_dynamic_mpu_regions
 .text.region_allocate_and_init
                0x0000000008068234       0x60 zephyr/arch/arch/arm/core/mpu/libarch__arm__core__mpu.a(arm_mpu.c.obj)
 .text.mpu_configure_regions
                0x0000000008068294       0x74 zephyr/arch/arch/arm/core/mpu/libarch__arm__core__mpu.a(arm_mpu.c.obj)
 .text.arm_core_mpu_enable
                0x0000000008068308       0x18 zephyr/arch/arch/arm/core/mpu/libarch__arm__core__mpu.a(arm_mpu.c.obj)
                0x0000000008068308                arm_core_mpu_enable
 .text.arm_core_mpu_disable
                0x0000000008068320       0x14 zephyr/arch/arch/arm/core/mpu/libarch__arm__core__mpu.a(arm_mpu.c.obj)
                0x0000000008068320                arm_core_mpu_disable
 .text.arm_core_mpu_configure_static_mpu_regions
                0x0000000008068334       0x14 zephyr/arch/arch/arm/core/mpu/libarch__arm__core__mpu.a(arm_mpu.c.obj)
                0x0000000008068334                arm_core_mpu_configure_static_mpu_regions
 .text.arm_core_mpu_configure_dynamic_mpu_regions
                0x0000000008068348       0x38 zephyr/arch/arch/arm/core/mpu/libarch__arm__core__mpu.a(arm_mpu.c.obj)
                0x0000000008068348                arm_core_mpu_configure_dynamic_mpu_regions
 .text.z_arm_mpu_init
                0x0000000008068380      0x17c zephyr/arch/arch/arm/core/mpu/libarch__arm__core__mpu.a(arm_mpu.c.obj)
                0x0000000008068380                z_arm_mpu_init
 .text.__stdout_hook_install
                0x00000000080684fc        0xc zephyr/lib/libc/newlib/liblib__libc__newlib.a(libc-hooks.c.obj)
                0x00000000080684fc                __stdout_hook_install
 .text.z_impl_zephyr_read_stdin
                0x0000000008068508       0x28 zephyr/lib/libc/newlib/liblib__libc__newlib.a(libc-hooks.c.obj)
                0x0000000008068508                z_impl_zephyr_read_stdin
 .text.z_impl_zephyr_write_stdout
                0x0000000008068530       0x30 zephyr/lib/libc/newlib/liblib__libc__newlib.a(libc-hooks.c.obj)
                0x0000000008068530                z_impl_zephyr_write_stdout
 .text._sbrk    0x0000000008068560       0x28 zephyr/lib/libc/newlib/liblib__libc__newlib.a(libc-hooks.c.obj)
                0x0000000008068560                sbrk
                0x0000000008068560                _sbrk
 .text.abort    0x0000000008068588       0x1c zephyr/lib/libc/common/liblib__libc__common.a(abort.c.obj)
                0x0000000008068588                abort
 .text.stm32_exti_isr
                0x00000000080685a4       0x50 zephyr/drivers/interrupt_controller/libdrivers__interrupt_controller.a(intc_exti_stm32.c.obj)
 .text.stm32_fill_irq_table
                0x00000000080685f4       0x18 zephyr/drivers/interrupt_controller/libdrivers__interrupt_controller.a(intc_exti_stm32.c.obj)
 .text.stm32_exti_init
                0x000000000806860c       0xb4 zephyr/drivers/interrupt_controller/libdrivers__interrupt_controller.a(intc_exti_stm32.c.obj)
 .text.stm32_gpio_intc_enable_line
                0x00000000080686c0       0x2c zephyr/drivers/interrupt_controller/libdrivers__interrupt_controller.a(intc_exti_stm32.c.obj)
                0x00000000080686c0                stm32_gpio_intc_enable_line
 .text.stm32_gpio_intc_disable_line
                0x00000000080686ec       0x10 zephyr/drivers/interrupt_controller/libdrivers__interrupt_controller.a(intc_exti_stm32.c.obj)
                0x00000000080686ec                stm32_gpio_intc_disable_line
 .text.stm32_gpio_intc_select_line_trigger
                0x00000000080686fc       0x50 zephyr/drivers/interrupt_controller/libdrivers__interrupt_controller.a(intc_exti_stm32.c.obj)
                0x00000000080686fc                stm32_gpio_intc_select_line_trigger
 .text.stm32_gpio_intc_set_irq_callback
                0x000000000806874c       0x40 zephyr/drivers/interrupt_controller/libdrivers__interrupt_controller.a(intc_exti_stm32.c.obj)
                0x000000000806874c                stm32_gpio_intc_set_irq_callback
 .text.stm32_gpio_intc_remove_irq_callback
                0x000000000806878c       0x24 zephyr/drivers/interrupt_controller/libdrivers__interrupt_controller.a(intc_exti_stm32.c.obj)
                0x000000000806878c                stm32_gpio_intc_remove_irq_callback
 .text.stm32_exti_get_line_src_port
                0x00000000080687b0       0x30 zephyr/drivers/interrupt_controller/libdrivers__interrupt_controller.a(intc_exti_stm32.c.obj)
                0x00000000080687b0                stm32_exti_get_line_src_port
 .text.stm32_clock_control_get_subsys_rate
                0x00000000080687e0       0xa8 zephyr/drivers/clock_control/libdrivers__clock_control.a(clock_stm32_ll_common.c.obj)
 .text.stm32_clock_control_init
                0x0000000008068888      0x124 zephyr/drivers/clock_control/libdrivers__clock_control.a(clock_stm32_ll_common.c.obj)
                0x0000000008068888                stm32_clock_control_init
 .text.get_pllsrc_frequency
                0x00000000080689ac        0x8 zephyr/drivers/clock_control/libdrivers__clock_control.a(clock_stm32f2_f4_f7.c.obj)
                0x00000000080689ac                get_pllsrc_frequency
 .text.config_pll_sysclock
                0x00000000080689b4       0x48 zephyr/drivers/clock_control/libdrivers__clock_control.a(clock_stm32f2_f4_f7.c.obj)
                0x00000000080689b4                config_pll_sysclock
 .text.config_enable_default_clocks
                0x00000000080689fc       0x20 zephyr/drivers/clock_control/libdrivers__clock_control.a(clock_stm32f2_f4_f7.c.obj)
                0x00000000080689fc                config_enable_default_clocks
 .text.uart_console_init
                0x0000000008068a1c       0x28 zephyr/drivers/console/libdrivers__console.a(uart_console.c.obj)
 .text.console_out
                0x0000000008068a44       0x28 zephyr/drivers/console/libdrivers__console.a(uart_console.c.obj)
 .text.gpio_stm32_pin_interrupt_configure
                0x0000000008068a6c       0xb0 zephyr/drivers/gpio/libdrivers__gpio.a(gpio_stm32.c.obj)
 .text.gpio_stm32_init
                0x0000000008068b1c       0x38 zephyr/drivers/gpio/libdrivers__gpio.a(gpio_stm32.c.obj)
 .text.stm32_i2c_configure_timing
                0x0000000008068b54       0xa8 zephyr/drivers/i2c/libdrivers__i2c.a(i2c_ll_stm32_v1.c.obj)
                0x0000000008068b54                stm32_i2c_configure_timing
 .text.i2c_stm32_get_config
                0x0000000008068bfc       0x38 zephyr/drivers/i2c/libdrivers__i2c.a(i2c_ll_stm32.c.obj)
                0x0000000008068bfc                i2c_stm32_get_config
 .text.i2c_stm32_set_smbus_mode
                0x0000000008068c34       0x40 zephyr/drivers/i2c/libdrivers__i2c.a(i2c_ll_stm32.c.obj)
                0x0000000008068c34                i2c_stm32_set_smbus_mode
 .text.i2c_stm32_runtime_configure
                0x0000000008068c74       0x94 zephyr/drivers/i2c/libdrivers__i2c.a(i2c_ll_stm32.c.obj)
                0x0000000008068c74                i2c_stm32_runtime_configure
 .text.i2c_stm32_init
                0x0000000008068d08      0x170 zephyr/drivers/i2c/libdrivers__i2c.a(i2c_ll_stm32.c.obj)
 .text.pinctrl_configure_pins
                0x0000000008068e78       0x84 zephyr/drivers/pinctrl/libdrivers__pinctrl.a(pinctrl_stm32.c.obj)
                0x0000000008068e78                pinctrl_configure_pins
 .text.uart_stm32_irq_err_enable
                0x0000000008068efc       0x70 zephyr/drivers/serial/libdrivers__serial.a(uart_stm32.c.obj)
 .text.uart_stm32_irq_err_disable
                0x0000000008068f6c       0x70 zephyr/drivers/serial/libdrivers__serial.a(uart_stm32.c.obj)
 .text.uart_stm32_set_baudrate
                0x0000000008068fdc       0x74 zephyr/drivers/serial/libdrivers__serial.a(uart_stm32.c.obj)
 .text.uart_stm32_parameters_set
                0x0000000008069050       0xf8 zephyr/drivers/serial/libdrivers__serial.a(uart_stm32.c.obj)
 .text.uart_stm32_init
                0x0000000008069148      0x100 zephyr/drivers/serial/libdrivers__serial.a(uart_stm32.c.obj)
 .text.uart_stm32_configure
                0x0000000008069248      0x154 zephyr/drivers/serial/libdrivers__serial.a(uart_stm32.c.obj)
 .text.elapsed  0x000000000806939c       0x4c zephyr/drivers/timer/libdrivers__timer.a(cortex_m_systick.c.obj)
 .text.sys_clock_driver_init
                0x00000000080693e8       0x38 zephyr/drivers/timer/libdrivers__timer.a(cortex_m_systick.c.obj)
 .text.sys_clock_isr
                0x0000000008069420       0x60 zephyr/drivers/timer/libdrivers__timer.a(cortex_m_systick.c.obj)
                0x0000000008069420                sys_clock_isr
 .text.sys_clock_set_timeout
                0x0000000008069480       0xf8 zephyr/drivers/timer/libdrivers__timer.a(cortex_m_systick.c.obj)
                0x0000000008069480                sys_clock_set_timeout
 .text.sys_clock_elapsed
                0x0000000008069578       0x3c zephyr/drivers/timer/libdrivers__timer.a(cortex_m_systick.c.obj)
                0x0000000008069578                sys_clock_elapsed
 .text.HAL_RCC_GetSysClockFreq
                0x00000000080695b4       0x90 modules/hal_stm32/stm32cube/lib..__modules__hal__stm32__stm32cube.a(stm32f4xx_hal_rcc_ex.c.obj)
                0x00000000080695b4                HAL_RCC_GetSysClockFreq
 .text.LL_SetFlashLatency
                0x0000000008069644      0x1bc modules/hal_stm32/stm32cube/lib..__modules__hal__stm32__stm32cube.a(stm32f4xx_ll_utils.c.obj)
                0x0000000008069644                LL_SetFlashLatency
 .text.k_sys_fatal_error_handler
                0x0000000008069800       0x2c zephyr/kernel/libkernel.a(fatal.c.obj)
                0x0000000008069800                k_sys_fatal_error_handler
 .text.z_fatal_error
                0x000000000806982c       0xcc zephyr/kernel/libkernel.a(fatal.c.obj)
                0x000000000806982c                z_fatal_error
 .text.z_sys_init_run_level
                0x00000000080698f8       0x30 zephyr/kernel/libkernel.a(init.c.obj)
 .text.bg_thread_main
                0x0000000008069928       0xc4 zephyr/kernel/libkernel.a(init.c.obj)
 .text.z_bss_zero
                0x00000000080699ec       0x18 zephyr/kernel/libkernel.a(init.c.obj)
                0x00000000080699ec                z_bss_zero
 .text.z_init_cpu
                0x0000000008069a04       0x70 zephyr/kernel/libkernel.a(init.c.obj)
                0x0000000008069a04                z_init_cpu
 .text.z_cstart
                0x0000000008069a74       0xd4 zephyr/kernel/libkernel.a(init.c.obj)
                0x0000000008069a74                z_cstart
 .text.z_impl_k_mutex_lock
                0x0000000008069b48       0xf0 zephyr/kernel/libkernel.a(mutex.c.obj)
                0x0000000008069b48                z_impl_k_mutex_lock
 .text.z_impl_k_mutex_unlock
                0x0000000008069c38       0xa0 zephyr/kernel/libkernel.a(mutex.c.obj)
                0x0000000008069c38                z_impl_k_mutex_unlock
 .text.z_impl_k_sem_give
                0x0000000008069cd8       0x68 zephyr/kernel/libkernel.a(sem.c.obj)
                0x0000000008069cd8                z_impl_k_sem_give
 .text.z_impl_k_sem_take
                0x0000000008069d40       0x4c zephyr/kernel/libkernel.a(sem.c.obj)
                0x0000000008069d40                z_impl_k_sem_take
 .text.z_impl_k_sem_reset
                0x0000000008069d8c       0x74 zephyr/kernel/libkernel.a(sem.c.obj)
                0x0000000008069d8c                z_impl_k_sem_reset
 .text.z_setup_new_thread
                0x0000000008069e00       0x7c zephyr/kernel/libkernel.a(thread.c.obj)
                0x0000000008069e00                z_setup_new_thread
 .text.z_impl_k_thread_create
                0x0000000008069e7c       0x58 zephyr/kernel/libkernel.a(thread.c.obj)
                0x0000000008069e7c                z_impl_k_thread_create
 .text.z_dummy_thread_init
                0x0000000008069ed4       0x18 zephyr/kernel/libkernel.a(thread.c.obj)
                0x0000000008069ed4                z_dummy_thread_init
 .text.z_swap_irqlock
                0x0000000008069eec       0x30 zephyr/kernel/libkernel.a(sched.c.obj)
 .text.ready_thread
                0x0000000008069f1c       0x84 zephyr/kernel/libkernel.a(sched.c.obj)
 .text.unready_thread
                0x0000000008069fa0       0x54 zephyr/kernel/libkernel.a(sched.c.obj)
 .text.move_thread_to_end_of_prio_q
                0x0000000008069ff4       0x90 zephyr/kernel/libkernel.a(sched.c.obj)
                0x0000000008069ff4                move_thread_to_end_of_prio_q
 .text.z_pend_curr
                0x000000000806a084       0x58 zephyr/kernel/libkernel.a(sched.c.obj)
                0x000000000806a084                z_pend_curr
 .text.z_thread_prio_set
                0x000000000806a0dc       0xe4 zephyr/kernel/libkernel.a(sched.c.obj)
                0x000000000806a0dc                z_thread_prio_set
 .text.z_reschedule
                0x000000000806a1c0       0x24 zephyr/kernel/libkernel.a(sched.c.obj)
                0x000000000806a1c0                z_reschedule
 .text.z_reschedule_irqlock
                0x000000000806a1e4       0x28 zephyr/kernel/libkernel.a(sched.c.obj)
                0x000000000806a1e4                z_reschedule_irqlock
 .text.k_sched_lock
                0x000000000806a20c       0x28 zephyr/kernel/libkernel.a(sched.c.obj)
                0x000000000806a20c                k_sched_lock
 .text.k_sched_unlock
                0x000000000806a234       0x68 zephyr/kernel/libkernel.a(sched.c.obj)
                0x000000000806a234                k_sched_unlock
 .text.z_sched_init
                0x000000000806a29c       0x10 zephyr/kernel/libkernel.a(sched.c.obj)
                0x000000000806a29c                z_sched_init
 .text.z_impl_k_yield
                0x000000000806a2ac       0x88 zephyr/kernel/libkernel.a(sched.c.obj)
                0x000000000806a2ac                z_impl_k_yield
 .text.z_tick_sleep
                0x000000000806a334       0x80 zephyr/kernel/libkernel.a(sched.c.obj)
 .text.z_impl_k_wakeup
                0x000000000806a3b4       0x48 zephyr/kernel/libkernel.a(sched.c.obj)
                0x000000000806a3b4                z_impl_k_wakeup
 .text.z_impl_k_sched_current_thread_query
                0x000000000806a3fc        0xc zephyr/kernel/libkernel.a(sched.c.obj)
                0x000000000806a3fc                z_impl_k_sched_current_thread_query
 .text.z_thread_abort
                0x000000000806a408      0x138 zephyr/kernel/libkernel.a(sched.c.obj)
                0x000000000806a408                z_thread_abort
 .text.slice_timeout
                0x000000000806a540       0x20 zephyr/kernel/libkernel.a(timeslicing.c.obj)
 .text.thread_is_sliceable
                0x000000000806a560       0x3c zephyr/kernel/libkernel.a(timeslicing.c.obj)
                0x000000000806a560                thread_is_sliceable
 .text.z_reset_time_slice
                0x000000000806a59c       0x50 zephyr/kernel/libkernel.a(timeslicing.c.obj)
                0x000000000806a59c                z_reset_time_slice
 .text.z_time_slice
                0x000000000806a5ec       0x60 zephyr/kernel/libkernel.a(timeslicing.c.obj)
                0x000000000806a5ec                z_time_slice
 .text.z_data_copy
                0x000000000806a64c       0x38 zephyr/kernel/libkernel.a(xip.c.obj)
                0x000000000806a64c                z_data_copy
 .text.first    0x000000000806a684       0x10 zephyr/kernel/libkernel.a(timeout.c.obj)
 .text.elapsed  0x000000000806a694       0x14 zephyr/kernel/libkernel.a(timeout.c.obj)
 .text.remove_timeout
                0x000000000806a6a8       0x38 zephyr/kernel/libkernel.a(timeout.c.obj)
 .text.z_add_timeout
                0x000000000806a6e0      0x104 zephyr/kernel/libkernel.a(timeout.c.obj)
                0x000000000806a6e0                z_add_timeout
 .text.sys_clock_announce
                0x000000000806a7e4       0xc0 zephyr/kernel/libkernel.a(timeout.c.obj)
                0x000000000806a7e4                sys_clock_announce
 .text.sys_clock_tick_get
                0x000000000806a8a4       0x30 zephyr/kernel/libkernel.a(timeout.c.obj)
                0x000000000806a8a4                sys_clock_tick_get
 .text.boot_banner
                0x000000000806a8d4        0xc zephyr/kernel/libkernel.a(banner.c.obj)
                0x000000000806a8d4                boot_banner
 .text.malloc   0x000000000806a8e0       0x10 C:/zephyr-sdk-0.17.1-rc1_windows-x86_64/zephyr-sdk-0.17.1-rc1/arm-zephyr-eabi/arm-zephyr-eabi/lib/thumb/v7e-m/nofp\libc.a(lib_a-malloc.o)
                0x000000000806a8e0                malloc
 .text.free     0x000000000806a8f0       0x10 C:/zephyr-sdk-0.17.1-rc1_windows-x86_64/zephyr-sdk-0.17.1-rc1/arm-zephyr-eabi/arm-zephyr-eabi/lib/thumb/v7e-m/nofp\libc.a(lib_a-malloc.o)
                0x000000000806a8f0                free
 .text._malloc_r
                0x000000000806a900      0x578 C:/zephyr-sdk-0.17.1-rc1_windows-x86_64/zephyr-sdk-0.17.1-rc1/arm-zephyr-eabi/arm-zephyr-eabi/lib/thumb/v7e-m/nofp\libc.a(lib_a-mallocr.o)
                0x000000000806a900                _malloc_r
 .text.memset   0x000000000806ae78       0xa4 C:/zephyr-sdk-0.17.1-rc1_windows-x86_64/zephyr-sdk-0.17.1-rc1/arm-zephyr-eabi/arm-zephyr-eabi/lib/thumb/v7e-m/nofp\libc.a(lib_a-memset.o)
                0x000000000806ae78                memset
 .text.__malloc_lock
                0x000000000806af1c        0xc C:/zephyr-sdk-0.17.1-rc1_windows-x86_64/zephyr-sdk-0.17.1-rc1/arm-zephyr-eabi/arm-zephyr-eabi/lib/thumb/v7e-m/nofp\libc.a(lib_a-mlock.o)
                0x000000000806af1c                __malloc_lock
 .text.__malloc_unlock
                0x000000000806af28        0xc C:/zephyr-sdk-0.17.1-rc1_windows-x86_64/zephyr-sdk-0.17.1-rc1/arm-zephyr-eabi/arm-zephyr-eabi/lib/thumb/v7e-m/nofp\libc.a(lib_a-mlock.o)
                0x000000000806af28                __malloc_unlock
 .text.rand     0x000000000806af34       0x38 C:/zephyr-sdk-0.17.1-rc1_windows-x86_64/zephyr-sdk-0.17.1-rc1/arm-zephyr-eabi/arm-zephyr-eabi/lib/thumb/v7e-m/nofp\libc.a(lib_a-rand.o)
                0x000000000806af34                rand
 .text._sbrk_r  0x000000000806af6c       0x24 C:/zephyr-sdk-0.17.1-rc1_windows-x86_64/zephyr-sdk-0.17.1-rc1/arm-zephyr-eabi/arm-zephyr-eabi/lib/thumb/v7e-m/nofp\libc.a(lib_a-sbrkr.o)
                0x000000000806af6c                _sbrk_r
 .text.snprintf
                0x000000000806af90       0x88 C:/zephyr-sdk-0.17.1-rc1_windows-x86_64/zephyr-sdk-0.17.1-rc1/arm-zephyr-eabi/arm-zephyr-eabi/lib/thumb/v7e-m/nofp\libc.a(lib_a-snprintf.o)
                0x000000000806af90                snprintf
 .text.strnlen  0x000000000806b018       0x24 C:/zephyr-sdk-0.17.1-rc1_windows-x86_64/zephyr-sdk-0.17.1-rc1/arm-zephyr-eabi/arm-zephyr-eabi/lib/thumb/v7e-m/nofp\libc.a(lib_a-strnlen.o)
                0x000000000806b018                strnlen
 .text._svfprintf_r
                0x000000000806b03c     0x1a14 C:/zephyr-sdk-0.17.1-rc1_windows-x86_64/zephyr-sdk-0.17.1-rc1/arm-zephyr-eabi/arm-zephyr-eabi/lib/thumb/v7e-m/nofp\libc.a(lib_a-svfprintf.o)
                0x000000000806b03c                _svfprintf_r
 .text.quorem   0x000000000806ca50      0x12c C:/zephyr-sdk-0.17.1-rc1_windows-x86_64/zephyr-sdk-0.17.1-rc1/arm-zephyr-eabi/arm-zephyr-eabi/lib/thumb/v7e-m/nofp\libc.a(lib_a-dtoa.o)
 .text._malloc_trim_r
                0x000000000806cb7c       0x9c C:/zephyr-sdk-0.17.1-rc1_windows-x86_64/zephyr-sdk-0.17.1-rc1/arm-zephyr-eabi/arm-zephyr-eabi/lib/thumb/v7e-m/nofp\libc.a(lib_a-freer.o)
                0x000000000806cb7c                _malloc_trim_r
 .text._free_r  0x000000000806cc18      0x1fc C:/zephyr-sdk-0.17.1-rc1_windows-x86_64/zephyr-sdk-0.17.1-rc1/arm-zephyr-eabi/arm-zephyr-eabi/lib/thumb/v7e-m/nofp\libc.a(lib_a-freer.o)
                0x000000000806cc18                _free_r
 .text._localeconv_r
                0x000000000806ce14        0x8 C:/zephyr-sdk-0.17.1-rc1_windows-x86_64/zephyr-sdk-0.17.1-rc1/arm-zephyr-eabi/arm-zephyr-eabi/lib/thumb/v7e-m/nofp\libc.a(lib_a-localeconv.o)
                0x000000000806ce14                _localeconv_r
 .text._Balloc  0x000000000806ce1c       0x4c C:/zephyr-sdk-0.17.1-rc1_windows-x86_64/zephyr-sdk-0.17.1-rc1/arm-zephyr-eabi/arm-zephyr-eabi/lib/thumb/v7e-m/nofp\libc.a(lib_a-mprec.o)
                0x000000000806ce1c                _Balloc
 .text._Bfree   0x000000000806ce68       0x14 C:/zephyr-sdk-0.17.1-rc1_windows-x86_64/zephyr-sdk-0.17.1-rc1/arm-zephyr-eabi/arm-zephyr-eabi/lib/thumb/v7e-m/nofp\libc.a(lib_a-mprec.o)
                0x000000000806ce68                _Bfree
 .text.__multadd
                0x000000000806ce7c       0xa0 C:/zephyr-sdk-0.17.1-rc1_windows-x86_64/zephyr-sdk-0.17.1-rc1/arm-zephyr-eabi/arm-zephyr-eabi/lib/thumb/v7e-m/nofp\libc.a(lib_a-mprec.o)
                0x000000000806ce7c                __multadd
 .text.__hi0bits
                0x000000000806cf1c       0x44 C:/zephyr-sdk-0.17.1-rc1_windows-x86_64/zephyr-sdk-0.17.1-rc1/arm-zephyr-eabi/arm-zephyr-eabi/lib/thumb/v7e-m/nofp\libc.a(lib_a-mprec.o)
                0x000000000806cf1c                __hi0bits
 .text.__lo0bits
                0x000000000806cf60       0x60 C:/zephyr-sdk-0.17.1-rc1_windows-x86_64/zephyr-sdk-0.17.1-rc1/arm-zephyr-eabi/arm-zephyr-eabi/lib/thumb/v7e-m/nofp\libc.a(lib_a-mprec.o)
                0x000000000806cf60                __lo0bits
 .text.__i2b    0x000000000806cfc0       0x5c C:/zephyr-sdk-0.17.1-rc1_windows-x86_64/zephyr-sdk-0.17.1-rc1/arm-zephyr-eabi/arm-zephyr-eabi/lib/thumb/v7e-m/nofp\libc.a(lib_a-mprec.o)
                0x000000000806cfc0                __i2b
 .text.__multiply
                0x000000000806d01c      0x16c C:/zephyr-sdk-0.17.1-rc1_windows-x86_64/zephyr-sdk-0.17.1-rc1/arm-zephyr-eabi/arm-zephyr-eabi/lib/thumb/v7e-m/nofp\libc.a(lib_a-mprec.o)
                0x000000000806d01c                __multiply
 .text.__pow5mult
                0x000000000806d188       0xb4 C:/zephyr-sdk-0.17.1-rc1_windows-x86_64/zephyr-sdk-0.17.1-rc1/arm-zephyr-eabi/arm-zephyr-eabi/lib/thumb/v7e-m/nofp\libc.a(lib_a-mprec.o)
                0x000000000806d188                __pow5mult
 .text.__lshift
                0x000000000806d23c       0xf0 C:/zephyr-sdk-0.17.1-rc1_windows-x86_64/zephyr-sdk-0.17.1-rc1/arm-zephyr-eabi/arm-zephyr-eabi/lib/thumb/v7e-m/nofp\libc.a(lib_a-mprec.o)
                0x000000000806d23c                __lshift
 .text.__mcmp   0x000000000806d32c       0x40 C:/zephyr-sdk-0.17.1-rc1_windows-x86_64/zephyr-sdk-0.17.1-rc1/arm-zephyr-eabi/arm-zephyr-eabi/lib/thumb/v7e-m/nofp\libc.a(lib_a-mprec.o)
                0x000000000806d32c                __mcmp
 .text.__mdiff  0x000000000806d36c      0x164 C:/zephyr-sdk-0.17.1-rc1_windows-x86_64/zephyr-sdk-0.17.1-rc1/arm-zephyr-eabi/arm-zephyr-eabi/lib/thumb/v7e-m/nofp\libc.a(lib_a-mprec.o)
                0x000000000806d36c                __mdiff
 .text.__d2b    0x000000000806d4d0       0xbc C:/zephyr-sdk-0.17.1-rc1_windows-x86_64/zephyr-sdk-0.17.1-rc1/arm-zephyr-eabi/arm-zephyr-eabi/lib/thumb/v7e-m/nofp\libc.a(lib_a-mprec.o)
                0x000000000806d4d0                __d2b
 .text.frexp    0x000000000806d58c       0x70 C:/zephyr-sdk-0.17.1-rc1_windows-x86_64/zephyr-sdk-0.17.1-rc1/arm-zephyr-eabi/arm-zephyr-eabi/lib/thumb/v7e-m/nofp\libc.a(lib_a-s_frexp.o)
                0x000000000806d58c                frexp
 .text.strncpy  0x000000000806d5fc       0x68 C:/zephyr-sdk-0.17.1-rc1_windows-x86_64/zephyr-sdk-0.17.1-rc1/arm-zephyr-eabi/arm-zephyr-eabi/lib/thumb/v7e-m/nofp\libc.a(lib_a-strncpy.o)
                0x000000000806d5fc                strncpy
 .text.__ssprint_r
                0x000000000806d664      0x108 C:/zephyr-sdk-0.17.1-rc1_windows-x86_64/zephyr-sdk-0.17.1-rc1/arm-zephyr-eabi/arm-zephyr-eabi/lib/thumb/v7e-m/nofp\libc.a(lib_a-svfiprintf.o)
                0x000000000806d664                __ssprint_r
 .text.__assert_func
                0x000000000806d76c       0x40 C:/zephyr-sdk-0.17.1-rc1_windows-x86_64/zephyr-sdk-0.17.1-rc1/arm-zephyr-eabi/arm-zephyr-eabi/lib/thumb/v7e-m/nofp\libc.a(lib_a-assert.o)
                0x000000000806d76c                __assert_func
 .text._calloc_r
                0x000000000806d7ac       0x60 C:/zephyr-sdk-0.17.1-rc1_windows-x86_64/zephyr-sdk-0.17.1-rc1/arm-zephyr-eabi/arm-zephyr-eabi/lib/thumb/v7e-m/nofp\libc.a(lib_a-callocr.o)
                0x000000000806d7ac                _calloc_r
 .text.fiprintf
                0x000000000806d80c       0x28 C:/zephyr-sdk-0.17.1-rc1_windows-x86_64/zephyr-sdk-0.17.1-rc1/arm-zephyr-eabi/arm-zephyr-eabi/lib/thumb/v7e-m/nofp\libc.a(lib_a-fiprintf.o)
                0x000000000806d80c                fiprintf
 .text.__ascii_mbtowc
                0x000000000806d834       0x2c C:/zephyr-sdk-0.17.1-rc1_windows-x86_64/zephyr-sdk-0.17.1-rc1/arm-zephyr-eabi/arm-zephyr-eabi/lib/thumb/v7e-m/nofp\libc.a(lib_a-mbtowc_r.o)
                0x000000000806d834                __ascii_mbtowc
 .text.memmove  0x000000000806d860      0x100 C:/zephyr-sdk-0.17.1-rc1_windows-x86_64/zephyr-sdk-0.17.1-rc1/arm-zephyr-eabi/arm-zephyr-eabi/lib/thumb/v7e-m/nofp\libc.a(lib_a-memmove.o)
                0x000000000806d860                memmove
 .text._realloc_r
                0x000000000806d960      0x344 C:/zephyr-sdk-0.17.1-rc1_windows-x86_64/zephyr-sdk-0.17.1-rc1/arm-zephyr-eabi/arm-zephyr-eabi/lib/thumb/v7e-m/nofp\libc.a(lib_a-reallocr.o)
                0x000000000806d960                _realloc_r
 .text._vfiprintf_r
                0x000000000806dca4      0xd98 C:/zephyr-sdk-0.17.1-rc1_windows-x86_64/zephyr-sdk-0.17.1-rc1/arm-zephyr-eabi/arm-zephyr-eabi/lib/thumb/v7e-m/nofp\libc.a(lib_a-vfiprintf.o)
                0x000000000806dca4                _vfiprintf_r
 .text.__sbprintf
                0x000000000806ea3c       0x80 C:/zephyr-sdk-0.17.1-rc1_windows-x86_64/zephyr-sdk-0.17.1-rc1/arm-zephyr-eabi/arm-zephyr-eabi/lib/thumb/v7e-m/nofp\libc.a(lib_a-vfiprintf.o)
 .text.__ascii_wctomb
                0x000000000806eabc       0x1c C:/zephyr-sdk-0.17.1-rc1_windows-x86_64/zephyr-sdk-0.17.1-rc1/arm-zephyr-eabi/arm-zephyr-eabi/lib/thumb/v7e-m/nofp\libc.a(lib_a-wctomb_r.o)
                0x000000000806eabc                __ascii_wctomb
 .text.__swsetup_r
                0x000000000806ead8       0xc4 C:/zephyr-sdk-0.17.1-rc1_windows-x86_64/zephyr-sdk-0.17.1-rc1/arm-zephyr-eabi/arm-zephyr-eabi/lib/thumb/v7e-m/nofp\libc.a(lib_a-wsetup.o)
                0x000000000806ead8                __swsetup_r
 .text.__sflush_r
                0x000000000806eb9c      0x110 C:/zephyr-sdk-0.17.1-rc1_windows-x86_64/zephyr-sdk-0.17.1-rc1/arm-zephyr-eabi/arm-zephyr-eabi/lib/thumb/v7e-m/nofp\libc.a(lib_a-fflush.o)
                0x000000000806eb9c                __sflush_r
 .text._fflush_r
                0x000000000806ecac       0x5c C:/zephyr-sdk-0.17.1-rc1_windows-x86_64/zephyr-sdk-0.17.1-rc1/arm-zephyr-eabi/arm-zephyr-eabi/lib/thumb/v7e-m/nofp\libc.a(lib_a-fflush.o)
                0x000000000806ecac                _fflush_r
 .text._cleanup_r
                0x000000000806ed08        0xc C:/zephyr-sdk-0.17.1-rc1_windows-x86_64/zephyr-sdk-0.17.1-rc1/arm-zephyr-eabi/arm-zephyr-eabi/lib/thumb/v7e-m/nofp\libc.a(lib_a-findfp.o)
                0x000000000806ed08                _cleanup_r
 .text.__sinit  0x000000000806ed14      0x10c C:/zephyr-sdk-0.17.1-rc1_windows-x86_64/zephyr-sdk-0.17.1-rc1/arm-zephyr-eabi/arm-zephyr-eabi/lib/thumb/v7e-m/nofp\libc.a(lib_a-findfp.o)
                0x000000000806ed14                __sinit
 .text.__sfvwrite_r
                0x000000000806ee20      0x2f8 C:/zephyr-sdk-0.17.1-rc1_windows-x86_64/zephyr-sdk-0.17.1-rc1/arm-zephyr-eabi/arm-zephyr-eabi/lib/thumb/v7e-m/nofp\libc.a(lib_a-fvwrite.o)
                0x000000000806ee20                __sfvwrite_r
 .text._fwalk_reent
                0x000000000806f118       0x48 C:/zephyr-sdk-0.17.1-rc1_windows-x86_64/zephyr-sdk-0.17.1-rc1/arm-zephyr-eabi/arm-zephyr-eabi/lib/thumb/v7e-m/nofp\libc.a(lib_a-fwalk.o)
                0x000000000806f118                _fwalk_reent
 .text.__smakebuf_r
                0x000000000806f160       0xc4 C:/zephyr-sdk-0.17.1-rc1_windows-x86_64/zephyr-sdk-0.17.1-rc1/arm-zephyr-eabi/arm-zephyr-eabi/lib/thumb/v7e-m/nofp\libc.a(lib_a-makebuf.o)
                0x000000000806f160                __smakebuf_r
 .text.__sread  0x000000000806f224       0x24 C:/zephyr-sdk-0.17.1-rc1_windows-x86_64/zephyr-sdk-0.17.1-rc1/arm-zephyr-eabi/arm-zephyr-eabi/lib/thumb/v7e-m/nofp\libc.a(lib_a-stdio.o)
                0x000000000806f224                __sread
 .text.__swrite
                0x000000000806f248       0x40 C:/zephyr-sdk-0.17.1-rc1_windows-x86_64/zephyr-sdk-0.17.1-rc1/arm-zephyr-eabi/arm-zephyr-eabi/lib/thumb/v7e-m/nofp\libc.a(lib_a-stdio.o)
                0x000000000806f248                __swrite
 .text.__sseek  0x000000000806f288       0x24 C:/zephyr-sdk-0.17.1-rc1_windows-x86_64/zephyr-sdk-0.17.1-rc1/arm-zephyr-eabi/arm-zephyr-eabi/lib/thumb/v7e-m/nofp\libc.a(lib_a-stdio.o)
                0x000000000806f288                __sseek
 .text.__sclose
                0x000000000806f2ac        0x8 C:/zephyr-sdk-0.17.1-rc1_windows-x86_64/zephyr-sdk-0.17.1-rc1/arm-zephyr-eabi/arm-zephyr-eabi/lib/thumb/v7e-m/nofp\libc.a(lib_a-stdio.o)
                0x000000000806f2ac                __sclose
 .text._write_r
                0x000000000806f2b4       0x2c C:/zephyr-sdk-0.17.1-rc1_windows-x86_64/zephyr-sdk-0.17.1-rc1/arm-zephyr-eabi/arm-zephyr-eabi/lib/thumb/v7e-m/nofp\libc.a(lib_a-writer.o)
                0x000000000806f2b4                _write_r
 .text._close_r
                0x000000000806f2e0       0x24 C:/zephyr-sdk-0.17.1-rc1_windows-x86_64/zephyr-sdk-0.17.1-rc1/arm-zephyr-eabi/arm-zephyr-eabi/lib/thumb/v7e-m/nofp\libc.a(lib_a-closer.o)
                0x000000000806f2e0                _close_r
 .text._fstat_r
                0x000000000806f304       0x2c C:/zephyr-sdk-0.17.1-rc1_windows-x86_64/zephyr-sdk-0.17.1-rc1/arm-zephyr-eabi/arm-zephyr-eabi/lib/thumb/v7e-m/nofp\libc.a(lib_a-fstatr.o)
                0x000000000806f304                _fstat_r
 .text._isatty_r
                0x000000000806f330       0x24 C:/zephyr-sdk-0.17.1-rc1_windows-x86_64/zephyr-sdk-0.17.1-rc1/arm-zephyr-eabi/arm-zephyr-eabi/lib/thumb/v7e-m/nofp\libc.a(lib_a-isattyr.o)
                0x000000000806f330                _isatty_r
 .text._lseek_r
                0x000000000806f354       0x2c C:/zephyr-sdk-0.17.1-rc1_windows-x86_64/zephyr-sdk-0.17.1-rc1/arm-zephyr-eabi/arm-zephyr-eabi/lib/thumb/v7e-m/nofp\libc.a(lib_a-lseekr.o)
                0x000000000806f354                _lseek_r
 .text._read_r  0x000000000806f380       0x2c C:/zephyr-sdk-0.17.1-rc1_windows-x86_64/zephyr-sdk-0.17.1-rc1/arm-zephyr-eabi/arm-zephyr-eabi/lib/thumb/v7e-m/nofp\libc.a(lib_a-readr.o)
                0x000000000806f380                _read_r
 .text._OffsetAbsSyms
                0x000000000806f3ac        0x2 zephyr/CMakeFiles/offsets.dir/./arch/arm/core/offsets/offsets.c.obj
                0x000000000806f3ac                _OffsetAbsSyms
 .text.z_log_msg_runtime_create.constprop.0
                0x000000000806f3ae       0x1e app/libapp.a(main.c.obj)
 .text.z_log_msg_runtime_create.constprop.0
                0x000000000806f3cc       0x1e app/libapp.a(esp32_comm.c.obj)
 .text.cbpprintf_external
                0x000000000806f3ea       0x62 zephyr/libzephyr.a(cbprintf_packaged.c.obj)
                0x000000000806f3ea                cbpprintf_external
 .text.arch_printk_char_out
                0x000000000806f44c        0x4 zephyr/libzephyr.a(printk.c.obj)
                0x000000000806f44c                arch_printk_char_out
 .text.printk   0x000000000806f450       0x1a zephyr/libzephyr.a(printk.c.obj)
                0x000000000806f450                printk
 .text.z_thread_entry
                0x000000000806f46a       0x14 zephyr/libzephyr.a(thread_entry.c.obj)
                0x000000000806f46a                z_thread_entry
 .text._ldiv5   0x000000000806f47e       0x30 zephyr/libzephyr.a(cbprintf_complete.c.obj)
 .text._get_digit
                0x000000000806f4ae       0x2e zephyr/libzephyr.a(cbprintf_complete.c.obj)
 .text.outs     0x000000000806f4dc       0x2e zephyr/libzephyr.a(cbprintf_complete.c.obj)
 .text._ConfigAbsSyms
                0x000000000806f50a        0x2 zephyr/libzephyr.a(configs.c.obj)
                0x000000000806f50a                _ConfigAbsSyms
 .text.dummy_timestamp
                0x000000000806f50c        0x4 zephyr/libzephyr.a(log_core.c.obj)
 .text.default_lf_get_timestamp
                0x000000000806f510        0xc zephyr/libzephyr.a(log_core.c.obj)
 .text.atomic_inc
                0x000000000806f51c       0x1a zephyr/libzephyr.a(log_core.c.obj)
 .text.enable_logger
                0x000000000806f536        0xe zephyr/libzephyr.a(log_core.c.obj)
 .text.z_log_vprintk
                0x000000000806f544       0x1c zephyr/libzephyr.a(log_core.c.obj)
                0x000000000806f544                z_log_vprintk
 .text.z_log_notify_backend_enabled
                0x000000000806f560        0x2 zephyr/libzephyr.a(log_core.c.obj)
                0x000000000806f560                z_log_notify_backend_enabled
 .text.z_log_get_tag
                0x000000000806f562        0x4 zephyr/libzephyr.a(log_core.c.obj)
                0x000000000806f562                z_log_get_tag
 .text.log_backend_enable
                0x000000000806f566       0x12 zephyr/libzephyr.a(log_mgmt.c.obj)
                0x000000000806f566                log_backend_enable
 .text.z_log_msg_finalize
                0x000000000806f578       0x32 zephyr/libzephyr.a(log_msg.c.obj)
                0x000000000806f578                z_log_msg_finalize
 .text.z_log_msg_runtime_create.constprop.0
                0x000000000806f5aa       0x20 zephyr/libzephyr.a(log_msg.c.obj)
 .text.log_output_write
                0x000000000806f5ca       0x1c zephyr/libzephyr.a(log_output.c.obj)
 .text.out_func
                0x000000000806f5e6       0x1c zephyr/libzephyr.a(log_output.c.obj)
 .text.cr_out_func
                0x000000000806f602       0x1c zephyr/libzephyr.a(log_output.c.obj)
 .text.cbvprintf
                0x000000000806f61e        0xe zephyr/libzephyr.a(log_output.c.obj)
 .text.log_output_msg_process
                0x000000000806f62c       0x6a zephyr/libzephyr.a(log_output.c.obj)
                0x000000000806f62c                log_output_msg_process
 .text.format_set
                0x000000000806f696        0xc zephyr/libzephyr.a(log_backend_uart.c.obj)
 .text.log_backend_uart_init
                0x000000000806f6a2        0xc zephyr/libzephyr.a(log_backend_uart.c.obj)
 .text.panic    0x000000000806f6ae       0x32 zephyr/libzephyr.a(log_backend_uart.c.obj)
 .text.process  0x000000000806f6e0       0x1e zephyr/libzephyr.a(log_backend_uart.c.obj)
 .text.z_log_msg_runtime_create.constprop.0
                0x000000000806f6fe       0x20 zephyr/arch/arch/arm/core/libarch__arm__core.a(fatal.c.obj)
 .text.z_do_kernel_oops
                0x000000000806f71e        0x8 zephyr/arch/arch/arm/core/libarch__arm__core.a(fatal.c.obj)
                0x000000000806f71e                z_do_kernel_oops
 .text.z_log_msg_runtime_create.constprop.0
                0x000000000806f726       0x20 zephyr/arch/arch/arm/core/cortex_m/libarch__arm__core__cortex_m.a(fault.c.obj)
 .text.z_irq_spurious
                0x000000000806f746        0x8 zephyr/arch/arch/arm/core/cortex_m/libarch__arm__core__cortex_m.a(irq_manage.c.obj)
                0x000000000806f746                z_irq_spurious
 .text.arch_irq_unlock_outlined
                0x000000000806f74e        0xe zephyr/arch/arch/arm/core/cortex_m/libarch__arm__core__cortex_m.a(thread.c.obj)
                0x000000000806f74e                arch_irq_unlock_outlined
 .text.arch_cpu_idle
                0x000000000806f75c       0x1a zephyr/arch/arch/arm/core/cortex_m/libarch__arm__core__cortex_m.a(cpu_idle.c.obj)
                0x000000000806f75c                arch_cpu_idle
 .text.size_to_mpu_rasr_size
                0x000000000806f776       0x20 zephyr/arch/arch/arm/core/mpu/libarch__arm__core__mpu.a(arm_mpu.c.obj)
 .text.z_log_msg_runtime_create.constprop.0
                0x000000000806f796       0x20 zephyr/arch/arch/arm/core/mpu/libarch__arm__core__mpu.a(arm_mpu.c.obj)
 .text._stdin_hook_default
                0x000000000806f7b6        0x4 zephyr/lib/libc/newlib/liblib__libc__newlib.a(libc-hooks.c.obj)
 .text._stdout_hook_default
                0x000000000806f7ba        0x6 zephyr/lib/libc/newlib/liblib__libc__newlib.a(libc-hooks.c.obj)
 .text.malloc_prepare
                0x000000000806f7c0        0x4 zephyr/lib/libc/newlib/liblib__libc__newlib.a(libc-hooks.c.obj)
 .text._read    0x000000000806f7c4        0x8 zephyr/lib/libc/newlib/liblib__libc__newlib.a(libc-hooks.c.obj)
                0x000000000806f7c4                _read
                0x000000000806f7c4                read
 .text._write   0x000000000806f7cc        0x8 zephyr/lib/libc/newlib/liblib__libc__newlib.a(libc-hooks.c.obj)
                0x000000000806f7cc                _write
                0x000000000806f7cc                write
 .text._close   0x000000000806f7d4        0x6 zephyr/lib/libc/newlib/liblib__libc__newlib.a(libc-hooks.c.obj)
                0x000000000806f7d4                _close
                0x000000000806f7d4                close
 .text._lseek   0x000000000806f7da        0x4 zephyr/lib/libc/newlib/liblib__libc__newlib.a(libc-hooks.c.obj)
                0x000000000806f7da                _lseek
                0x000000000806f7da                lseek
 .text._isatty  0x000000000806f7de        0xa zephyr/lib/libc/newlib/liblib__libc__newlib.a(libc-hooks.c.obj)
                0x000000000806f7de                _isatty
                0x000000000806f7de                isatty
 .text._fstat   0x000000000806f7e8        0xa zephyr/lib/libc/newlib/liblib__libc__newlib.a(libc-hooks.c.obj)
                0x000000000806f7e8                fstat
                0x000000000806f7e8                _fstat
 .text.__retarget_lock_init_recursive
                0x000000000806f7f2       0x14 zephyr/lib/libc/newlib/liblib__libc__newlib.a(libc-hooks.c.obj)
                0x000000000806f7f2                __retarget_lock_init_recursive
 .text.__retarget_lock_close_recursive
                0x000000000806f806        0x4 zephyr/lib/libc/newlib/liblib__libc__newlib.a(libc-hooks.c.obj)
                0x000000000806f806                __retarget_lock_close_recursive
 .text.__retarget_lock_acquire_recursive
                0x000000000806f80a        0xc zephyr/lib/libc/newlib/liblib__libc__newlib.a(libc-hooks.c.obj)
                0x000000000806f80a                __retarget_lock_acquire_recursive
 .text.__retarget_lock_release_recursive
                0x000000000806f816        0x4 zephyr/lib/libc/newlib/liblib__libc__newlib.a(libc-hooks.c.obj)
                0x000000000806f816                __retarget_lock_release_recursive
 .text.stm32_gpio_intc_get_pin_irq_line
                0x000000000806f81a        0x6 zephyr/drivers/interrupt_controller/libdrivers__interrupt_controller.a(intc_exti_stm32.c.obj)
                0x000000000806f81a                stm32_gpio_intc_get_pin_irq_line
 .text.stm32_exti_set_line_src_port
                0x000000000806f820       0x36 zephyr/drivers/interrupt_controller/libdrivers__interrupt_controller.a(intc_exti_stm32.c.obj)
                0x000000000806f820                stm32_exti_set_line_src_port
 .text.stm32_clock_control_on
                0x000000000806f856       0x44 zephyr/drivers/clock_control/libdrivers__clock_control.a(clock_stm32_ll_common.c.obj)
 .text.stm32_clock_control_off
                0x000000000806f89a       0x2c zephyr/drivers/clock_control/libdrivers__clock_control.a(clock_stm32_ll_common.c.obj)
 .text.enabled_clock
                0x000000000806f8c6       0x1c zephyr/drivers/clock_control/libdrivers__clock_control.a(clock_stm32_ll_common.c.obj)
                0x000000000806f8c6                enabled_clock
 .text.stm32_clock_control_configure
                0x000000000806f8e2       0x52 zephyr/drivers/clock_control/libdrivers__clock_control.a(clock_stm32_ll_common.c.obj)
 .text.stm32_clock_control_get_status
                0x000000000806f934       0x38 zephyr/drivers/clock_control/libdrivers__clock_control.a(clock_stm32_ll_common.c.obj)
 .text.config_regulator_voltage
                0x000000000806f96c        0x2 zephyr/drivers/clock_control/libdrivers__clock_control.a(clock_stm32_ll_common.c.obj)
                0x000000000806f96c                config_regulator_voltage
 .text.gpio_stm32_port_get_raw
                0x000000000806f96e        0xc zephyr/drivers/gpio/libdrivers__gpio.a(gpio_stm32.c.obj)
 .text.gpio_stm32_port_set_masked_raw
                0x000000000806f97a       0x12 zephyr/drivers/gpio/libdrivers__gpio.a(gpio_stm32.c.obj)
 .text.gpio_stm32_port_set_bits_raw
                0x000000000806f98c        0xa zephyr/drivers/gpio/libdrivers__gpio.a(gpio_stm32.c.obj)
 .text.gpio_stm32_port_clear_bits_raw
                0x000000000806f996        0xc zephyr/drivers/gpio/libdrivers__gpio.a(gpio_stm32.c.obj)
 .text.gpio_stm32_port_toggle_bits
                0x000000000806f9a2        0xe zephyr/drivers/gpio/libdrivers__gpio.a(gpio_stm32.c.obj)
 .text.gpio_stm32_manage_callback
                0x000000000806f9b0       0x52 zephyr/drivers/gpio/libdrivers__gpio.a(gpio_stm32.c.obj)
 .text.gpio_stm32_configure_raw.isra.0
                0x000000000806fa02      0x106 zephyr/drivers/gpio/libdrivers__gpio.a(gpio_stm32.c.obj)
 .text.gpio_stm32_config
                0x000000000806fb08       0xd8 zephyr/drivers/gpio/libdrivers__gpio.a(gpio_stm32.c.obj)
 .text.gpio_stm32_isr
                0x000000000806fbe0       0x2c zephyr/drivers/gpio/libdrivers__gpio.a(gpio_stm32.c.obj)
 .text.gpio_stm32_configure
                0x000000000806fc0c       0x30 zephyr/drivers/gpio/libdrivers__gpio.a(gpio_stm32.c.obj)
                0x000000000806fc0c                gpio_stm32_configure
 .text.stm32_i2c_disable_transfer_interrupts
                0x000000000806fc3c       0x36 zephyr/drivers/i2c/libdrivers__i2c.a(i2c_ll_stm32_v1.c.obj)
 .text.stm32_i2c_reset
                0x000000000806fc72       0x5a zephyr/drivers/i2c/libdrivers__i2c.a(i2c_ll_stm32_v1.c.obj)
 .text.stm32_i2c_master_finish
                0x000000000806fccc       0x1c zephyr/drivers/i2c/libdrivers__i2c.a(i2c_ll_stm32_v1.c.obj)
 .text.handle_txe
                0x000000000806fce8       0x4a zephyr/drivers/i2c/libdrivers__i2c.a(i2c_ll_stm32_v1.c.obj)
 .text.msg_end.constprop.0
                0x000000000806fd32       0x42 zephyr/drivers/i2c/libdrivers__i2c.a(i2c_ll_stm32_v1.c.obj)
 .text.stm32_i2c_enable_transfer_interrupts.isra.0
                0x000000000806fd74       0x1c zephyr/drivers/i2c/libdrivers__i2c.a(i2c_ll_stm32_v1.c.obj)
 .text.msg_init.constprop.0
                0x000000000806fd90       0x72 zephyr/drivers/i2c/libdrivers__i2c.a(i2c_ll_stm32_v1.c.obj)
 .text.handle_rxne
                0x000000000806fe02       0x9c zephyr/drivers/i2c/libdrivers__i2c.a(i2c_ll_stm32_v1.c.obj)
 .text.stm32_i2c_event_isr
                0x000000000806fe9e      0x19c zephyr/drivers/i2c/libdrivers__i2c.a(i2c_ll_stm32_v1.c.obj)
                0x000000000806fe9e                stm32_i2c_event_isr
 .text.stm32_i2c_error_isr
                0x000000000807003a       0x50 zephyr/drivers/i2c/libdrivers__i2c.a(i2c_ll_stm32_v1.c.obj)
                0x000000000807003a                stm32_i2c_error_isr
 .text.stm32_i2c_transaction
                0x000000000807008a       0x72 zephyr/drivers/i2c/libdrivers__i2c.a(i2c_ll_stm32_v1.c.obj)
                0x000000000807008a                stm32_i2c_transaction
 .text.i2c_stm32_irq_config_func_0
                0x00000000080700fc       0x26 zephyr/drivers/i2c/libdrivers__i2c.a(i2c_ll_stm32.c.obj)
 .text.i2c_stm32_irq_config_func_1
                0x0000000008070122       0x26 zephyr/drivers/i2c/libdrivers__i2c.a(i2c_ll_stm32.c.obj)
 .text.i2c_stm32_irq_config_func_2
                0x0000000008070148       0x26 zephyr/drivers/i2c/libdrivers__i2c.a(i2c_ll_stm32.c.obj)
 .text.z_log_msg_runtime_create.constprop.0
                0x000000000807016e       0x20 zephyr/drivers/i2c/libdrivers__i2c.a(i2c_ll_stm32.c.obj)
 .text.i2c_stm32_transfer
                0x000000000807018e       0x8e zephyr/drivers/i2c/libdrivers__i2c.a(i2c_ll_stm32.c.obj)
 .text.pinctrl_lookup_state
                0x000000000807021c       0x26 zephyr/drivers/pinctrl/libdrivers__pinctrl.a(common.c.obj)
                0x000000000807021c                pinctrl_lookup_state
 .text.reset_stm32_status
                0x0000000008070242       0x20 zephyr/drivers/reset/libdrivers__reset.a(reset_stm32.c.obj)
 .text.reset_stm32_line_assert
                0x0000000008070262       0x1c zephyr/drivers/reset/libdrivers__reset.a(reset_stm32.c.obj)
 .text.reset_stm32_line_deassert
                0x000000000807027e       0x1e zephyr/drivers/reset/libdrivers__reset.a(reset_stm32.c.obj)
 .text.reset_stm32_line_toggle
                0x000000000807029c       0x16 zephyr/drivers/reset/libdrivers__reset.a(reset_stm32.c.obj)
 .text.LL_USART_ClearFlag_PE
                0x00000000080702b2       0x12 zephyr/drivers/serial/libdrivers__serial.a(uart_stm32.c.obj)
 .text.uart_stm32_err_check
                0x00000000080702c4       0x5e zephyr/drivers/serial/libdrivers__serial.a(uart_stm32.c.obj)
 .text.uart_stm32_irq_tx_enable
                0x0000000008070322       0x1e zephyr/drivers/serial/libdrivers__serial.a(uart_stm32.c.obj)
 .text.uart_stm32_irq_tx_disable
                0x0000000008070340       0x1e zephyr/drivers/serial/libdrivers__serial.a(uart_stm32.c.obj)
 .text.uart_stm32_irq_tx_ready
                0x000000000807035e       0x14 zephyr/drivers/serial/libdrivers__serial.a(uart_stm32.c.obj)
 .text.uart_stm32_irq_tx_complete
                0x0000000008070372        0xc zephyr/drivers/serial/libdrivers__serial.a(uart_stm32.c.obj)
 .text.uart_stm32_irq_rx_enable
                0x000000000807037e       0x1e zephyr/drivers/serial/libdrivers__serial.a(uart_stm32.c.obj)
 .text.uart_stm32_irq_rx_disable
                0x000000000807039c       0x1e zephyr/drivers/serial/libdrivers__serial.a(uart_stm32.c.obj)
 .text.uart_stm32_irq_rx_ready
                0x00000000080703ba        0xc zephyr/drivers/serial/libdrivers__serial.a(uart_stm32.c.obj)
 .text.uart_stm32_irq_is_pending
                0x00000000080703c6       0x24 zephyr/drivers/serial/libdrivers__serial.a(uart_stm32.c.obj)
 .text.uart_stm32_irq_update
                0x00000000080703ea        0x4 zephyr/drivers/serial/libdrivers__serial.a(uart_stm32.c.obj)
 .text.uart_stm32_irq_callback_set
                0x00000000080703ee        0x8 zephyr/drivers/serial/libdrivers__serial.a(uart_stm32.c.obj)
 .text.uart_stm32_isr
                0x00000000080703f6        0xc zephyr/drivers/serial/libdrivers__serial.a(uart_stm32.c.obj)
 .text.uart_stm32_irq_config_func_0
                0x0000000008070402       0x16 zephyr/drivers/serial/libdrivers__serial.a(uart_stm32.c.obj)
 .text.uart_stm32_irq_config_func_1
                0x0000000008070418       0x16 zephyr/drivers/serial/libdrivers__serial.a(uart_stm32.c.obj)
 .text.z_log_msg_runtime_create.constprop.0
                0x000000000807042e       0x20 zephyr/drivers/serial/libdrivers__serial.a(uart_stm32.c.obj)
 .text.uart_stm32_poll_out
                0x000000000807044e       0x36 zephyr/drivers/serial/libdrivers__serial.a(uart_stm32.c.obj)
 .text.uart_stm32_poll_in
                0x0000000008070484       0x22 zephyr/drivers/serial/libdrivers__serial.a(uart_stm32.c.obj)
 .text.uart_stm32_config_get
                0x00000000080704a6       0x8e zephyr/drivers/serial/libdrivers__serial.a(uart_stm32.c.obj)
 .text.uart_stm32_fifo_read
                0x0000000008070534       0x42 zephyr/drivers/serial/libdrivers__serial.a(uart_stm32.c.obj)
 .text.uart_stm32_fifo_fill
                0x0000000008070576       0x50 zephyr/drivers/serial/libdrivers__serial.a(uart_stm32.c.obj)
 .text.z_device_state_init
                0x00000000080705c6        0x2 zephyr/kernel/libkernel.a(device.c.obj)
                0x00000000080705c6                z_device_state_init
 .text.z_impl_device_is_ready
                0x00000000080705c8       0x16 zephyr/kernel/libkernel.a(device.c.obj)
                0x00000000080705c8                z_impl_device_is_ready
 .text.z_log_msg_runtime_create.constprop.0
                0x00000000080705de       0x20 zephyr/kernel/libkernel.a(fatal.c.obj)
 .text.arch_system_halt
                0x00000000080705fe       0x10 zephyr/kernel/libkernel.a(fatal.c.obj)
                0x00000000080705fe                arch_system_halt
 .text.do_device_init
                0x000000000807060e       0x2e zephyr/kernel/libkernel.a(init.c.obj)
 .text.z_early_memset
                0x000000000807063c        0x4 zephyr/kernel/libkernel.a(init.c.obj)
                0x000000000807063c                z_early_memset
 .text.z_early_memcpy
                0x0000000008070640        0x4 zephyr/kernel/libkernel.a(init.c.obj)
                0x0000000008070640                z_early_memcpy
 .text.z_init_static
                0x0000000008070644        0x2 zephyr/kernel/libkernel.a(init_static.c.obj)
                0x0000000008070644                z_init_static
 .text.idle     0x0000000008070646       0x16 zephyr/kernel/libkernel.a(idle.c.obj)
                0x0000000008070646                idle
 .text.adjust_owner_prio.isra.0
                0x000000000807065c       0x10 zephyr/kernel/libkernel.a(mutex.c.obj)
 .text.z_impl_k_mutex_init
                0x000000000807066c        0xe zephyr/kernel/libkernel.a(mutex.c.obj)
                0x000000000807066c                z_impl_k_mutex_init
 .text.z_impl_k_sem_init
                0x000000000807067a       0x18 zephyr/kernel/libkernel.a(sem.c.obj)
                0x000000000807067a                z_impl_k_sem_init
 .text.z_impl_k_thread_name_set
                0x0000000008070692        0x6 zephyr/kernel/libkernel.a(thread.c.obj)
                0x0000000008070692                z_impl_k_thread_name_set
 .text.k_thread_name_get
                0x0000000008070698        0x4 zephyr/kernel/libkernel.a(thread.c.obj)
                0x0000000008070698                k_thread_name_get
 .text.sys_dlist_remove
                0x000000000807069c       0x10 zephyr/kernel/libkernel.a(sched.c.obj)
 .text.unpend_thread_no_timeout
                0x00000000080706ac       0x14 zephyr/kernel/libkernel.a(sched.c.obj)
 .text.add_to_waitq_locked
                0x00000000080706c0       0x50 zephyr/kernel/libkernel.a(sched.c.obj)
 .text.z_ready_thread
                0x0000000008070710       0x1e zephyr/kernel/libkernel.a(sched.c.obj)
                0x0000000008070710                z_ready_thread
 .text.z_sched_wake_thread
                0x000000000807072e       0x3a zephyr/kernel/libkernel.a(sched.c.obj)
                0x000000000807072e                z_sched_wake_thread
 .text.z_thread_timeout
                0x0000000008070768        0x8 zephyr/kernel/libkernel.a(sched.c.obj)
                0x0000000008070768                z_thread_timeout
 .text.z_impl_k_sleep
                0x0000000008070770       0x3a zephyr/kernel/libkernel.a(sched.c.obj)
                0x0000000008070770                z_impl_k_sleep
 .text.next_timeout
                0x00000000080707aa       0x2e zephyr/kernel/libkernel.a(timeout.c.obj)
 .text.z_abort_timeout
                0x00000000080707d8       0x46 zephyr/kernel/libkernel.a(timeout.c.obj)
                0x00000000080707d8                z_abort_timeout
 .text.sys_clock_tick_get_32
                0x000000000807081e        0x8 zephyr/kernel/libkernel.a(timeout.c.obj)
                0x000000000807081e                sys_clock_tick_get_32
 .text.z_impl_k_uptime_ticks
                0x0000000008070826        0x4 zephyr/kernel/libkernel.a(timeout.c.obj)
                0x0000000008070826                z_impl_k_uptime_ticks
 *(SORT_BY_ALIGNMENT(.TEXT.*))
 *(SORT_BY_ALIGNMENT(.gnu.linkonce.t.*))
 *(SORT_BY_ALIGNMENT(.glue_7t))
 .glue_7t       0x000000000807082a        0x0 linker stubs
 *(SORT_BY_ALIGNMENT(.glue_7))
 .glue_7        0x000000000807082a        0x0 linker stubs
 *(SORT_BY_ALIGNMENT(.vfp11_veneer))
 .vfp11_veneer  0x000000000807082a        0x0 linker stubs
 *(SORT_BY_ALIGNMENT(.v4_bx))
 .v4_bx         0x000000000807082a        0x0 linker stubs
                0x000000000807082c                . = ALIGN (0x4)
 *fill*         0x000000000807082a        0x2 
                0x000000000807082c                __text_region_end = .

.ARM.exidx      0x000000000807082c        0x8
                0x000000000807082c                __exidx_start = .
 *(SORT_BY_ALIGNMENT(.ARM.exidx*) SORT_BY_ALIGNMENT(gnu.linkonce.armexidx.*))
 .ARM.exidx     0x000000000807082c        0x8 c:/zephyr-sdk-0.17.1-rc1_windows-x86_64/zephyr-sdk-0.17.1-rc1/arm-zephyr-eabi/bin/../lib/gcc/arm-zephyr-eabi/12.2.0/thumb/v7e-m/nofp\libgcc.a(_udivmoddi4.o)
                0x0000000008070834                __exidx_end = .
                0x0000000008070834                __rodata_region_start = .

initlevel       0x0000000008070834       0xa8
                0x0000000008070834                __init_start = .
                0x0000000008070834                __init_EARLY_start = .
 *(SORT_BY_NAME(SORT_BY_ALIGNMENT(.z_init_EARLY_P_?_*)))
 *(SORT_BY_NAME(SORT_BY_ALIGNMENT(.z_init_EARLY_P_??_*)))
 *(SORT_BY_NAME(SORT_BY_ALIGNMENT(.z_init_EARLY_P_???_*)))
                0x0000000008070834                __init_PRE_KERNEL_1_start = .
 *(SORT_BY_NAME(SORT_BY_ALIGNMENT(.z_init_PRE_KERNEL_1_P_?_*)))
 .z_init_PRE_KERNEL_1_P_1_SUB_00009_
                0x0000000008070834        0x8 zephyr/drivers/clock_control/libdrivers__clock_control.a(clock_stm32_ll_common.c.obj)
 .z_init_PRE_KERNEL_1_P_1_SUB_0_
                0x000000000807083c        0x8 zephyr/libzephyr.a(soc_config.c.obj)
 *(SORT_BY_NAME(SORT_BY_ALIGNMENT(.z_init_PRE_KERNEL_1_P_??_*)))
 .z_init_PRE_KERNEL_1_P_35_SUB_00047_
                0x0000000008070844        0x8 zephyr/drivers/reset/libdrivers__reset.a(reset_stm32.c.obj)
 .z_init_PRE_KERNEL_1_P_40_SUB_00014_
                0x000000000807084c        0x8 zephyr/drivers/gpio/libdrivers__gpio.a(gpio_stm32.c.obj)
 .z_init_PRE_KERNEL_1_P_40_SUB_00038_
                0x0000000008070854        0x8 zephyr/drivers/gpio/libdrivers__gpio.a(gpio_stm32.c.obj)
 .z_init_PRE_KERNEL_1_P_40_SUB_00041_
                0x000000000807085c        0x8 zephyr/drivers/gpio/libdrivers__gpio.a(gpio_stm32.c.obj)
 .z_init_PRE_KERNEL_1_P_40_SUB_00067_
                0x0000000008070864        0x8 zephyr/drivers/interrupt_controller/libdrivers__interrupt_controller.a(intc_exti_stm32.c.obj)
 .z_init_PRE_KERNEL_1_P_40_SUB_00106_
                0x000000000807086c        0x8 zephyr/drivers/gpio/libdrivers__gpio.a(gpio_stm32.c.obj)
 .z_init_PRE_KERNEL_1_P_40_SUB_00107_
                0x0000000008070874        0x8 zephyr/drivers/gpio/libdrivers__gpio.a(gpio_stm32.c.obj)
 .z_init_PRE_KERNEL_1_P_40_SUB_00108_
                0x000000000807087c        0x8 zephyr/drivers/gpio/libdrivers__gpio.a(gpio_stm32.c.obj)
 .z_init_PRE_KERNEL_1_P_40_SUB_00109_
                0x0000000008070884        0x8 zephyr/drivers/gpio/libdrivers__gpio.a(gpio_stm32.c.obj)
 .z_init_PRE_KERNEL_1_P_40_SUB_00110_
                0x000000000807088c        0x8 zephyr/drivers/gpio/libdrivers__gpio.a(gpio_stm32.c.obj)
 .z_init_PRE_KERNEL_1_P_50_SUB_00072_
                0x0000000008070894        0x8 zephyr/drivers/serial/libdrivers__serial.a(uart_stm32.c.obj)
 .z_init_PRE_KERNEL_1_P_50_SUB_00078_
                0x000000000807089c        0x8 zephyr/drivers/serial/libdrivers__serial.a(uart_stm32.c.obj)
 .z_init_PRE_KERNEL_1_P_60_SUB_0_
                0x00000000080708a4        0x8 zephyr/drivers/console/libdrivers__console.a(uart_console.c.obj)
 *(SORT_BY_NAME(SORT_BY_ALIGNMENT(.z_init_PRE_KERNEL_1_P_???_*)))
                0x00000000080708ac                __init_PRE_KERNEL_2_start = .
 *(SORT_BY_NAME(SORT_BY_ALIGNMENT(.z_init_PRE_KERNEL_2_P_?_*)))
 .z_init_PRE_KERNEL_2_P_0_SUB_0_
                0x00000000080708ac        0x8 zephyr/drivers/timer/libdrivers__timer.a(cortex_m_systick.c.obj)
 *(SORT_BY_NAME(SORT_BY_ALIGNMENT(.z_init_PRE_KERNEL_2_P_??_*)))
 *(SORT_BY_NAME(SORT_BY_ALIGNMENT(.z_init_PRE_KERNEL_2_P_???_*)))
                0x00000000080708b4                __init_POST_KERNEL_start = .
 *(SORT_BY_NAME(SORT_BY_ALIGNMENT(.z_init_POST_KERNEL_P_?_*)))
 .z_init_POST_KERNEL_P_0_SUB_0_
                0x00000000080708b4        0x8 zephyr/libzephyr.a(log_core.c.obj)
 *(SORT_BY_NAME(SORT_BY_ALIGNMENT(.z_init_POST_KERNEL_P_??_*)))
 .z_init_POST_KERNEL_P_35_SUB_0_
                0x00000000080708bc        0x8 zephyr/lib/libc/newlib/liblib__libc__newlib.a(libc-hooks.c.obj)
 .z_init_POST_KERNEL_P_50_SUB_00017_
                0x00000000080708c4        0x8 zephyr/drivers/i2c/libdrivers__i2c.a(i2c_ll_stm32.c.obj)
 .z_init_POST_KERNEL_P_50_SUB_00021_
                0x00000000080708cc        0x8 zephyr/drivers/i2c/libdrivers__i2c.a(i2c_ll_stm32.c.obj)
 .z_init_POST_KERNEL_P_50_SUB_00025_
                0x00000000080708d4        0x8 zephyr/drivers/i2c/libdrivers__i2c.a(i2c_ll_stm32.c.obj)
 *(SORT_BY_NAME(SORT_BY_ALIGNMENT(.z_init_POST_KERNEL_P_???_*)))
                0x00000000080708dc                __init_APPLICATION_start = .
 *(SORT_BY_NAME(SORT_BY_ALIGNMENT(.z_init_APPLICATION_P_?_*)))
 *(SORT_BY_NAME(SORT_BY_ALIGNMENT(.z_init_APPLICATION_P_??_*)))
 *(SORT_BY_NAME(SORT_BY_ALIGNMENT(.z_init_APPLICATION_P_???_*)))
                0x00000000080708dc                __init_SMP_start = .
 *(SORT_BY_NAME(SORT_BY_ALIGNMENT(.z_init_SMP_P_?_*)))
 *(SORT_BY_NAME(SORT_BY_ALIGNMENT(.z_init_SMP_P_??_*)))
 *(SORT_BY_NAME(SORT_BY_ALIGNMENT(.z_init_SMP_P_???_*)))
                0x00000000080708dc                __init_end = .

device_area     0x00000000080708dc      0x200
                0x00000000080708dc                _device_list_start = .
 *(SORT_BY_NAME(SORT_BY_ALIGNMENT(._device.static.*_?_*)))
 ._device.static.1_1_
                0x00000000080708dc       0x20 zephyr/drivers/clock_control/libdrivers__clock_control.a(clock_stm32_ll_common.c.obj)
                0x00000000080708dc                __device_dts_ord_9
 *(SORT_BY_NAME(SORT_BY_ALIGNMENT(._device.static.*_??_*)))
 ._device.static.1_35_
                0x00000000080708fc       0x20 zephyr/drivers/reset/libdrivers__reset.a(reset_stm32.c.obj)
                0x00000000080708fc                __device_dts_ord_47
 ._device.static.1_40_
                0x000000000807091c       0x20 zephyr/drivers/interrupt_controller/libdrivers__interrupt_controller.a(intc_exti_stm32.c.obj)
                0x000000000807091c                __device_dts_ord_67
 ._device.static.1_40_
                0x000000000807093c      0x100 zephyr/drivers/gpio/libdrivers__gpio.a(gpio_stm32.c.obj)
                0x000000000807093c                __device_dts_ord_110
                0x000000000807095c                __device_dts_ord_109
                0x000000000807097c                __device_dts_ord_108
                0x000000000807099c                __device_dts_ord_107
                0x00000000080709bc                __device_dts_ord_106
                0x00000000080709dc                __device_dts_ord_38
                0x00000000080709fc                __device_dts_ord_14
                0x0000000008070a1c                __device_dts_ord_41
 ._device.static.1_50_
                0x0000000008070a3c       0x40 zephyr/drivers/serial/libdrivers__serial.a(uart_stm32.c.obj)
                0x0000000008070a3c                __device_dts_ord_72
                0x0000000008070a5c                __device_dts_ord_78
 ._device.static.3_50_
                0x0000000008070a7c       0x60 zephyr/drivers/i2c/libdrivers__i2c.a(i2c_ll_stm32.c.obj)
                0x0000000008070a7c                __device_dts_ord_25
                0x0000000008070a9c                __device_dts_ord_21
                0x0000000008070abc                __device_dts_ord_17
 *(SORT_BY_NAME(SORT_BY_ALIGNMENT(._device.static.*_???_*)))
 *(SORT_BY_NAME(SORT_BY_ALIGNMENT(._device.static.*_????_*)))
 *(SORT_BY_NAME(SORT_BY_ALIGNMENT(._device.static.*_?????_*)))
                0x0000000008070adc                _device_list_end = .

sw_isr_table    0x0000000008070adc      0x308
                0x0000000008070adc                . = ALIGN (0x4)
 *(SORT_BY_ALIGNMENT(.gnu.linkonce.sw_isr_table*))
 .gnu.linkonce.sw_isr_table
                0x0000000008070adc      0x308 zephyr/CMakeFiles/zephyr_final.dir/isr_tables.c.obj
                0x0000000008070adc                _sw_isr_table

initlevel_error
                0x0000000008070834        0x0
 *(SORT_BY_NAME(SORT_BY_ALIGNMENT(.z_init_*)))
                0x0000000000000001                ASSERT ((SIZEOF (initlevel_error) == 0x0), Undefined initialization levels used.)

app_shmem_regions
                0x0000000008070de4        0x0
                0x0000000008070de4                __app_shmem_regions_start = .
 *(SORT_BY_NAME(SORT_BY_ALIGNMENT(.app_regions.*)))
                0x0000000008070de4                __app_shmem_regions_end = .

k_p4wq_initparam_area
                0x0000000008070de4        0x0
                0x0000000008070de4                _k_p4wq_initparam_list_start = .
 *(SORT_BY_NAME(SORT_BY_ALIGNMENT(._k_p4wq_initparam.static.*)))
                0x0000000008070de4                _k_p4wq_initparam_list_end = .

_static_thread_data_area
                0x0000000008070de4        0x0
                0x0000000008070de4                __static_thread_data_list_start = .
 *(SORT_BY_NAME(SORT_BY_ALIGNMENT(.__static_thread_data.static.*)))
                0x0000000008070de4                __static_thread_data_list_end = .

device_deps     0x0000000008070de4        0x0
                0x0000000008070de4                __device_deps_start = .
 *(SORT_BY_NAME(SORT_BY_ALIGNMENT(.__device_deps_pass2*)))
                0x0000000008070de4                __device_deps_end = .

gpio_driver_api_area
                0x0000000008070de4       0x24
                0x0000000008070de4                _gpio_driver_api_list_start = .
 *(SORT_BY_NAME(SORT_BY_ALIGNMENT(._gpio_driver_api.static.*)))
 ._gpio_driver_api.static.gpio_stm32_driver_
                0x0000000008070de4       0x24 zephyr/drivers/gpio/libdrivers__gpio.a(gpio_stm32.c.obj)
                0x0000000008070e08                _gpio_driver_api_list_end = .

i2c_driver_api_area
                0x0000000008070e08       0x18
                0x0000000008070e08                _i2c_driver_api_list_start = .
 *(SORT_BY_NAME(SORT_BY_ALIGNMENT(._i2c_driver_api.static.*)))
 ._i2c_driver_api.static.api_funcs_
                0x0000000008070e08       0x18 zephyr/drivers/i2c/libdrivers__i2c.a(i2c_ll_stm32.c.obj)
                0x0000000008070e20                _i2c_driver_api_list_end = .

i2c_target_driver_api_area
                0x0000000008070e20        0x0
                0x0000000008070e20                _i2c_target_driver_api_list_start = .
 *(SORT_BY_NAME(SORT_BY_ALIGNMENT(._i2c_target_driver_api.static.*)))
                0x0000000008070e20                _i2c_target_driver_api_list_end = .

reset_driver_api_area
                0x0000000008070e20       0x10
                0x0000000008070e20                _reset_driver_api_list_start = .
 *(SORT_BY_NAME(SORT_BY_ALIGNMENT(._reset_driver_api.static.*)))
 ._reset_driver_api.static.reset_stm32_driver_api_
                0x0000000008070e20       0x10 zephyr/drivers/reset/libdrivers__reset.a(reset_stm32.c.obj)
                0x0000000008070e30                _reset_driver_api_list_end = .

shared_irq_driver_api_area
                0x0000000008070e30        0x0
                0x0000000008070e30                _shared_irq_driver_api_list_start = .
 *(SORT_BY_NAME(SORT_BY_ALIGNMENT(._shared_irq_driver_api.static.*)))
                0x0000000008070e30                _shared_irq_driver_api_list_end = .

crypto_driver_api_area
                0x0000000008070e30        0x0
                0x0000000008070e30                _crypto_driver_api_list_start = .
 *(SORT_BY_NAME(SORT_BY_ALIGNMENT(._crypto_driver_api.static.*)))
                0x0000000008070e30                _crypto_driver_api_list_end = .

adc_driver_api_area
                0x0000000008070e30        0x0
                0x0000000008070e30                _adc_driver_api_list_start = .
 *(SORT_BY_NAME(SORT_BY_ALIGNMENT(._adc_driver_api.static.*)))
                0x0000000008070e30                _adc_driver_api_list_end = .

auxdisplay_driver_api_area
                0x0000000008070e30        0x0
                0x0000000008070e30                _auxdisplay_driver_api_list_start = .
 *(SORT_BY_NAME(SORT_BY_ALIGNMENT(._auxdisplay_driver_api.static.*)))
                0x0000000008070e30                _auxdisplay_driver_api_list_end = .

bbram_driver_api_area
                0x0000000008070e30        0x0
                0x0000000008070e30                _bbram_driver_api_list_start = .
 *(SORT_BY_NAME(SORT_BY_ALIGNMENT(._bbram_driver_api.static.*)))
                0x0000000008070e30                _bbram_driver_api_list_end = .

bt_hci_driver_api_area
                0x0000000008070e30        0x0
                0x0000000008070e30                _bt_hci_driver_api_list_start = .
 *(SORT_BY_NAME(SORT_BY_ALIGNMENT(._bt_hci_driver_api.static.*)))
                0x0000000008070e30                _bt_hci_driver_api_list_end = .

can_driver_api_area
                0x0000000008070e30        0x0
                0x0000000008070e30                _can_driver_api_list_start = .
 *(SORT_BY_NAME(SORT_BY_ALIGNMENT(._can_driver_api.static.*)))
                0x0000000008070e30                _can_driver_api_list_end = .

cellular_driver_api_area
                0x0000000008070e30        0x0
                0x0000000008070e30                _cellular_driver_api_list_start = .
 *(SORT_BY_NAME(SORT_BY_ALIGNMENT(._cellular_driver_api.static.*)))
                0x0000000008070e30                _cellular_driver_api_list_end = .

charger_driver_api_area
                0x0000000008070e30        0x0
                0x0000000008070e30                _charger_driver_api_list_start = .
 *(SORT_BY_NAME(SORT_BY_ALIGNMENT(._charger_driver_api.static.*)))
                0x0000000008070e30                _charger_driver_api_list_end = .

clock_control_driver_api_area
                0x0000000008070e30       0x1c
                0x0000000008070e30                _clock_control_driver_api_list_start = .
 *(SORT_BY_NAME(SORT_BY_ALIGNMENT(._clock_control_driver_api.static.*)))
 ._clock_control_driver_api.static.stm32_clock_control_api_
                0x0000000008070e30       0x1c zephyr/drivers/clock_control/libdrivers__clock_control.a(clock_stm32_ll_common.c.obj)
                0x0000000008070e4c                _clock_control_driver_api_list_end = .

comparator_driver_api_area
                0x0000000008070e4c        0x0
                0x0000000008070e4c                _comparator_driver_api_list_start = .
 *(SORT_BY_NAME(SORT_BY_ALIGNMENT(._comparator_driver_api.static.*)))
                0x0000000008070e4c                _comparator_driver_api_list_end = .

coredump_driver_api_area
                0x0000000008070e4c        0x0
                0x0000000008070e4c                _coredump_driver_api_list_start = .
 *(SORT_BY_NAME(SORT_BY_ALIGNMENT(._coredump_driver_api.static.*)))
                0x0000000008070e4c                _coredump_driver_api_list_end = .

counter_driver_api_area
                0x0000000008070e4c        0x0
                0x0000000008070e4c                _counter_driver_api_list_start = .
 *(SORT_BY_NAME(SORT_BY_ALIGNMENT(._counter_driver_api.static.*)))
                0x0000000008070e4c                _counter_driver_api_list_end = .

dac_driver_api_area
                0x0000000008070e4c        0x0
                0x0000000008070e4c                _dac_driver_api_list_start = .
 *(SORT_BY_NAME(SORT_BY_ALIGNMENT(._dac_driver_api.static.*)))
                0x0000000008070e4c                _dac_driver_api_list_end = .

dai_driver_api_area
                0x0000000008070e4c        0x0
                0x0000000008070e4c                _dai_driver_api_list_start = .
 *(SORT_BY_NAME(SORT_BY_ALIGNMENT(._dai_driver_api.static.*)))
                0x0000000008070e4c                _dai_driver_api_list_end = .

display_driver_api_area
                0x0000000008070e4c        0x0
                0x0000000008070e4c                _display_driver_api_list_start = .
 *(SORT_BY_NAME(SORT_BY_ALIGNMENT(._display_driver_api.static.*)))
                0x0000000008070e4c                _display_driver_api_list_end = .

dma_driver_api_area
                0x0000000008070e4c        0x0
                0x0000000008070e4c                _dma_driver_api_list_start = .
 *(SORT_BY_NAME(SORT_BY_ALIGNMENT(._dma_driver_api.static.*)))
                0x0000000008070e4c                _dma_driver_api_list_end = .

edac_driver_api_area
                0x0000000008070e4c        0x0
                0x0000000008070e4c                _edac_driver_api_list_start = .
 *(SORT_BY_NAME(SORT_BY_ALIGNMENT(._edac_driver_api.static.*)))
                0x0000000008070e4c                _edac_driver_api_list_end = .

eeprom_driver_api_area
                0x0000000008070e4c        0x0
                0x0000000008070e4c                _eeprom_driver_api_list_start = .
 *(SORT_BY_NAME(SORT_BY_ALIGNMENT(._eeprom_driver_api.static.*)))
                0x0000000008070e4c                _eeprom_driver_api_list_end = .

emul_bbram_driver_api_area
                0x0000000008070e4c        0x0
                0x0000000008070e4c                _emul_bbram_driver_api_list_start = .
 *(SORT_BY_NAME(SORT_BY_ALIGNMENT(._emul_bbram_driver_api.static.*)))
                0x0000000008070e4c                _emul_bbram_driver_api_list_end = .

fuel_gauge_emul_driver_api_area
                0x0000000008070e4c        0x0
                0x0000000008070e4c                _fuel_gauge_emul_driver_api_list_start = .
 *(SORT_BY_NAME(SORT_BY_ALIGNMENT(._fuel_gauge_emul_driver_api.static.*)))
                0x0000000008070e4c                _fuel_gauge_emul_driver_api_list_end = .

emul_sensor_driver_api_area
                0x0000000008070e4c        0x0
                0x0000000008070e4c                _emul_sensor_driver_api_list_start = .
 *(SORT_BY_NAME(SORT_BY_ALIGNMENT(._emul_sensor_driver_api.static.*)))
                0x0000000008070e4c                _emul_sensor_driver_api_list_end = .

entropy_driver_api_area
                0x0000000008070e4c        0x0
                0x0000000008070e4c                _entropy_driver_api_list_start = .
 *(SORT_BY_NAME(SORT_BY_ALIGNMENT(._entropy_driver_api.static.*)))
                0x0000000008070e4c                _entropy_driver_api_list_end = .

espi_driver_api_area
                0x0000000008070e4c        0x0
                0x0000000008070e4c                _espi_driver_api_list_start = .
 *(SORT_BY_NAME(SORT_BY_ALIGNMENT(._espi_driver_api.static.*)))
                0x0000000008070e4c                _espi_driver_api_list_end = .

espi_saf_driver_api_area
                0x0000000008070e4c        0x0
                0x0000000008070e4c                _espi_saf_driver_api_list_start = .
 *(SORT_BY_NAME(SORT_BY_ALIGNMENT(._espi_saf_driver_api.static.*)))
                0x0000000008070e4c                _espi_saf_driver_api_list_end = .

flash_driver_api_area
                0x0000000008070e4c        0x0
                0x0000000008070e4c                _flash_driver_api_list_start = .
 *(SORT_BY_NAME(SORT_BY_ALIGNMENT(._flash_driver_api.static.*)))
                0x0000000008070e4c                _flash_driver_api_list_end = .

fpga_driver_api_area